D/MobileDataStateTracker( 1255): supl: Broadcast received: android.intent.action.ANY_DATA_STATE apnType=supl
D/MobileDataStateTracker( 1255): supl: Received state=DISCONNECTED, old=DISCONNECTED, reason=simLoaded
D/MobileDataStateTracker( 1255): hipri: Broadcast received: android.intent.action.ANY_DATA_STATE apnType=hipri
D/MobileDataStateTracker( 1255): hipri: Received state=DISCONNECTED, old=DISCONNECTED, reason=simLoaded
D/MobileDataStateTracker( 1255): ims: Broadcast received: android.intent.action.ANY_DATA_STATE apnType=ims
D/MobileDataStateTracker( 1255): ims: Received state=DISCONNECTED, old=DISCONNECTED, reason=simLoaded
D/MobileDataStateTracker( 1255): mms: Broadcast received: android.intent.action.ANY_DATA_STATE apnType=mms
D/MobileDataStateTracker( 1255): mms: Received state=DISCONNECTED, old=DISCONNECTED, reason=simLoaded
D/MobileDataStateTracker( 1255): cbs: Broadcast received: android.intent.action.ANY_DATA_STATE apnType=cbs
D/MobileDataStateTracker( 1255): cbs: Received state=DISCONNECTED, old=DISCONNECTED, reason=simLoaded
D/MobileDataStateTracker( 1255): default: Broadcast received: android.intent.action.ANY_DATA_STATE apnType=default
D/MobileDataStateTracker( 1255): default: Received state=CONNECTING, old=DISCONNECTED, reason=simLoaded
D/MobileDataStateTracker( 1255): default: setDetailed state, old =IDLE and new state=CONNECTING
D/MobileDataStateTracker( 1255): fota: Broadcast received: android.intent.action.ANY_DATA_STATE apnType=fota
D/MobileDataStateTracker( 1255): fota: Received state=DISCONNECTED, old=DISCONNECTED, reason=connected
D/MobileDataStateTracker( 1255): ia: Broadcast received: android.intent.action.ANY_DATA_STATE apnType=ia
D/MobileDataStateTracker( 1255): ia: Received state=DISCONNECTED, old=DISCONNECTED, reason=connected
D/MobileDataStateTracker( 1255): supl: Broadcast received: android.intent.action.ANY_DATA_STATE apnType=supl
D/MobileDataStateTracker( 1255): supl: Received state=DISCONNECTED, old=DISCONNECTED, reason=connected
D/MobileDataStateTracker( 1255): hipri: Broadcast received: android.intent.action.ANY_DATA_STATE apnType=hipri
D/MobileDataStateTracker( 1255): hipri: Received state=DISCONNECTED, old=DISCONNECTED, reason=connected
D/MobileDataStateTracker( 1255): ims: Broadcast received: android.intent.action.ANY_DATA_STATE apnType=ims
D/MobileDataStateTracker( 1255): ims: Received state=DISCONNECTED, old=DISCONNECTED, reason=connected
D/MobileDataStateTracker( 1255): mms: Broadcast received: android.intent.action.ANY_DATA_STATE apnType=mms
D/MobileDataStateTracker( 1255): mms: Received state=DISCONNECTED, old=DISCONNECTED, reason=connected
D/MobileDataStateTracker( 1255): cbs: Broadcast received: android.intent.action.ANY_DATA_STATE apnType=cbs
D/MobileDataStateTracker( 1255): cbs: Received state=DISCONNECTED, old=DISCONNECTED, reason=connected
D/MobileDataStateTracker( 1255): default: Broadcast received: android.intent.action.ANY_DATA_STATE apnType=default
D/MobileDataStateTracker( 1255): default: Received state=CONNECTED, old=CONNECTING, reason=connected
D/MobileDataStateTracker( 1255): default: setDetailed state, old =CONNECTING and new state=CONNECTED
D/ConnectivityService( 1255): ConnectivityChange for mobile: CONNECTED/CONNECTED
D/ConnectivityService( 1255): ConnectivityChange checkMobileProvisioning for TYPE_MOBILE or ProvisioningNetwork
D/ConnectivityService( 1255): checkMobileProvisioning: E suggestedTimeOutMs=60000
D/ConnectivityService( 1255): setProvNotificationVisible: E visible=false networkType=5 extraInfo=null url=null
D/ConnectivityService( 1255): checkMobileProvisioning: params={ url=http://clients3.google.com/generate_204 mTimeOutMs=60000 mCb=com.android.server.ConnectivityService$5@b3115c30}
D/ConnectivityService( 1255): checkMobileProvisioning: X
D/MobileDataStateTracker( 1255): default: isProvisioningNetwork: retVal=false
D/ConnectivityService( 1255): [CheckMp] isMobileOk: isDefaultProvisioning=false
D/MobileDataStateTracker( 1255): hipri: isProvisioningNetwork: retVal=false
D/ConnectivityService( 1255): [CheckMp] isMobileOk: isHipriProvisioning=false
D/ConnectivityService( 1255): [CheckMp] isMobileOk: start hipri url=http://clients3.google.com/generate_204
D/Nat464Xlat( 1255): requiresClat: netType=0, hasIPv4Address=true
D/ConnectivityService( 1255): startUsingNetworkFeature reconnecting to 0: enableHIPRI
D/MobileDataStateTracker( 1255): hipri: Broadcast received: android.intent.action.ANY_DATA_STATE apnType=hipri
D/MobileDataStateTracker( 1255): hipri: Received state=CONNECTING, old=DISCONNECTED, reason=dataEnabled
D/MobileDataStateTracker( 1255): hipri: setDetailed state, old =IDLE and new state=CONNECTING
D/ConnectivityService( 1255): startUsingNetworkFeature X: return APN_REQUEST_STARTED
D/ConnectivityService( 1255): [CheckMp] isMobileOk: hipri started
D/ConnectivityService( 1255): [CheckMp] isMobileOk: not connected ni=NetworkInfo: type: mobile_hipri[UMTS], state: DISCONNECTED/IDLE, reason: (unspecified), extra: (none), roaming: false, failover: false, isAvailable: true, isConnectedToProvisioningNetwork: false
D/MobileDataStateTracker( 1255): fota: Broadcast received: android.intent.action.ANY_DATA_STATE apnType=fota
D/MobileDataStateTracker( 1255): fota: Received state=DISCONNECTED, old=DISCONNECTED, reason=dataEnabled
D/MobileDataStateTracker( 1255): ia: Broadcast received: android.intent.action.ANY_DATA_STATE apnType=ia
D/MobileDataStateTracker( 1255): ia: Received state=DISCONNECTED, old=DISCONNECTED, reason=dataEnabled
D/MobileDataStateTracker( 1255): supl: Broadcast received: android.intent.action.ANY_DATA_STATE apnType=supl
D/MobileDataStateTracker( 1255): supl: Received state=DISCONNECTED, old=DISCONNECTED, reason=dataEnabled
D/MobileDataStateTracker( 1255): ims: Broadcast received: android.intent.action.ANY_DATA_STATE apnType=ims
D/MobileDataStateTracker( 1255): ims: Received state=DISCONNECTED, old=DISCONNECTED, reason=dataEnabled
D/MobileDataStateTracker( 1255): mms: Broadcast received: android.intent.action.ANY_DATA_STATE apnType=mms
D/MobileDataStateTracker( 1255): mms: Received state=DISCONNECTED, old=DISCONNECTED, reason=dataEnabled
D/MobileDataStateTracker( 1255): cbs: Broadcast received: android.intent.action.ANY_DATA_STATE apnType=cbs
D/MobileDataStateTracker( 1255): cbs: Received state=DISCONNECTED, old=DISCONNECTED, reason=dataEnabled
D/MobileDataStateTracker( 1255): hipri: Broadcast received: android.intent.action.ANY_DATA_STATE apnType=hipri
D/MobileDataStateTracker( 1255): hipri: Received state=CONNECTED, old=CONNECTING, reason=dataEnabled
D/MobileDataStateTracker( 1255): hipri: setDetailed state, old =IDLE and new state=CONNECTED
D/ConnectivityService( 1255): ConnectivityChange for mobile_hipri: CONNECTED/CONNECTED
E/ConnectivityService( 1255): Exception trying to add a route: java.lang.IllegalStateException: command '12 interface fwmark exempt add 10.0.2.2/32' failed with '400 12 Failed to add exemption rule (File exists)'
E/ConnectivityService( 1255): Exception trying to add a route: java.lang.IllegalStateException: command '14 interface fwmark exempt add 10.0.2.3/32' failed with '400 14 Failed to add exemption rule (File exists)'
E/ConnectivityService( 1255): Exception trying to add a route: java.lang.IllegalStateException: command '15 interface route add eth0 secondary 10.0.2.2 32 0.0.0.0' failed with '400 15 ip route modification failed (No such device)'
W/FrameworkListener(  937): Handler 'interface' error (No such device)
E/ConnectivityService( 1255): Exception trying to add a route: java.lang.IllegalStateException: command '16 interface route add eth0 secondary 0.0.0.0 0 10.0.2.2' failed with '400 16 ip route modification failed (No such device)'
D/Nat464Xlat( 1255): requiresClat: netType=5, hasIPv4Address=true
I/WindowManager( 1255): Screen frozen for +781ms due to Window{b3179510 u0 StatusBar}
W/FrameworkListener(  937): Handler 'interface' error (No such device)
D/MobileDataStateTracker( 1255): hipri: isProvisioningNetwork: retVal=false
D/ConnectivityService( 1255): [CheckMp] isMobileOk: isProvisioningNetwork is false, continue
D/ConnectivityService( 1255): [CheckMp] isMobileOk: addresses=clients3.google.com/216.58.209.206
D/ConnectivityService( 1255): [CheckMp] isMobileOk: linkHasIpv4=true linkHasIpv6=false
E/ConnectivityService( 1255): Exception trying to add a route: java.lang.IllegalStateException: command '18 interface fwmark exempt add 10.0.2.2/32' failed with '400 18 Failed to add exemption rule (File exists)'
E/ConnectivityService( 1255): Exception trying to add a route: java.lang.IllegalStateException: command '20 interface fwmark exempt add 216.58.209.206/32' failed with '400 20 Failed to add exemption rule (File exists)'
D/ConnectivityService( 1255): requestRouteToHostAddress ok=false
D/ConnectivityService( 1255): [CheckMp] isMobileOk: could not establish route to hostAddr=clients3.google.com/216.58.209.206
I/ActivityManager( 1255): Start proc com.android.dialer for broadcast com.android.dialer/.calllog.CallLogReceiver: pid=1532 uid=10004 gids={50004, 3003, 1028, 1015}
V/WiredAccessoryManager( 1255): init()
I/PowerManagerService( 1255): Boot animation finished.
I/ActivityManager( 1255): Start proc com.android.providers.calendar for broadcast com.android.providers.calendar/.CalendarReceiver: pid=1551 uid=10001 gids={50001, 3003, 1028, 1015}
I/BootReceiver( 1255): Copying audit failures to DropBox
I/BootReceiver( 1255): Checking for fsck errors
I/ActivityManager( 1255): Delay finish: com.android.providers.media/.MediaScannerReceiver
I/ActivityManager( 1255): Resuming delayed broadcast
I/ActivityManager( 1255): Start proc com.android.mms for broadcast com.android.mms/.transaction.MmsSystemEventReceiver: pid=1576 uid=10009 gids={50009, 3003, 1028, 1015}
I/ActivityManager( 1255): Delay finish: com.android.mms/.transaction.MmsSystemEventReceiver
I/ActivityManager( 1255): Resuming delayed broadcast
I/ActivityManager( 1255): Delay finish: com.android.mms/.transaction.SmsReceiver
I/ActivityManager( 1255): Resuming delayed broadcast
I/ActivityManager( 1255): Start proc com.android.calendar for broadcast com.android.calendar/.alerts.AlertReceiver: pid=1604 uid=10016 gids={50016, 3003}
I/ActivityManager( 1255): Delay finish: com.android.calendar/.alerts.AlertReceiver
I/ActivityManager( 1255): Resuming delayed broadcast
I/ActivityManager( 1255): Start proc com.android.deskclock for broadcast com.android.deskclock/.AlarmInitReceiver: pid=1625 uid=10020 gids={50020, 1028}
I/ActivityManager( 1255): Start proc com.android.email for broadcast com.android.email/.service.EmailBroadcastReceiver: pid=1641 uid=10024 gids={50024, 3003, 1028, 1015}
D/ActivityThread( 1641): Loading provider com.android.email.provider;com.android.email.notifier: com.android.email.provider.EmailProvider
I/ActivityManager( 1255): Delay finish: com.android.email/.service.EmailBroadcastReceiver
W/ActivityManager( 1255): Unable to start service Intent { cmp=com.android.email/.service.AttachmentDownloadService } U=0: not found
I/ActivityManager( 1255): Delaying start of: ServiceRecord{b31861d0 u0 com.android.exchange/.service.EmailSyncAdapterService}
W/ActivityManager( 1255): Unable to start service Intent { cmp=com.android.email/.service.AttachmentDownloadService } U=0: not found
I/ActivityManager( 1255): Start proc com.android.exchange for service com.android.exchange/.service.EmailSyncAdapterService: pid=1661 uid=10025 gids={50025, 3003, 1028, 1015}
I/ActivityManager( 1255): Resuming delayed broadcast
I/ActivityManager( 1255): Delay finish: com.android.calendar/.alerts.AlertReceiver
E/ConnectivityService( 1255): Exception trying to add a route: java.lang.IllegalStateException: command '22 interface fwmark exempt add 10.0.2.2/32' failed with '400 22 Failed to add exemption rule (File exists)'
E/ConnectivityService( 1255): Exception trying to add a route: java.lang.IllegalStateException: command '24 interface fwmark exempt add 216.58.209.206/32' failed with '400 24 Failed to add exemption rule (File exists)'
D/ConnectivityService( 1255): requestRouteToHostAddress ok=false
D/ConnectivityService( 1255): [CheckMp] isMobileOk: could not establish route to hostAddr=clients3.google.com/216.58.209.206
E/ConnectivityService( 1255): Exception trying to add a route: java.lang.IllegalStateException: command '26 interface fwmark exempt add 10.0.2.2/32' failed with '400 26 Failed to add exemption rule (File exists)'
E/ConnectivityService( 1255): Exception trying to add a route: java.lang.IllegalStateException: command '28 interface fwmark exempt add 216.58.209.206/32' failed with '400 28 Failed to add exemption rule (File exists)'
D/ConnectivityService( 1255): requestRouteToHostAddress ok=false
D/ConnectivityService( 1255): [CheckMp] isMobileOk: could not establish route to hostAddr=clients3.google.com/216.58.209.206
I/ActivityManager( 1255): Resuming delayed broadcast
I/ActivityManager( 1255): Delay finish: com.android.providers.calendar/.CalendarProviderBroadcastReceiver
I/ActivityManager( 1255): Resuming delayed broadcast
E/ConnectivityService( 1255): Exception trying to add a route: java.lang.IllegalStateException: command '30 interface fwmark exempt add 10.0.2.2/32' failed with '400 30 Failed to add exemption rule (File exists)'
E/ConnectivityService( 1255): Exception trying to add a route: java.lang.IllegalStateException: command '32 interface fwmark exempt add 216.58.209.206/32' failed with '400 32 Failed to add exemption rule (File exists)'
D/ConnectivityService( 1255): requestRouteToHostAddress ok=false
D/ConnectivityService( 1255): [CheckMp] isMobileOk: could not establish route to hostAddr=clients3.google.com/216.58.209.206
D/ConnectivityService( 1255): [CheckMp] isMobileOk: too many loops tried - giving up
D/ConnectivityService( 1255): [CheckMp] isMobileOk: X loops|timed out result=0
D/ConnectivityService( 1255): [CheckMp] isMobileOk: F stop hipri
D/MobileDataStateTracker( 1255): default: setEnableFailFastMobileData(enabled=0)
D/ConnectivityService( 1255): stopUsingNetworkFeature: teardown net 0: enableHIPRI
D/MobileDataStateTracker( 1255): hipri: Broadcast received: android.intent.action.ANY_DATA_STATE apnType=hipri
D/MobileDataStateTracker( 1255): hipri: Received state=DISCONNECTED, old=CONNECTED, reason=dataDisabled
D/MobileDataStateTracker( 1255): hipri: setDetailed state, old =CONNECTED and new state=DISCONNECTED
D/ConnectivityService( 1255): ConnectivityChange for mobile_hipri: DISCONNECTED/DISCONNECTED
W/FrameworkListener(  937): Handler 'interface' error (No such device)
W/FrameworkListener(  937): Handler 'interface' error (No such device)
D/Nat464Xlat( 1255): requiresClat: netType=5, hasIPv4Address=true
I/ActivityManager( 1255): Waited long enough for: ServiceRecord{b318f008 u0 com.android.music/.MediaPlaybackService}
I/ActivityManager( 1255): Waited long enough for: ServiceRecord{b30d99d8 u0 com.android.calendar/.alerts.InitAlarmsService}
D/ConnectivityService( 1255): [CheckMp] isMobileOk: X result=0
D/ConnectivityService( 1255): [CheckMp] onPostExecute: result=0
D/ConnectivityService( 1255): CheckMp.onComplete: result=0
D/ConnectivityService( 1255): CheckMp.onComplete: ignore, connected or no connection
D/ConnectivityService( 1255): Sampling interval elapsed, updating statistics ..
D/ConnectivityService( 1255): Done.
D/ConnectivityService( 1255): Setting timer for 720seconds
I/ActivityManager( 1255): Start proc com.android.defcontainer for service com.android.defcontainer/.DefaultContainerService: pid=1728 uid=10003 gids={50003, 1028, 1015, 1023, 2001, 1035}
W/ActivityManager( 1255): No content provider found for permission revoke: file:///data/local/tmp/com.example.semitop7.FireTVStyle
W/ActivityManager( 1255): No content provider found for permission revoke: file:///data/local/tmp/com.example.semitop7.FireTVStyle
I/PackageManager( 1255): Copying native libraries to /data/app-lib/vmdl-83572813
I/PackageManager( 1255): Package com.example.semitop7.FireTVStyle codePath changed from /data/app/com.example.semitop7.FireTVStyle-1.apk to /data/app/com.example.semitop7.FireTVStyle-2.apk; Retaining data and using new
W/PackageManager( 1255): Code path for pkg : com.example.semitop7.FireTVStyle changing from /data/app/com.example.semitop7.FireTVStyle-1.apk to /data/app/com.example.semitop7.FireTVStyle-2.apk
W/PackageManager( 1255): Resource path for pkg : com.example.semitop7.FireTVStyle changing from /data/app/com.example.semitop7.FireTVStyle-1.apk to /data/app/com.example.semitop7.FireTVStyle-2.apk
I/ActivityManager( 1255): Force stopping com.example.semitop7.FireTVStyle appid=10047 user=-1: update pkg
W/PackageSettings( 1255): Skipping PackageSetting{b2f90770 com.example.sem_top7.gridlayout/10050} due to missing metadata
W/PackageSettings( 1255): Skipping PackageSetting{b2f95490 com.example.semitop7.mydpadkeyboard/10045} due to missing metadata
W/PackageSettings( 1255): Skipping PackageSetting{b2f97490 com.example.semitop7.firetvbestkeyboard/10049} due to missing metadata
W/PackageSettings( 1255): Skipping PackageSetting{b2f98920 org.pocketworkstation.pckeyboard/10048} due to missing metadata
W/PackageSettings( 1255): Skipping PackageSetting{b2f9b6e0 dkc.video.fsbox/10046} due to missing metadata
W/PackageSettings( 1255): Skipping PackageSetting{b2f90770 com.example.sem_top7.gridlayout/10050} due to missing metadata
W/PackageSettings( 1255): Skipping PackageSetting{b2f95490 com.example.semitop7.mydpadkeyboard/10045} due to missing metadata
W/PackageSettings( 1255): Skipping PackageSetting{b2f97490 com.example.semitop7.firetvbestkeyboard/10049} due to missing metadata
W/PackageSettings( 1255): Skipping PackageSetting{b2f98920 org.pocketworkstation.pckeyboard/10048} due to missing metadata
W/PackageSettings( 1255): Skipping PackageSetting{b2f9b6e0 dkc.video.fsbox/10046} due to missing metadata
I/ActivityManager( 1255): Start proc com.svox.pico for broadcast com.svox.pico/.VoiceDataInstallerReceiver: pid=1743 uid=10037 gids={50037, 1028, 1015}
D/BackupManagerService( 1255): Received broadcast Intent { act=android.intent.action.PACKAGE_ADDED dat=package:com.example.semitop7.FireTVStyle flg=0x4000010 (has extras) }
V/BackupManagerService( 1255): addPackageParticipantsLocked: #1
I/PackageManager( 1255): Adding preferred activity ComponentInfo{com.android.mms/com.android.mms.ui.ComposeMessageActivity} for user 0 :
I/PackageManager( 1255): Adding preferred activity ComponentInfo{com.android.mms/com.android.mms.ui.ComposeMessageActivity} for user 0 :
I/PackageManager( 1255): Adding preferred activity ComponentInfo{com.android.mms/com.android.mms.ui.ComposeMessageActivity} for user 0 :
I/PackageManager( 1255): Adding preferred activity ComponentInfo{com.android.mms/com.android.mms.ui.ComposeMessageActivity} for user 0 :
I/PackageManager( 1255): Adding preferred activity ComponentInfo{com.android.mms/com.android.mms.ui.ComposeMessageActivity} for user 0 :
I/PackageManager( 1255): Adding preferred activity ComponentInfo{com.android.mms/com.android.mms.ui.ComposeMessageActivity} for user 0 :
I/PackageManager( 1255): Adding preferred activity ComponentInfo{com.android.mms/com.android.mms.ui.ComposeMessageActivity} for user 0 :
I/PackageManager( 1255): Adding preferred activity ComponentInfo{com.android.mms/com.android.mms.ui.ComposeMessageActivity} for user 0 :
I/ActivityManager( 1255): START u0 {act=android.intent.action.MAIN cat=[android.intent.category.LAUNCHER] flg=0x10000000 cmp=com.example.semitop7.FireTVStyle/.MainActivity} from pid 1761
I/ActivityManager( 1255): Start proc com.example.semitop7.FireTVStyle for activity com.example.semitop7.FireTVStyle/.MainActivity: pid=1771 uid=10047 gids={50047}
I/ActivityManager( 1255): START u0 {act=android.intent.action.MAIN cat=[android.intent.category.HOME] flg=0x10200000 cmp=com.android.launcher/com.android.launcher2.Launcher} from pid 1255
W/InputMethodManagerService( 1255): Starting input on non-focused client com.android.internal.view.IInputMethodClient$Stub$Proxy@b31005f0 (uid=10047 pid=1771)
I/ActivityManager( 1255): START u0 {act=android.intent.action.MAIN cat=[android.intent.category.LAUNCHER] flg=0x10200000 cmp=com.android.settings/.Settings} from pid 1401
I/ActivityManager( 1255): START u0 {act=android.intent.action.MAIN cmp=com.android.settings/.SubSettings (has extras)} from pid 1433
W/InputMethodUtils( 1433): Found no subtypes in a system IME: com.android.inputmethod.pinyin
I/ActivityManager( 1255): START u0 {act=android.intent.action.MAIN cmp=com.android.settings/.SubSettings (has extras)} from pid 1433
W/ActivityManager( 1255): No content provider found for permission revoke: file:///data/local/tmp/com.example.semitop7.FireTVStyle
W/ActivityManager( 1255): No content provider found for permission revoke: file:///data/local/tmp/com.example.semitop7.FireTVStyle
I/PackageManager( 1255): Copying native libraries to /data/app-lib/vmdl1224736212
I/ActivityManager( 1255): Force stopping com.example.semitop7.FireTVStyle appid=10047 user=-1: uninstall pkg
I/ActivityManager( 1255): Killing 1771:com.example.semitop7.FireTVStyle/u0a47 (adj 7): stop com.example.semitop7.FireTVStyle
I/WindowState( 1255): WIN DEATH: Window{b3132d70 u0 com.example.semitop7.FireTVStyle/com.example.semitop7.FireTVStyle.MainActivity}
I/ActivityManager( 1255):   Force finishing activity ActivityRecord{b3163060 u0 com.example.semitop7.FireTVStyle/.MainActivity t2}
W/PackageSettings( 1255): Skipping PackageSetting{b2f90770 com.example.sem_top7.gridlayout/10050} due to missing metadata
W/PackageSettings( 1255): Skipping PackageSetting{b2f95490 com.example.semitop7.mydpadkeyboard/10045} due to missing metadata
W/PackageSettings( 1255): Skipping PackageSetting{b2f97490 com.example.semitop7.firetvbestkeyboard/10049} due to missing metadata
W/PackageSettings( 1255): Skipping PackageSetting{b2f98920 org.pocketworkstation.pckeyboard/10048} due to missing metadata
W/PackageSettings( 1255): Skipping PackageSetting{b2f9b6e0 dkc.video.fsbox/10046} due to missing metadata
I/PackageManager( 1255): Package com.example.semitop7.FireTVStyle codePath changed from /data/app/com.example.semitop7.FireTVStyle-2.apk to /data/app/com.example.semitop7.FireTVStyle-1.apk; Retaining data and using new
W/PackageManager( 1255): Code path for pkg : com.example.semitop7.FireTVStyle changing from /data/app/com.example.semitop7.FireTVStyle-2.apk to /data/app/com.example.semitop7.FireTVStyle-1.apk
W/PackageManager( 1255): Resource path for pkg : com.example.semitop7.FireTVStyle changing from /data/app/com.example.semitop7.FireTVStyle-2.apk to /data/app/com.example.semitop7.FireTVStyle-1.apk
I/ActivityManager( 1255): Force stopping com.example.semitop7.FireTVStyle appid=10047 user=-1: update pkg
W/PackageSettings( 1255): Skipping PackageSetting{b2f90770 com.example.sem_top7.gridlayout/10050} due to missing metadata
W/PackageSettings( 1255): Skipping PackageSetting{b2f95490 com.example.semitop7.mydpadkeyboard/10045} due to missing metadata
W/PackageSettings( 1255): Skipping PackageSetting{b2f97490 com.example.semitop7.firetvbestkeyboard/10049} due to missing metadata
W/PackageSettings( 1255): Skipping PackageSetting{b2f98920 org.pocketworkstation.pckeyboard/10048} due to missing metadata
W/PackageSettings( 1255): Skipping PackageSetting{b2f9b6e0 dkc.video.fsbox/10046} due to missing metadata
W/PackageSettings( 1255): Skipping PackageSetting{b2f90770 com.example.sem_top7.gridlayout/10050} due to missing metadata
W/PackageSettings( 1255): Skipping PackageSetting{b2f95490 com.example.semitop7.mydpadkeyboard/10045} due to missing metadata
W/PackageSettings( 1255): Skipping PackageSetting{b2f97490 com.example.semitop7.firetvbestkeyboard/10049} due to missing metadata
W/PackageSettings( 1255): Skipping PackageSetting{b2f98920 org.pocketworkstation.pckeyboard/10048} due to missing metadata
W/PackageSettings( 1255): Skipping PackageSetting{b2f9b6e0 dkc.video.fsbox/10046} due to missing metadata
I/ActivityManager( 1255): Force stopping com.example.semitop7.FireTVStyle appid=10047 user=0: pkg removed
D/BackupManagerService( 1255): Received broadcast Intent { act=android.intent.action.PACKAGE_REMOVED dat=package:com.example.semitop7.FireTVStyle flg=0x4000010 (has extras) }
I/PackageManager( 1255): Adding preferred activity ComponentInfo{com.android.mms/com.android.mms.ui.ComposeMessageActivity} for user 0 :
I/ActivityManager( 1255): Start proc com.android.keychain for broadcast com.android.keychain/.KeyChainBroadcastReceiver: pid=2102 uid=1000 gids={41000, 1028, 1015, 3002, 3001, 3003}
D/BackupManagerService( 1255): Received broadcast Intent { act=android.intent.action.PACKAGE_ADDED dat=package:com.example.semitop7.FireTVStyle flg=0x4000010 (has extras) }
V/BackupManagerService( 1255): removePackageParticipantsLocked: uid=10047 #1
V/BackupManagerService( 1255): addPackageParticipantsLocked: #1
I/ActivityManager( 1255): Config changes=2004 {1.0 310mcc260mnc ru_RU ldltr sw1066dp w1066dp h1681dp 120dpi xlrg port finger qwerty/v/v dpad/v s.6}
I/PackageManager( 1255): Adding preferred activity ComponentInfo{com.android.mms/com.android.mms.ui.ComposeMessageActivity} for user 0 :
I/PackageManager( 1255): Adding preferred activity ComponentInfo{com.android.mms/com.android.mms.ui.ComposeMessageActivity} for user 0 :
I/PackageManager( 1255): Adding preferred activity ComponentInfo{com.android.mms/com.android.mms.ui.ComposeMessageActivity} for user 0 :
I/PackageManager( 1255): Adding preferred activity ComponentInfo{com.android.mms/com.android.mms.ui.ComposeMessageActivity} for user 0 :
I/PackageManager( 1255): Adding preferred activity ComponentInfo{com.android.mms/com.android.mms.ui.ComposeMessageActivity} for user 0 :
I/PackageManager( 1255): Adding preferred activity ComponentInfo{com.android.mms/com.android.mms.ui.ComposeMessageActivity} for user 0 :
W/InputMethodUtils( 1255): Found no subtypes in a system IME: com.android.inputmethod.pinyin
I/InputMethodManagerService( 1255): Selected default: com.android.inputmethod.latin/.LatinIME
W/ContextImpl( 2102): Calling a method in the system process without a qualified user: android.app.ContextImpl.startService:1487 android.content.ContextWrapper.startService:494 android.content.ContextWrapper.startService:494 com.android.keychain.KeyChainBroadcastReceiver.onReceive:12 android.app.ActivityThread.handleReceiver:2407 
I/PackageManager( 1255): Adding preferred activity ComponentInfo{com.android.mms/com.android.mms.ui.ComposeMessageActivity} for user 0 :
W/InputMethodManagerService( 1255): Illegal subtype state: old subtype = null, new subtype = android.view.inputmethod.InputMethodSubtype@763a8752
I/PackageManager( 1255): Adding preferred activity ComponentInfo{com.android.mms/com.android.mms.ui.ComposeMessageActivity} for user 0 :
W/InputMethodUtils( 1433): Found no subtypes in a system IME: com.android.inputmethod.pinyin
I/PackageManager( 1255): Adding preferred activity ComponentInfo{com.android.mms/com.android.mms.ui.ComposeMessageActivity} for user 0 :
I/PackageManager( 1255): Adding preferred activity ComponentInfo{com.android.mms/com.android.mms.ui.ComposeMessageActivity} for user 0 :
I/PackageManager( 1255): Adding preferred activity ComponentInfo{com.android.mms/com.android.mms.ui.ComposeMessageActivity} for user 0 :
I/PackageManager( 1255): Adding preferred activity ComponentInfo{com.android.mms/com.android.mms.ui.ComposeMessageActivity} for user 0 :
I/PackageManager( 1255): Adding preferred activity ComponentInfo{com.android.mms/com.android.mms.ui.ComposeMessageActivity} for user 0 :
I/PackageManager( 1255): Adding preferred activity ComponentInfo{com.android.mms/com.android.mms.ui.ComposeMessageActivity} for user 0 :
I/PackageManager( 1255): Adding preferred activity ComponentInfo{com.android.mms/com.android.mms.ui.ComposeMessageActivity} for user 0 :
I/PackageManager( 1255): Adding preferred activity ComponentInfo{com.android.mms/com.android.mms.ui.ComposeMessageActivity} for user 0 :
I/PackageManager( 1255): Adding preferred activity ComponentInfo{com.android.mms/com.android.mms.ui.ComposeMessageActivity} for user 0 :
I/PackageManager( 1255): Adding preferred activity ComponentInfo{com.android.mms/com.android.mms.ui.ComposeMessageActivity} for user 0 :
I/PackageManager( 1255): Adding preferred activity ComponentInfo{com.android.mms/com.android.mms.ui.ComposeMessageActivity} for user 0 :
I/PackageManager( 1255): Adding preferred activity ComponentInfo{com.android.mms/com.android.mms.ui.ComposeMessageActivity} for user 0 :
I/PackageManager( 1255): Adding preferred activity ComponentInfo{com.android.mms/com.android.mms.ui.ComposeMessageActivity} for user 0 :
I/PackageManager( 1255): Adding preferred activity ComponentInfo{com.android.mms/com.android.mms.ui.ComposeMessageActivity} for user 0 :
W/InputMethodUtils( 1433): Found no subtypes in a system IME: com.android.inputmethod.pinyin
I/PackageManager( 1255): Adding preferred activity ComponentInfo{com.android.mms/com.android.mms.ui.ComposeMessageActivity} for user 0 :
I/ActivityManager( 1255): START u0 {act=android.intent.action.MAIN cat=[android.intent.category.LAUNCHER] flg=0x10000000 cmp=com.example.semitop7.FireTVStyle/.MainActivity} from pid 2126
I/ActivityManager( 1255): Start proc com.example.semitop7.FireTVStyle for activity com.example.semitop7.FireTVStyle/.MainActivity: pid=2140 uid=10047 gids={50047}
I/ActivityManager( 1255): START u0 {act=android.intent.action.MAIN cat=[android.intent.category.HOME] flg=0x10200000 cmp=com.android.launcher/com.android.launcher2.Launcher} from pid 1255
I/ActivityManager( 1255): START u0 {act=android.search.action.GLOBAL_SEARCH flg=0x10000000 cmp=com.android.quicksearchbox/.SearchActivity bnds=[54,57][746,96] (has extras)} from pid 1401
I/ActivityManager( 1255): Start proc com.android.quicksearchbox for activity com.android.quicksearchbox/.SearchActivity: pid=2224 uid=10041 gids={50041, 3003}
I/ActivityManager( 1255): START u0 {act=android.intent.action.MAIN cat=[android.intent.category.HOME] flg=0x10200000 cmp=com.android.launcher/com.android.launcher2.Launcher} from pid 1255
W/InputMethodManagerService( 1255): Starting input on non-focused client com.android.internal.view.IInputMethodClient$Stub$Proxy@b3155250 (uid=10041 pid=2224)
I/ActivityManager( 1255): START u0 {act=android.intent.action.MAIN cat=[android.intent.category.LAUNCHER] flg=0x10200000 cmp=com.android.settings/.Settings} from pid 1401
I/ActivityManager( 1255): START u0 {act=android.intent.action.MAIN cmp=com.android.settings/.SubSettings (has extras)} from pid 1433
W/InputMethodUtils( 1433): Found no subtypes in a system IME: com.android.inputmethod.pinyin
W/InputMethodManagerService( 1255): Window already focused, ignoring focus gain of: com.android.internal.view.IInputMethodClient$Stub$Proxy@b3274510 attribute=null, token = android.os.BinderProxy@b31a3b80
V/InputMethodManagerService( 1255): Adding window token: android.os.Binder@b30909c8
I/ActivityManager( 1255): START u0 {act=android.intent.action.MAIN cat=[android.intent.category.HOME] flg=0x10200000 cmp=com.android.launcher/com.android.launcher2.Launcher} from pid 1255
W/InputMethodManagerService( 1255): Starting input on non-focused client com.android.internal.view.IInputMethodClient$Stub$Proxy@b3199120 (uid=1000 pid=1433)
I/ActivityManager( 1255): START u0 {act=android.search.action.GLOBAL_SEARCH flg=0x10000000 cmp=com.android.quicksearchbox/.SearchActivity bnds=[54,57][746,96] (has extras)} from pid 1401
W/InputMethodManagerService( 1255): Starting input on non-focused client com.android.internal.view.IInputMethodClient$Stub$Proxy@b3155250 (uid=10041 pid=2224)
W/InputMethodManagerService( 1255): Starting input on non-focused client com.android.internal.view.IInputMethodClient$Stub$Proxy@b30904c8 (uid=10008 pid=1401)
I/ActivityManager( 1255): START u0 {act=android.intent.action.WEB_SEARCH flg=0x14000000 cmp=com.android.quicksearchbox/.google.GoogleSearch (has extras)} from pid 2224
I/ActivityManager( 1255): START u0 {act=android.intent.action.VIEW dat=http://www.google.com/search?hl=ru&source=android-launcher-search&q=гомункул flg=0x10000000 cmp=com.android.browser/.BrowserActivity (has extras)} from pid 2224
I/ActivityManager( 1255): Start proc com.android.browser for activity com.android.browser/.BrowserActivity: pid=2699 uid=10014 gids={50014, 3003, 1028, 1015}
E/ActivityThread( 2699): Failed to find provider info for com.google.settings
E/ActivityThread( 2699): Failed to find provider info for com.google.settings
I/ActivityManager( 1255): START u0 {act=android.intent.action.MAIN cat=[android.intent.category.HOME] flg=0x10200000 cmp=com.android.launcher/com.android.launcher2.Launcher} from pid 1255
W/InputMethodManagerService( 1255): Starting input on non-focused client com.android.internal.view.IInputMethodClient$Stub$Proxy@b31d6900 (uid=10014 pid=2699)
I/ActivityManager( 1255): START u0 {act=android.search.action.GLOBAL_SEARCH flg=0x10000000 cmp=com.android.quicksearchbox/.SearchActivity bnds=[54,57][746,96] (has extras)} from pid 1401
W/InputMethodManagerService( 1255): Starting input on non-focused client com.android.internal.view.IInputMethodClient$Stub$Proxy@b3155250 (uid=10041 pid=2224)
W/InputMethodManagerService( 1255): Starting input on non-focused client com.android.internal.view.IInputMethodClient$Stub$Proxy@b30904c8 (uid=10008 pid=1401)
I/ActivityManager( 1255): START u0 {act=android.search.action.GLOBAL_SEARCH flg=0x10000000 cmp=com.android.quicksearchbox/.SearchActivity bnds=[54,57][746,96] (has extras)} from pid 1401
I/ActivityManager( 1255): START u0 {act=android.search.action.GLOBAL_SEARCH flg=0x10000000 cmp=com.android.quicksearchbox/.SearchActivity bnds=[54,57][746,96] (has extras)} from pid 1401
I/ActivityManager( 1255): START u0 {act=android.intent.action.SEARCH flg=0x14000000 cmp=com.android.quicksearchbox/.google.GoogleSearch (has extras)} from pid 2224
I/ActivityManager( 1255): START u0 {act=android.intent.action.VIEW dat=http://www.google.com/search?hl=ru&source=android-launcher-search&q=мопс flg=0x10000000 cmp=com.android.browser/.BrowserActivity (has extras)} from pid 2224
I/ActivityManager( 1255): START u0 {act=android.intent.action.MAIN cat=[android.intent.category.HOME] flg=0x10200000 cmp=com.android.launcher/com.android.launcher2.Launcher} from pid 1255
W/InputMethodManagerService( 1255): Starting input on non-focused client com.android.internal.view.IInputMethodClient$Stub$Proxy@b31d6900 (uid=10014 pid=2699)
I/ActivityManager( 1255): START u0 {act=android.intent.action.MAIN cat=[android.intent.category.LAUNCHER] flg=0x10200000 cmp=com.android.mms/.ui.ConversationList} from pid 1401
W/InputMethodManagerService( 1255): Window already focused, ignoring focus gain of: com.android.internal.view.IInputMethodClient$Stub$Proxy@b31ea060 attribute=android.view.inputmethod.EditorInfo@b31ea070, token = android.os.BinderProxy@b3229838
I/ActivityManager( 1255): START u0 {act=android.intent.action.MAIN cat=[android.intent.category.LAUNCHER] flg=0x10200000 cmp=com.android.email/.activity.Welcome} from pid 1401
W/ActivityManager( 1255): Unable to start service Intent { cmp=com.android.email/.service.AttachmentDownloadService } U=0: not found
I/ActivityManager( 1255): START u0 {act=android.intent.action.EDIT dat=content://ui.email.android.com/settings cmp=com.android.email/.activity.setup.AccountSettings (has extras)} from pid 1641
I/ActivityManager( 1255): START u0 {flg=0x2000000 cmp=com.android.email/.activity.setup.AccountSetupBasics (has extras)} from pid 1641
W/ActivityManager( 1255): Unable to start service Intent { act=com.android.mail.action.BACKUP_DATA_CHANGED } U=0: not found
W/ActivityManager( 1255): Unable to start service Intent { act=com.android.mail.action.BACKUP_DATA_CHANGED } U=0: not found
W/InputMethodManagerService( 1255): Starting input on non-focused client com.android.internal.view.IInputMethodClient$Stub$Proxy@b31d6900 (uid=10014 pid=2699)
I/ActivityManager( 1255): START u0 {act=android.intent.action.MAIN cat=[android.intent.category.LAUNCHER] flg=0x10200000 cmp=com.android.email/.activity.Welcome} from pid 1401
W/ActivityManager( 1255): Unable to start service Intent { cmp=com.android.email/.service.AttachmentDownloadService } U=0: not found
I/ActivityManager( 1255): START u0 {act=android.intent.action.EDIT dat=content://ui.email.android.com/settings cmp=com.android.email/.activity.setup.AccountSettings (has extras)} from pid 1641
I/ActivityManager( 1255): START u0 {flg=0x2000000 cmp=com.android.email/.activity.setup.AccountSetupBasics (has extras)} from pid 1641
W/InputMethodManagerService( 1255): Starting input on non-focused client com.android.internal.view.IInputMethodClient$Stub$Proxy@b31d6900 (uid=10014 pid=2699)
W/ActivityManager( 1255): No content provider found for permission revoke: file:///data/local/tmp/com.example.semitop7.FireTVStyle
W/ActivityManager( 1255): No content provider found for permission revoke: file:///data/local/tmp/com.example.semitop7.FireTVStyle
I/PackageManager( 1255): Copying native libraries to /data/app-lib/vmdl956701514
I/ActivityManager( 1255): Force stopping com.example.semitop7.FireTVStyle appid=10047 user=-1: uninstall pkg
I/ActivityManager( 1255): Killing 2140:com.example.semitop7.FireTVStyle/u0a47 (adj 2): stop com.example.semitop7.FireTVStyle
W/ActivityManager( 1255): Scheduling restart of crashed service com.example.semitop7.FireTVStyle/.FireTVStyleIME in 1000ms
I/ActivityManager( 1255):   Force finishing activity ActivityRecord{b3199650 u0 com.example.semitop7.FireTVStyle/.MainActivity t4}
I/ActivityManager( 1255):   Force stopping service ServiceRecord{b32621f0 u0 com.example.semitop7.FireTVStyle/.FireTVStyleIME}
I/WindowState( 1255): WIN DEATH: Window{b31baf30 u0 com.example.semitop7.FireTVStyle/com.example.semitop7.FireTVStyle.MainActivity}
I/WindowState( 1255): WIN DEATH: Window{b3167ad0 u0 InputMethod}
W/PackageSettings( 1255): Skipping PackageSetting{b2f90770 com.example.sem_top7.gridlayout/10050} due to missing metadata
W/PackageSettings( 1255): Skipping PackageSetting{b2f95490 com.example.semitop7.mydpadkeyboard/10045} due to missing metadata
W/PackageSettings( 1255): Skipping PackageSetting{b2f97490 com.example.semitop7.firetvbestkeyboard/10049} due to missing metadata
W/PackageSettings( 1255): Skipping PackageSetting{b2f98920 org.pocketworkstation.pckeyboard/10048} due to missing metadata
W/PackageSettings( 1255): Skipping PackageSetting{b2f9b6e0 dkc.video.fsbox/10046} due to missing metadata
I/PackageManager( 1255): Package com.example.semitop7.FireTVStyle codePath changed from /data/app/com.example.semitop7.FireTVStyle-1.apk to /data/app/com.example.semitop7.FireTVStyle-2.apk; Retaining data and using new
W/PackageManager( 1255): Code path for pkg : com.example.semitop7.FireTVStyle changing from /data/app/com.example.semitop7.FireTVStyle-1.apk to /data/app/com.example.semitop7.FireTVStyle-2.apk
W/PackageManager( 1255): Resource path for pkg : com.example.semitop7.FireTVStyle changing from /data/app/com.example.semitop7.FireTVStyle-1.apk to /data/app/com.example.semitop7.FireTVStyle-2.apk
I/ActivityManager( 1255): Force stopping com.example.semitop7.FireTVStyle appid=10047 user=-1: update pkg
W/PackageSettings( 1255): Skipping PackageSetting{b2f90770 com.example.sem_top7.gridlayout/10050} due to missing metadata
W/PackageSettings( 1255): Skipping PackageSetting{b2f95490 com.example.semitop7.mydpadkeyboard/10045} due to missing metadata
W/PackageSettings( 1255): Skipping PackageSetting{b2f97490 com.example.semitop7.firetvbestkeyboard/10049} due to missing metadata
W/PackageSettings( 1255): Skipping PackageSetting{b2f98920 org.pocketworkstation.pckeyboard/10048} due to missing metadata
W/PackageSettings( 1255): Skipping PackageSetting{b2f9b6e0 dkc.video.fsbox/10046} due to missing metadata
W/PackageSettings( 1255): Skipping PackageSetting{b2f90770 com.example.sem_top7.gridlayout/10050} due to missing metadata
W/PackageSettings( 1255): Skipping PackageSetting{b2f95490 com.example.semitop7.mydpadkeyboard/10045} due to missing metadata
W/PackageSettings( 1255): Skipping PackageSetting{b2f97490 com.example.semitop7.firetvbestkeyboard/10049} due to missing metadata
W/PackageSettings( 1255): Skipping PackageSetting{b2f98920 org.pocketworkstation.pckeyboard/10048} due to missing metadata
W/PackageSettings( 1255): Skipping PackageSetting{b2f9b6e0 dkc.video.fsbox/10046} due to missing metadata
I/ActivityManager( 1255): Force stopping com.example.semitop7.FireTVStyle appid=10047 user=0: pkg removed
D/BackupManagerService( 1255): Received broadcast Intent { act=android.intent.action.PACKAGE_REMOVED dat=package:com.example.semitop7.FireTVStyle flg=0x4000010 (has extras) }
D/BackupManagerService( 1255): Received broadcast Intent { act=android.intent.action.PACKAGE_ADDED dat=package:com.example.semitop7.FireTVStyle flg=0x4000010 (has extras) }
V/BackupManagerService( 1255): removePackageParticipantsLocked: uid=10047 #1
V/BackupManagerService( 1255): addPackageParticipantsLocked: #1
I/PackageManager( 1255): Adding preferred activity ComponentInfo{com.android.mms/com.android.mms.ui.ComposeMessageActivity} for user 0 :
I/PackageManager( 1255): Adding preferred activity ComponentInfo{com.android.mms/com.android.mms.ui.ComposeMessageActivity} for user 0 :
W/ContextImpl( 2102): Calling a method in the system process without a qualified user: android.app.ContextImpl.startService:1487 android.content.ContextWrapper.startService:494 android.content.ContextWrapper.startService:494 com.android.keychain.KeyChainBroadcastReceiver.onReceive:12 android.app.ActivityThread.handleReceiver:2407 
I/PackageManager( 1255): Adding preferred activity ComponentInfo{com.android.mms/com.android.mms.ui.ComposeMessageActivity} for user 0 :
I/PackageManager( 1255): Adding preferred activity ComponentInfo{com.android.mms/com.android.mms.ui.ComposeMessageActivity} for user 0 :
I/PackageManager( 1255): Adding preferred activity ComponentInfo{com.android.mms/com.android.mms.ui.ComposeMessageActivity} for user 0 :
I/PackageManager( 1255): Adding preferred activity ComponentInfo{com.android.mms/com.android.mms.ui.ComposeMessageActivity} for user 0 :
I/PackageManager( 1255): Adding preferred activity ComponentInfo{com.android.mms/com.android.mms.ui.ComposeMessageActivity} for user 0 :
I/PackageManager( 1255): Adding preferred activity ComponentInfo{com.android.mms/com.android.mms.ui.ComposeMessageActivity} for user 0 :
I/PackageManager( 1255): Adding preferred activity ComponentInfo{com.android.mms/com.android.mms.ui.ComposeMessageActivity} for user 0 :
I/PackageManager( 1255): Adding preferred activity ComponentInfo{com.android.mms/com.android.mms.ui.ComposeMessageActivity} for user 0 :
I/PackageManager( 1255): Adding preferred activity ComponentInfo{com.android.mms/com.android.mms.ui.ComposeMessageActivity} for user 0 :
I/PackageManager( 1255): Adding preferred activity ComponentInfo{com.android.mms/com.android.mms.ui.ComposeMessageActivity} for user 0 :
I/PackageManager( 1255): Adding preferred activity ComponentInfo{com.android.mms/com.android.mms.ui.ComposeMessageActivity} for user 0 :
I/PackageManager( 1255): Adding preferred activity ComponentInfo{com.android.mms/com.android.mms.ui.ComposeMessageActivity} for user 0 :
I/PackageManager( 1255): Adding preferred activity ComponentInfo{com.android.mms/com.android.mms.ui.ComposeMessageActivity} for user 0 :
I/PackageManager( 1255): Adding preferred activity ComponentInfo{com.android.mms/com.android.mms.ui.ComposeMessageActivity} for user 0 :
I/PackageManager( 1255): Adding preferred activity ComponentInfo{com.android.mms/com.android.mms.ui.ComposeMessageActivity} for user 0 :
I/PackageManager( 1255): Adding preferred activity ComponentInfo{com.android.mms/com.android.mms.ui.ComposeMessageActivity} for user 0 :
I/PackageManager( 1255): Adding preferred activity ComponentInfo{com.android.mms/com.android.mms.ui.ComposeMessageActivity} for user 0 :
I/PackageManager( 1255): Adding preferred activity ComponentInfo{com.android.mms/com.android.mms.ui.ComposeMessageActivity} for user 0 :
I/PackageManager( 1255): Adding preferred activity ComponentInfo{com.android.mms/com.android.mms.ui.ComposeMessageActivity} for user 0 :
I/PackageManager( 1255): Adding preferred activity ComponentInfo{com.android.mms/com.android.mms.ui.ComposeMessageActivity} for user 0 :
I/PackageManager( 1255): Adding preferred activity ComponentInfo{com.android.mms/com.android.mms.ui.ComposeMessageActivity} for user 0 :
I/PackageManager( 1255): Adding preferred activity ComponentInfo{com.android.mms/com.android.mms.ui.ComposeMessageActivity} for user 0 :
I/ActivityManager( 1255): START u0 {act=android.intent.action.MAIN cat=[android.intent.category.LAUNCHER] flg=0x10000000 cmp=com.example.semitop7.FireTVStyle/.MainActivity} from pid 9455
I/ActivityManager( 1255): Start proc com.example.semitop7.FireTVStyle for activity com.example.semitop7.FireTVStyle/.MainActivity: pid=9465 uid=10047 gids={50047}
I/ActivityManager( 1255): START u0 {act=android.intent.action.MAIN cat=[android.intent.category.HOME] flg=0x10200000 cmp=com.android.launcher/com.android.launcher2.Launcher} from pid 1255
V/InputMethodManagerService( 1255): Adding window token: android.os.Binder@b3176b78
W/InputMethodManagerService( 1255): Starting input on non-focused client com.android.internal.view.IInputMethodClient$Stub$Proxy@b3107ca8 (uid=10047 pid=9465)
I/ActivityManager( 1255): START u0 {act=android.intent.action.MAIN cat=[android.intent.category.LAUNCHER] flg=0x10200000 cmp=com.android.email/.activity.Welcome} from pid 1401
W/ActivityManager( 1255): Unable to start service Intent { cmp=com.android.email/.service.AttachmentDownloadService } U=0: not found
I/ActivityManager( 1255): START u0 {act=android.intent.action.EDIT dat=content://ui.email.android.com/settings cmp=com.android.email/.activity.setup.AccountSettings (has extras)} from pid 1641
I/ActivityManager( 1255): START u0 {flg=0x2000000 cmp=com.android.email/.activity.setup.AccountSetupBasics (has extras)} from pid 1641
--------- beginning of /dev/log/main
D/InputEventConsistencyVerifier( 1641): KeyEvent: ACTION_UP but key was not down.
D/InputEventConsistencyVerifier( 1641):   in com.android.internal.policy.impl.PhoneWindow$DecorView{b3079e28 V.E..... R....... 0,0-800,1280}
D/InputEventConsistencyVerifier( 1641):   0: sent at 851313000000, KeyEvent { action=ACTION_UP, keyCode=KEYCODE_DPAD_LEFT, scanCode=105, metaState=0, flags=0x8, repeatCount=0, eventTime=851313, downTime=851225, deviceId=0, source=0x301 }
D/InputEventConsistencyVerifier( 1641):   -- recent events --
D/InputEventConsistencyVerifier( 1641):   1: sent at 851038000000, (unhandled) KeyEvent { action=ACTION_UP, keyCode=KEYCODE_DPAD_DOWN, scanCode=108, metaState=0, flags=0x80000008, repeatCount=0, eventTime=851038, downTime=850939, deviceId=0, source=0x301 }
D/InputEventConsistencyVerifier( 1641):   2: sent at 847463603000, MotionEvent { action=ACTION_UP, id[0]=0, x[0]=341.0, y[0]=192.0, toolType[0]=TOOL_TYPE_FINGER, buttonState=0, metaState=0, flags=0x0, edgeFlags=0x0, pointerCount=1, historySize=0, eventTime=847463, downTime=847392, deviceId=0, source=0x1002 }
D/InputEventConsistencyVerifier( 1641):   3: sent at 847392478000, MotionEvent { action=ACTION_DOWN, id[0]=0, x[0]=341.0, y[0]=192.0, toolType[0]=TOOL_TYPE_FINGER, buttonState=0, metaState=0, flags=0x0, edgeFlags=0x0, pointerCount=1, historySize=0, eventTime=847392, downTime=847392, deviceId=0, source=0x1002 }
D/InputEventConsistencyVerifier( 1641):   4: sent at 845517555000, MotionEvent { action=ACTION_UP, id[0]=0, x[0]=222.0, y[0]=235.0, toolType[0]=TOOL_TYPE_FINGER, buttonState=0, metaState=0, flags=0x0, edgeFlags=0x0, pointerCount=1, historySize=0, eventTime=845517, downTime=845464, deviceId=0, source=0x1002 }
D/InputEventConsistencyVerifier( 1641):   5: sent at 845464474000, MotionEvent { action=ACTION_DOWN, id[0]=0, x[0]=222.0, y[0]=235.0, toolType[0]=TOOL_TYPE_FINGER, buttonState=0, metaState=0, flags=0x0, edgeFlags=0x0, pointerCount=1, historySize=0, eventTime=845464, downTime=845464, deviceId=0, source=0x1002 }
D/InputEventConsistencyVerifier( 1641): KeyEvent: ACTION_UP but key was not down.
D/InputEventConsistencyVerifier( 1641):   in com.android.internal.policy.impl.PhoneWindow$DecorView{b3079e28 V.E..... R......D 0,0-800,1280}
D/InputEventConsistencyVerifier( 1641):   0: sent at 851711000000, KeyEvent { action=ACTION_UP, keyCode=KEYCODE_DPAD_LEFT, scanCode=105, metaState=0, flags=0x8, repeatCount=0, eventTime=851711, downTime=851599, deviceId=0, source=0x301 }
D/InputEventConsistencyVerifier( 1641):   -- recent events --
D/InputEventConsistencyVerifier( 1641):   1: sent at 851313000000, (unhandled) KeyEvent { action=ACTION_UP, keyCode=KEYCODE_DPAD_LEFT, scanCode=105, metaState=0, flags=0x80000008, repeatCount=0, eventTime=851313, downTime=851225, deviceId=0, source=0x301 }
D/InputEventConsistencyVerifier( 1641):   2: sent at 851038000000, (unhandled) KeyEvent { action=ACTION_UP, keyCode=KEYCODE_DPAD_DOWN, scanCode=108, metaState=0, flags=0x80000008, repeatCount=0, eventTime=851038, downTime=850939, deviceId=0, source=0x301 }
D/InputEventConsistencyVerifier( 1641):   3: sent at 847463603000, MotionEvent { action=ACTION_UP, id[0]=0, x[0]=341.0, y[0]=192.0, toolType[0]=TOOL_TYPE_FINGER, buttonState=0, metaState=0, flags=0x0, edgeFlags=0x0, pointerCount=1, historySize=0, eventTime=847463, downTime=847392, deviceId=0, source=0x1002 }
D/InputEventConsistencyVerifier( 1641):   4: sent at 847392478000, MotionEvent { action=ACTION_DOWN, id[0]=0, x[0]=341.0, y[0]=192.0, toolType[0]=TOOL_TYPE_FINGER, buttonState=0, metaState=0, flags=0x0, edgeFlags=0x0, pointerCount=1, historySize=0, eventTime=847392, downTime=847392, deviceId=0, source=0x1002 }
