adb server is out of date.  killing...
* daemon started successfully *
--------- beginning of /dev/log/system
I/Vold    (  935): Vold 2.1 (the revenge) firing up
D/Vold    (  935): Volume sdcard state changing -1 (Initializing) -> 0 (No-Media)
D/Vold    (  935): Volume sdcard state changing 0 (No-Media) -> 1 (Idle-Unmounted)
I/SystemServer( 1255): Entered the Android system server!
I/SystemServer( 1255): Waiting for installd to be ready.
I/Installer( 1255): connecting...
I/SystemServer( 1255): Power Manager
I/SystemServer( 1255): Activity Manager
I/SystemServer( 1255): Enabled StrictMode logging for WM Looper
I/ActivityManager( 1255): Memory class: 32
I/IntentFirewall( 1255): Read new rules (A:0 B:0 S:0)
I/UiThread( 1255): Enabled StrictMode logging for UI thread
I/SystemServer( 1255): Display Manager
I/SystemServer( 1255): Telephony Registry
I/SystemServer( 1255): Scheduling Policy
I/ActivityManager( 1255): Enabled StrictMode logging for AThread's Looper
I/DisplayManagerService( 1255): Display device added: DisplayDeviceInfo{"Вбудований екран": 800 x 1280, 60.000004 fps, density 120, 120.0 x 120.0 dpi, touch INTERNAL, rotation 0, type BUILT_IN, FLAG_DEFAULT_DISPLAY, FLAG_ROTATES_WITH_CONTENT, FLAG_SECURE, FLAG_SUPPORTS_PROTECTED_BUFFERS}
I/SystemServer( 1255): Package Manager
D/SELinuxMMAC( 1255): Couldn't find install policy /data/security/mac_permissions.xml
D/SELinuxMMAC( 1255): Using install policy file /system/etc/security/mac_permissions.xml
W/PackageManager( 1255): Running ENG build: no pre-dexopt!
W/PackageParser( 1255): No actions in intent filter at /system/priv-app/Contacts.apk Binary XML file line #375
W/PackageParser( 1255): No actions in intent filter at /system/priv-app/Dialer.apk Binary XML file line #163
W/PackageParser( 1255): Unable to read AndroidManifest.xml of /data/app/com.example.semitop7.mydpadkeyboard-1.apk
W/PackageParser( 1255): java.io.FileNotFoundException: AndroidManifest.xml
W/PackageParser( 1255): 	at android.content.res.AssetManager.openXmlAssetNative(Native Method)
W/PackageParser( 1255): 	at android.content.res.AssetManager.openXmlBlockAsset(AssetManager.java:488)
W/PackageParser( 1255): 	at android.content.res.AssetManager.openXmlResourceParser(AssetManager.java:456)
W/PackageParser( 1255): 	at android.content.pm.PackageParser.parsePackage(PackageParser.java:528)
W/PackageParser( 1255): 	at com.android.server.pm.PackageManagerService.scanPackageLI(PackageManagerService.java:3569)
W/PackageParser( 1255): 	at com.android.server.pm.PackageManagerService.scanDirLI(PackageManagerService.java:3492)
W/PackageParser( 1255): 	at com.android.server.pm.PackageManagerService.<init>(PackageManagerService.java:1383)
W/PackageParser( 1255): 	at com.android.server.pm.PackageManagerService.main(PackageManagerService.java:1042)
W/PackageParser( 1255): 	at com.android.server.ServerThread.initAndLoop(SystemServer.java:241)
W/PackageParser( 1255): 	at com.android.server.SystemServer.main(SystemServer.java:1179)
W/PackageParser( 1255): 	at java.lang.reflect.Method.invokeNative(Native Method)
W/PackageParser( 1255): 	at java.lang.reflect.Method.invoke(Method.java:515)
W/PackageParser( 1255): 	at com.android.internal.os.ZygoteInit$MethodAndArgsCaller.run(ZygoteInit.java:785)
W/PackageParser( 1255): 	at com.android.internal.os.ZygoteInit.main(ZygoteInit.java:601)
W/PackageParser( 1255): 	at dalvik.system.NativeStart.main(Native Method)
W/PackageParser( 1255): Unable to read AndroidManifest.xml of /data/app/com.example.semitop7.mydpadkeyboard-2.apk
W/PackageParser( 1255): java.io.FileNotFoundException: AndroidManifest.xml
W/PackageParser( 1255): 	at android.content.res.AssetManager.openXmlAssetNative(Native Method)
W/PackageParser( 1255): 	at android.content.res.AssetManager.openXmlBlockAsset(AssetManager.java:488)
W/PackageParser( 1255): 	at android.content.res.AssetManager.openXmlResourceParser(AssetManager.java:456)
W/PackageParser( 1255): 	at android.content.pm.PackageParser.parsePackage(PackageParser.java:528)
W/PackageParser( 1255): 	at com.android.server.pm.PackageManagerService.scanPackageLI(PackageManagerService.java:3569)
W/PackageParser( 1255): 	at com.android.server.pm.PackageManagerService.scanDirLI(PackageManagerService.java:3492)
W/PackageParser( 1255): 	at com.android.server.pm.PackageManagerService.<init>(PackageManagerService.java:1383)
W/PackageParser( 1255): 	at com.android.server.pm.PackageManagerService.main(PackageManagerService.java:1042)
W/PackageParser( 1255): 	at com.android.server.ServerThread.initAndLoop(SystemServer.java:241)
W/PackageParser( 1255): 	at com.android.server.SystemServer.main(SystemServer.java:1179)
W/PackageParser( 1255): 	at java.lang.reflect.Method.invokeNative(Native Method)
W/PackageParser( 1255): 	at java.lang.reflect.Method.invoke(Method.java:515)
W/PackageParser( 1255): 	at com.android.internal.os.ZygoteInit$MethodAndArgsCaller.run(ZygoteInit.java:785)
W/PackageParser( 1255): 	at com.android.internal.os.ZygoteInit.main(ZygoteInit.java:601)
W/PackageParser( 1255): 	at dalvik.system.NativeStart.main(Native Method)
W/PackageParser( 1255): Unable to read AndroidManifest.xml of /data/app/dkc.video.fsbox-1.apk
W/PackageParser( 1255): java.io.FileNotFoundException: AndroidManifest.xml
W/PackageParser( 1255): 	at android.content.res.AssetManager.openXmlAssetNative(Native Method)
W/PackageParser( 1255): 	at android.content.res.AssetManager.openXmlBlockAsset(AssetManager.java:488)
W/PackageParser( 1255): 	at android.content.res.AssetManager.openXmlResourceParser(AssetManager.java:456)
W/PackageParser( 1255): 	at android.content.pm.PackageParser.parsePackage(PackageParser.java:528)
W/PackageParser( 1255): 	at com.android.server.pm.PackageManagerService.scanPackageLI(PackageManagerService.java:3569)
W/PackageParser( 1255): 	at com.android.server.pm.PackageManagerService.scanDirLI(PackageManagerService.java:3492)
W/PackageParser( 1255): 	at com.android.server.pm.PackageManagerService.<init>(PackageManagerService.java:1383)
W/PackageParser( 1255): 	at com.android.server.pm.PackageManagerService.main(PackageManagerService.java:1042)
W/PackageParser( 1255): 	at com.android.server.ServerThread.initAndLoop(SystemServer.java:241)
W/PackageParser( 1255): 	at com.android.server.SystemServer.main(SystemServer.java:1179)
W/PackageParser( 1255): 	at java.lang.reflect.Method.invokeNative(Native Method)
W/PackageParser( 1255): 	at java.lang.reflect.Method.invoke(Method.java:515)
W/PackageParser( 1255): 	at com.android.internal.os.ZygoteInit$MethodAndArgsCaller.run(ZygoteInit.java:785)
W/PackageParser( 1255): 	at com.android.internal.os.ZygoteInit.main(ZygoteInit.java:601)
W/PackageParser( 1255): 	at dalvik.system.NativeStart.main(Native Method)
W/PackageParser( 1255): Unable to read AndroidManifest.xml of /data/app/org.pocketworkstation.pckeyboard-1.apk
W/PackageParser( 1255): java.io.FileNotFoundException: AndroidManifest.xml
W/PackageParser( 1255): 	at android.content.res.AssetManager.openXmlAssetNative(Native Method)
W/PackageParser( 1255): 	at android.content.res.AssetManager.openXmlBlockAsset(AssetManager.java:488)
W/PackageParser( 1255): 	at android.content.res.AssetManager.openXmlResourceParser(AssetManager.java:456)
W/PackageParser( 1255): 	at android.content.pm.PackageParser.parsePackage(PackageParser.java:528)
W/PackageParser( 1255): 	at com.android.server.pm.PackageManagerService.scanPackageLI(PackageManagerService.java:3569)
W/PackageParser( 1255): 	at com.android.server.pm.PackageManagerService.scanDirLI(PackageManagerService.java:3492)
W/PackageParser( 1255): 	at com.android.server.pm.PackageManagerService.<init>(PackageManagerService.java:1383)
W/PackageParser( 1255): 	at com.android.server.pm.PackageManagerService.main(PackageManagerService.java:1042)
W/PackageParser( 1255): 	at com.android.server.ServerThread.initAndLoop(SystemServer.java:241)
W/PackageParser( 1255): 	at com.android.server.SystemServer.main(SystemServer.java:1179)
W/PackageParser( 1255): 	at java.lang.reflect.Method.invokeNative(Native Method)
W/PackageParser( 1255): 	at java.lang.reflect.Method.invoke(Method.java:515)
W/PackageParser( 1255): 	at com.android.internal.os.ZygoteInit$MethodAndArgsCaller.run(ZygoteInit.java:785)
W/PackageParser( 1255): 	at com.android.internal.os.ZygoteInit.main(ZygoteInit.java:601)
W/PackageParser( 1255): 	at dalvik.system.NativeStart.main(Native Method)
W/PackageParser( 1255): Unable to read AndroidManifest.xml of /data/app/com.example.semitop7.firetvbestkeyboard-1.apk
W/PackageParser( 1255): java.io.FileNotFoundException: AndroidManifest.xml
W/PackageParser( 1255): 	at android.content.res.AssetManager.openXmlAssetNative(Native Method)
W/PackageParser( 1255): 	at android.content.res.AssetManager.openXmlBlockAsset(AssetManager.java:488)
W/PackageParser( 1255): 	at android.content.res.AssetManager.openXmlResourceParser(AssetManager.java:456)
W/PackageParser( 1255): 	at android.content.pm.PackageParser.parsePackage(PackageParser.java:528)
W/PackageParser( 1255): 	at com.android.server.pm.PackageManagerService.scanPackageLI(PackageManagerService.java:3569)
W/PackageParser( 1255): 	at com.android.server.pm.PackageManagerService.scanDirLI(PackageManagerService.java:3492)
W/PackageParser( 1255): 	at com.android.server.pm.PackageManagerService.<init>(PackageManagerService.java:1383)
W/PackageParser( 1255): 	at com.android.server.pm.PackageManagerService.main(PackageManagerService.java:1042)
W/PackageParser( 1255): 	at com.android.server.ServerThread.initAndLoop(SystemServer.java:241)
W/PackageParser( 1255): 	at com.android.server.SystemServer.main(SystemServer.java:1179)
W/PackageParser( 1255): 	at java.lang.reflect.Method.invokeNative(Native Method)
W/PackageParser( 1255): 	at java.lang.reflect.Method.invoke(Method.java:515)
W/PackageParser( 1255): 	at com.android.internal.os.ZygoteInit$MethodAndArgsCaller.run(ZygoteInit.java:785)
W/PackageParser( 1255): 	at com.android.internal.os.ZygoteInit.main(ZygoteInit.java:601)
W/PackageParser( 1255): 	at dalvik.system.NativeStart.main(Native Method)
W/PackageParser( 1255): Unable to read AndroidManifest.xml of /data/app/com.example.semitop7.FireTVStyle-1.apk
W/PackageParser( 1255): java.io.FileNotFoundException: AndroidManifest.xml
W/PackageParser( 1255): 	at android.content.res.AssetManager.openXmlAssetNative(Native Method)
W/PackageParser( 1255): 	at android.content.res.AssetManager.openXmlBlockAsset(AssetManager.java:488)
W/PackageParser( 1255): 	at android.content.res.AssetManager.openXmlResourceParser(AssetManager.java:456)
W/PackageParser( 1255): 	at android.content.pm.PackageParser.parsePackage(PackageParser.java:528)
W/PackageParser( 1255): 	at com.android.server.pm.PackageManagerService.scanPackageLI(PackageManagerService.java:3569)
W/PackageParser( 1255): 	at com.android.server.pm.PackageManagerService.scanDirLI(PackageManagerService.java:3492)
W/PackageParser( 1255): 	at com.android.server.pm.PackageManagerService.<init>(PackageManagerService.java:1383)
W/PackageParser( 1255): 	at com.android.server.pm.PackageManagerService.main(PackageManagerService.java:1042)
W/PackageParser( 1255): 	at com.android.server.ServerThread.initAndLoop(SystemServer.java:241)
W/PackageParser( 1255): 	at com.android.server.SystemServer.main(SystemServer.java:1179)
W/PackageParser( 1255): 	at java.lang.reflect.Method.invokeNative(Native Method)
W/PackageParser( 1255): 	at java.lang.reflect.Method.invoke(Method.java:515)
W/PackageParser( 1255): 	at com.android.internal.os.ZygoteInit$MethodAndArgsCaller.run(ZygoteInit.java:785)
W/PackageParser( 1255): 	at com.android.internal.os.ZygoteInit.main(ZygoteInit.java:601)
W/PackageParser( 1255): 	at dalvik.system.NativeStart.main(Native Method)
W/PackageParser( 1255): Unable to read AndroidManifest.xml of /data/app/com.example.sem_top7.gridlayout-2.apk
W/PackageParser( 1255): java.io.FileNotFoundException: AndroidManifest.xml
W/PackageParser( 1255): 	at android.content.res.AssetManager.openXmlAssetNative(Native Method)
W/PackageParser( 1255): 	at android.content.res.AssetManager.openXmlBlockAsset(AssetManager.java:488)
W/PackageParser( 1255): 	at android.content.res.AssetManager.openXmlResourceParser(AssetManager.java:456)
W/PackageParser( 1255): 	at android.content.pm.PackageParser.parsePackage(PackageParser.java:528)
W/PackageParser( 1255): 	at com.android.server.pm.PackageManagerService.scanPackageLI(PackageManagerService.java:3569)
W/PackageParser( 1255): 	at com.android.server.pm.PackageManagerService.scanDirLI(PackageManagerService.java:3492)
W/PackageParser( 1255): 	at com.android.server.pm.PackageManagerService.<init>(PackageManagerService.java:1383)
W/PackageParser( 1255): 	at com.android.server.pm.PackageManagerService.main(PackageManagerService.java:1042)
W/PackageParser( 1255): 	at com.android.server.ServerThread.initAndLoop(SystemServer.java:241)
W/PackageParser( 1255): 	at com.android.server.SystemServer.main(SystemServer.java:1179)
W/PackageParser( 1255): 	at java.lang.reflect.Method.invokeNative(Native Method)
W/PackageParser( 1255): 	at java.lang.reflect.Method.invoke(Method.java:515)
W/PackageParser( 1255): 	at com.android.internal.os.ZygoteInit$MethodAndArgsCaller.run(ZygoteInit.java:785)
W/PackageParser( 1255): 	at com.android.internal.os.ZygoteInit.main(ZygoteInit.java:601)
W/PackageParser( 1255): 	at dalvik.system.NativeStart.main(Native Method)
W/PackageManager( 1255): Package com.android.camera desires unavailable shared library com.google.android.media.effects; ignoring!
I/PackageManager( 1255): Time to scan packages: 1.228 seconds
W/PackageManager( 1255): Not granting permission android.permission.GLOBAL_SEARCH to package com.android.quicksearchbox (protectionLevel=18 flags=0x8be45)
W/PackageManager( 1255): Unknown permission com.android.smspush.WAPPUSH_MANAGER_BIND in package com.android.phone
W/PackageManager( 1255): Unknown permission com.google.android.googleapps.permission.GOOGLE_AUTH in package com.android.providers.calendar
W/PackageManager( 1255): Unknown permission com.google.android.googleapps.permission.GOOGLE_AUTH.cl in package com.android.providers.calendar
W/PackageManager( 1255): Unknown permission com.google.android.googleapps.permission.GOOGLE_AUTH.mail in package com.android.calendar
W/PackageManager( 1255): Not granting permission android.permission.ACCESS_DOWNLOAD_MANAGER to package com.android.browser (protectionLevel=18 flags=0x9be45)
W/PackageManager( 1255): Not granting permission android.permission.SEND_DOWNLOAD_COMPLETED_INTENTS to package com.android.browser (protectionLevel=2 flags=0x9be45)
W/PackageManager( 1255): Unknown permission android.permission.INSTALL_DRM in package com.android.mms
W/PackageManager( 1255): Unknown permission com.google.android.googleapps.permission.GOOGLE_AUTH in package com.android.settings
W/PackageManager( 1255): Unknown permission com.google.android.googleapps.permission.ACCESS_GOOGLE_PASSWORD in package com.android.development
W/PackageManager( 1255): Unknown permission com.google.android.googleapps.permission.GOOGLE_AUTH in package com.android.development
W/PackageManager( 1255): Unknown permission com.google.android.googleapps.permission.GOOGLE_AUTH.ALL_SERVICES in package com.android.development
W/PackageManager( 1255): Unknown permission com.google.android.googleapps.permission.GOOGLE_AUTH.YouTubeUser in package com.android.development
W/PackageManager( 1255): Not granting permission android.permission.DELETE_PACKAGES to package com.svox.pico (protectionLevel=18 flags=0x8be45)
W/PackageManager( 1255): Not granting permission android.permission.DEVICE_POWER to package com.android.deskclock (protectionLevel=2 flags=0x48be45)
W/PackageSettings( 1255): Skipping PackageSetting{b2f90770 com.example.sem_top7.gridlayout/10050} due to missing metadata
W/PackageSettings( 1255): Skipping PackageSetting{b2f95490 com.example.semitop7.mydpadkeyboard/10045} due to missing metadata
W/PackageSettings( 1255): Skipping PackageSetting{b2f95fe0 com.example.semitop7.FireTVStyle/10047} due to missing metadata
W/PackageSettings( 1255): Skipping PackageSetting{b2f97490 com.example.semitop7.firetvbestkeyboard/10049} due to missing metadata
W/PackageSettings( 1255): Skipping PackageSetting{b2f98920 org.pocketworkstation.pckeyboard/10048} due to missing metadata
W/PackageSettings( 1255): Skipping PackageSetting{b2f9b6e0 dkc.video.fsbox/10046} due to missing metadata
I/SystemServer( 1255): Entropy Mixer
I/EntropyMixer( 1255): Writing entropy...
I/SystemServer( 1255): User Service
I/SystemServer( 1255): Account Manager
I/SystemServer( 1255): Content Manager
I/SystemServer( 1255): System Content Providers
I/SystemServer( 1255): Lights Service
I/SystemServer( 1255): Battery Service
I/SystemServer( 1255): Vibrator Service
I/SystemServer( 1255): Consumer IR Service
I/SystemServer( 1255): Alarm Manager
I/SystemServer( 1255): Init Watchdog
I/SystemServer( 1255): Input Manager
I/InputManager( 1255): Initializing input manager, mUseDevInputEventForAudioJack=false
I/SystemServer( 1255): Window Manager
I/WindowManager( 1255): No existing display settings /data/system/display_settings.xml; starting empty
I/WindowManager( 1255): No keyguard interface!
I/InputManager( 1255): Starting input manager
I/SystemServer( 1255): No Bluetooh Service (emulator)
I/SystemServer( 1255): Input Method Service
W/InputMethodManagerService( 1255): Couldn't create dir.: /data/system/inputmethod
W/InputMethodManagerService( 1255): Default IME is uninstalled. Choose new default IME.
W/InputMethodManagerService( 1255): Unknown input method from prefs: com.example.semitop7.FireTVStyle/.FireTVStyleIME
W/InputMethodManagerService( 1255): java.lang.IllegalArgumentException: Unknown id: com.example.semitop7.FireTVStyle/.FireTVStyleIME
W/InputMethodManagerService( 1255): 	at com.android.server.InputMethodManagerService.setInputMethodLocked(InputMethodManagerService.java:1661)
W/InputMethodManagerService( 1255): 	at com.android.server.InputMethodManagerService.updateFromSettingsLocked(InputMethodManagerService.java:1644)
W/InputMethodManagerService( 1255): 	at com.android.server.InputMethodManagerService.buildInputMethodListLocked(InputMethodManagerService.java:2569)
W/InputMethodManagerService( 1255): 	at com.android.server.InputMethodManagerService.<init>(InputMethodManagerService.java:689)
W/InputMethodManagerService( 1255): 	at com.android.server.ServerThread.initAndLoop(SystemServer.java:368)
W/InputMethodManagerService( 1255): 	at com.android.server.SystemServer.main(SystemServer.java:1179)
W/InputMethodManagerService( 1255): 	at java.lang.reflect.Method.invokeNative(Native Method)
W/InputMethodManagerService( 1255): 	at java.lang.reflect.Method.invoke(Method.java:515)
W/InputMethodManagerService( 1255): 	at com.android.internal.os.ZygoteInit$MethodAndArgsCaller.run(ZygoteInit.java:785)
W/InputMethodManagerService( 1255): 	at com.android.internal.os.ZygoteInit.main(ZygoteInit.java:601)
W/InputMethodManagerService( 1255): 	at dalvik.system.NativeStart.main(Native Method)
W/InputMethodManagerService( 1255): Unknown input method from prefs: com.example.semitop7.FireTVStyle/.FireTVStyleIME
W/InputMethodManagerService( 1255): java.lang.IllegalArgumentException: Unknown id: com.example.semitop7.FireTVStyle/.FireTVStyleIME
W/InputMethodManagerService( 1255): 	at com.android.server.InputMethodManagerService.setInputMethodLocked(InputMethodManagerService.java:1661)
W/InputMethodManagerService( 1255): 	at com.android.server.InputMethodManagerService.updateFromSettingsLocked(InputMethodManagerService.java:1644)
W/InputMethodManagerService( 1255): 	at com.android.server.InputMethodManagerService.<init>(InputMethodManagerService.java:699)
W/InputMethodManagerService( 1255): 	at com.android.server.ServerThread.initAndLoop(SystemServer.java:368)
W/InputMethodManagerService( 1255): 	at com.android.server.SystemServer.main(SystemServer.java:1179)
W/InputMethodManagerService( 1255): 	at java.lang.reflect.Method.invokeNative(Native Method)
W/InputMethodManagerService( 1255): 	at java.lang.reflect.Method.invoke(Method.java:515)
W/InputMethodManagerService( 1255): 	at com.android.internal.os.ZygoteInit$MethodAndArgsCaller.run(ZygoteInit.java:785)
W/InputMethodManagerService( 1255): 	at com.android.internal.os.ZygoteInit.main(ZygoteInit.java:601)
W/InputMethodManagerService( 1255): 	at dalvik.system.NativeStart.main(Native Method)
I/SystemServer( 1255): Accessibility Manager
W/ActivityManager( 1255): Unable to write /sys/module/lowmemorykiller/parameters/adj
W/ActivityManager( 1255): Unable to write /sys/module/lowmemorykiller/parameters/minfree
I/ActivityManager( 1255): Config changes=1df8 {1.0 ?mcc?mnc uk_UA ldltr sw1066dp w1066dp h1706dp 120dpi xlrg port ?uimode ?night -touch qwerty/v/v dpad/v s.2}
I/ActivityManager( 1255): Config changes=408 {1.0 ?mcc?mnc uk_UA ldltr sw1066dp w1066dp h1681dp 120dpi xlrg port ?uimode ?night finger qwerty/v/v dpad/v s.3}
I/SystemServer( 1255): Mount Service
D/MountService( 1255): got storage path: /storage/sdcard description: Носій USB primary: true removable: false emulated: false mtpReserve: 0 allowMassStorage: false maxFileSize: 0
D/MountService( 1255): addVolumeLocked() StorageVolume:
D/MountService( 1255):     mStorageId=0 mPath=/storage/sdcard mDescriptionId=17040665 mPrimary=true 
D/MountService( 1255):     mRemovable=false mEmulated=false mMtpReserveSpace=0 
D/MountService( 1255):     mAllowMassStorage=false mMaxFileSize=0 mOwner=null mUuid=null 
D/MountService( 1255):     mUserLabel=null mState=null 
I/SystemServer( 1255): LockSettingsService
I/SystemServer( 1255): Device Policy
I/SystemServer( 1255): Status Bar
I/SystemServer( 1255): Clipboard Service
I/SystemServer( 1255): NetworkManagement Service
I/SystemServer( 1255): Text Service Manager Service
I/SystemServer( 1255): NetworkStats Service
W/MountService( 1255): Duplicate state transition (unmounted -> unmounted) for /storage/sdcard
W/MountService( 1255): getSecureContainerList() called when storage not mounted
W/PackageManager( 1255): Not granting permission android.permission.GLOBAL_SEARCH to package com.android.quicksearchbox (protectionLevel=18 flags=0x8be45)
I/SystemServer( 1255): NetworkPolicy Service
I/SystemServer( 1255): Wi-Fi P2pService
W/PackageManager( 1255): Unknown permission com.android.smspush.WAPPUSH_MANAGER_BIND in package com.android.phone
W/PackageManager( 1255): Unknown permission com.google.android.googleapps.permission.GOOGLE_AUTH in package com.android.providers.calendar
W/PackageManager( 1255): Unknown permission com.google.android.googleapps.permission.GOOGLE_AUTH.cl in package com.android.providers.calendar
W/PackageManager( 1255): Unknown permission com.google.android.googleapps.permission.GOOGLE_AUTH.mail in package com.android.calendar
W/PackageManager( 1255): Not granting permission android.permission.ACCESS_DOWNLOAD_MANAGER to package com.android.browser (protectionLevel=18 flags=0x9be45)
W/PackageManager( 1255): Not granting permission android.permission.SEND_DOWNLOAD_COMPLETED_INTENTS to package com.android.browser (protectionLevel=2 flags=0x9be45)
W/PackageManager( 1255): Unknown permission android.permission.INSTALL_DRM in package com.android.mms
W/PackageManager( 1255): Unknown permission com.google.android.googleapps.permission.GOOGLE_AUTH in package com.android.settings
W/PackageManager( 1255): Unknown permission com.google.android.googleapps.permission.ACCESS_GOOGLE_PASSWORD in package com.android.development
W/PackageManager( 1255): Unknown permission com.google.android.googleapps.permission.GOOGLE_AUTH in package com.android.development
W/PackageManager( 1255): Unknown permission com.google.android.googleapps.permission.GOOGLE_AUTH.ALL_SERVICES in package com.android.development
W/PackageManager( 1255): Unknown permission com.google.android.googleapps.permission.GOOGLE_AUTH.YouTubeUser in package com.android.development
W/PackageManager( 1255): Not granting permission android.permission.DELETE_PACKAGES to package com.svox.pico (protectionLevel=18 flags=0x8be45)
W/PackageManager( 1255): Not granting permission android.permission.DEVICE_POWER to package com.android.deskclock (protectionLevel=2 flags=0x48be45)
W/PackageSettings( 1255): Skipping PackageSetting{b2f90770 com.example.sem_top7.gridlayout/10050} due to missing metadata
W/PackageSettings( 1255): Skipping PackageSetting{b2f95490 com.example.semitop7.mydpadkeyboard/10045} due to missing metadata
W/PackageSettings( 1255): Skipping PackageSetting{b2f95fe0 com.example.semitop7.FireTVStyle/10047} due to missing metadata
W/PackageSettings( 1255): Skipping PackageSetting{b2f97490 com.example.semitop7.firetvbestkeyboard/10049} due to missing metadata
W/PackageSettings( 1255): Skipping PackageSetting{b2f98920 org.pocketworkstation.pckeyboard/10048} due to missing metadata
W/PackageSettings( 1255): Skipping PackageSetting{b2f9b6e0 dkc.video.fsbox/10046} due to missing metadata
I/SystemServer( 1255): Wi-Fi Service
I/SystemServer( 1255): Connectivity Service
D/ConnectivityService( 1255): ConnectivityService starting up
D/ConnectivityService( 1255): wifiOnly=false
E/MobileDataStateTracker( 1255): default: Ignoring feature request because could not acquire PhoneService
E/MobileDataStateTracker( 1255): default: Could not enable APN type "default"
I/WifiService( 1255): WifiService starting up with Wi-Fi disabled
I/SystemServer( 1255): Network Service Discovery Service
D/NsdService( 1255): Network service discovery enabled true
I/SystemServer( 1255): UpdateLock Service
I/SystemServer( 1255): Notification Manager
I/SystemServer( 1255): Device Storage Monitor
I/SystemServer( 1255): Location Manager
I/SystemServer( 1255): Country Detector
I/SystemServer( 1255): Search Service
I/SystemServer( 1255): DropBox Service
I/SystemServer( 1255): Wallpaper Service
I/SystemServer( 1255): Audio Service
I/SystemServer( 1255): Dock Observer
W/DockObserver( 1255): This kernel does not have dock station support
I/SystemServer( 1255): Wired Accessory Manager
W/WiredAccessoryManager( 1255): This kernel does not have wired headset support
W/WiredAccessoryManager( 1255): This kernel does not have usb audio support
W/WiredAccessoryManager( 1255): This kernel does not have HDMI audio support
I/SystemServer( 1255): USB Service
I/SystemServer( 1255): Serial Service
I/SystemServer( 1255): Twilight Service
I/SystemServer( 1255): UI Mode Manager Service
I/SystemServer( 1255): Backup Service
V/BackupManagerService( 1255): Initializing package tracking
V/BackupManagerService( 1255): addPackageParticipantsLocked: all
I/BackupManagerService( 1255): Scheduling backup for new app com.android.calendar
D/BackupManagerService( 1255): Now staging backup of com.android.calendar
I/BackupManagerService( 1255): Scheduling backup for new app com.android.browser
D/BackupManagerService( 1255): Now staging backup of com.android.browser
I/BackupManagerService( 1255): Scheduling backup for new app com.android.providers.userdictionary
D/BackupManagerService( 1255): Now staging backup of com.android.providers.userdictionary
I/BackupManagerService( 1255): Scheduling backup for new app com.android.sharedstoragebackup
D/BackupManagerService( 1255): Now staging backup of com.android.sharedstoragebackup
I/BackupManagerService( 1255): Scheduling backup for new app android
D/BackupManagerService( 1255): Now staging backup of android
I/BackupManagerService( 1255): Scheduling backup for new app com.android.dialer
D/BackupManagerService( 1255): Now staging backup of com.android.dialer
I/BackupManagerService( 1255): Scheduling backup for new app com.android.providers.settings
D/BackupManagerService( 1255): Now staging backup of com.android.providers.settings
V/BackupManagerService( 1255): Starting with transport android/com.android.internal.backup.LocalTransport
V/BackupManagerService( 1255): Found transports: 1
I/BackupManagerService( 1255): Binding to transport host ComponentInfo{android/com.android.internal.backup.LocalTransportService}
I/BackupManagerService( 1255): Backup enabled => true
I/SystemServer( 1255): AppWidget Service
I/SystemServer( 1255): Recognition Service
I/SystemServer( 1255): DiskStats Service
I/SystemServer( 1255): SamplingProfiler Service
I/SystemServer( 1255): NetworkTimeUpdateService
I/SystemServer( 1255): CommonTimeManagementService
I/SystemServer( 1255): CertBlacklister
I/SystemServer( 1255): Dreams Service
I/SystemServer( 1255): Assets Atlas Service
I/SystemServer( 1255): IdleMaintenanceService
I/SystemServer( 1255): Print Service
I/SystemServer( 1255): Media Router Service
I/ActivityManager( 1255): Start proc com.android.systemui for service com.android.keyguard/.KeyguardService: pid=1306 uid=10007 gids={50007, 1028, 1015, 1035, 3002, 3001}
W/SystemServer( 1255): ***********************************************
I/AppOps  ( 1255): Pruning old package media/1013: new uid=-1
I/ActivityManager( 1255): System now ready
I/SystemServer( 1255): Making services ready
D/NetworkManagementService( 1255): not enabling bandwidth control
I/Vold    (  935): /dev/block/vold/179:0 being considered for volume sdcard
D/Vold    (  935): Volume sdcard state changing 1 (Idle-Unmounted) -> 3 (Checking)
D/MountService( 1255): volume state changed for /storage/sdcard (unmounted -> checking)
D/MountService( 1255): sendStorageIntent Intent { act=android.intent.action.MEDIA_CHECKING dat=file:///storage/sdcard (has extras) } to UserHandle{-1}
W/NetworkStats( 1255): bandwidth controls disabled, unable to track stats
W/NetworkPolicy( 1255): bandwidth controls disabled, unable to enforce policy
I/StatusBarManagerService( 1255): registerStatusBar bar=com.android.internal.statusbar.IStatusBar$Stub$Proxy@b2f93700
I/Vold    (  935): Filesystem check completed OK
D/Vold    (  935): Volume sdcard state changing 3 (Checking) -> 4 (Mounted)
D/MountService( 1255): volume state changed for /storage/sdcard (checking -> mounted)
D/MountService( 1255): sendStorageIntent Intent { act=android.intent.action.MEDIA_MOUNTED dat=file:///storage/sdcard (has extras) } to UserHandle{-1}
W/PackageManager( 1255): Not granting permission android.permission.GLOBAL_SEARCH to package com.android.quicksearchbox (protectionLevel=18 flags=0x88be45)
W/PackageManager( 1255): Unknown permission com.android.smspush.WAPPUSH_MANAGER_BIND in package com.android.phone
W/PackageManager( 1255): Unknown permission com.google.android.googleapps.permission.GOOGLE_AUTH in package com.android.providers.calendar
W/PackageManager( 1255): Unknown permission com.google.android.googleapps.permission.GOOGLE_AUTH.cl in package com.android.providers.calendar
W/PackageManager( 1255): Unknown permission com.google.android.googleapps.permission.GOOGLE_AUTH.mail in package com.android.calendar
W/PackageManager( 1255): Not granting permission android.permission.ACCESS_DOWNLOAD_MANAGER to package com.android.browser (protectionLevel=18 flags=0x89be45)
W/PackageManager( 1255): Not granting permission android.permission.SEND_DOWNLOAD_COMPLETED_INTENTS to package com.android.browser (protectionLevel=2 flags=0x89be45)
W/PackageManager( 1255): Unknown permission android.permission.INSTALL_DRM in package com.android.mms
W/PackageManager( 1255): Unknown permission com.google.android.googleapps.permission.GOOGLE_AUTH in package com.android.settings
W/PackageManager( 1255): Unknown permission com.google.android.googleapps.permission.ACCESS_GOOGLE_PASSWORD in package com.android.development
W/PackageManager( 1255): Unknown permission com.google.android.googleapps.permission.GOOGLE_AUTH in package com.android.development
W/PackageManager( 1255): Unknown permission com.google.android.googleapps.permission.GOOGLE_AUTH.ALL_SERVICES in package com.android.development
W/PackageManager( 1255): Unknown permission com.google.android.googleapps.permission.GOOGLE_AUTH.YouTubeUser in package com.android.development
W/PackageManager( 1255): Not granting permission android.permission.DELETE_PACKAGES to package com.svox.pico (protectionLevel=18 flags=0x88be45)
W/PackageManager( 1255): Not granting permission android.permission.DEVICE_POWER to package com.android.deskclock (protectionLevel=2 flags=0xc8be45)
I/ActivityManager( 1255): Start proc android.process.media for broadcast com.android.providers.downloads/.DownloadReceiver: pid=1340 uid=10005 gids={50005, 1028, 1015, 1023, 1024, 2001, 3003, 3007}
W/PackageSettings( 1255): Skipping PackageSetting{b2f90770 com.example.sem_top7.gridlayout/10050} due to missing metadata
W/PackageSettings( 1255): Skipping PackageSetting{b2f95490 com.example.semitop7.mydpadkeyboard/10045} due to missing metadata
W/PackageSettings( 1255): Skipping PackageSetting{b2f95fe0 com.example.semitop7.FireTVStyle/10047} due to missing metadata
W/PackageSettings( 1255): Skipping PackageSetting{b2f97490 com.example.semitop7.firetvbestkeyboard/10049} due to missing metadata
W/PackageSettings( 1255): Skipping PackageSetting{b2f98920 org.pocketworkstation.pckeyboard/10048} due to missing metadata
W/PackageSettings( 1255): Skipping PackageSetting{b2f9b6e0 dkc.video.fsbox/10046} due to missing metadata
I/ActivityManager( 1255): Config changes=200 {1.0 ?mcc?mnc uk_UA ldltr sw1066dp w1066dp h1681dp 120dpi xlrg port finger qwerty/v/v dpad/v s.4}
W/RecognitionManagerService( 1255): no available voice recognition services found for user 0
W/AppWidgetServiceImpl( 1255): Failed to read state: java.io.FileNotFoundException: /data/system/users/0/appwidgets.xml: open failed: ENOENT (No such file or directory)
W/InputMethodManagerService( 1255): Ignoring setImeWindowStatus of uid 1000 token: null
W/InputMethodManagerService( 1255): Default IME is uninstalled. Choose new default IME.
I/ActivityManager( 1255): Start proc com.android.inputmethod.latin for service com.android.inputmethod.latin/.LatinIME: pid=1360 uid=10029 gids={50029, 1028, 1015}
V/InputMethodManagerService( 1255): Adding window token: android.os.Binder@b3114c90
I/ActivityManager( 1255): Start proc com.android.externalstorage for broadcast com.android.externalstorage/.MountReceiver: pid=1371 uid=10006 gids={50006, 1028, 1015, 1023}
W/LocationManagerService( 1255): no network location provider found
E/LocationManagerService( 1255): no geocoder provider found
E/LocationManagerService( 1255): No FusedProvider found.
E/LocationManagerService( 1255): no geofence provider found
I/ActivityManager( 1255): Start proc com.android.phone for added application com.android.phone: pid=1385 uid=1001 gids={41001, 3002, 3001, 3003, 1028, 1015}
I/ActivityManager( 1255): START u0 {act=android.intent.action.MAIN cat=[android.intent.category.HOME] flg=0x10000000 cmp=com.android.launcher/com.android.launcher2.Launcher} from pid 0
I/ActivityManager( 1255): Start proc com.android.launcher for activity com.android.launcher/com.android.launcher2.Launcher: pid=1401 uid=10008 gids={50008}
I/SystemServer( 1255): Enabled StrictMode for system server main thread.
W/InputMethodManagerService( 1255): Focus gain on non-focused client android.view.inputmethod.InputMethodManager$1@b30f85f0 (uid=1000 pid=1255)
W/SocketClient(  937): write error (Broken pipe)
W/InputMethodManagerService( 1255): Illegal subtype state: old subtype = null, new subtype = android.view.inputmethod.InputMethodSubtype@3e84492c
I/ActivityManager( 1255): Start proc android.process.acore for content provider com.android.providers.contacts/.ContactsProvider2: pid=1424 uid=10002 gids={50002, 3003, 1028, 1015}
V/BackupManagerService( 1255): Connected to transport ComponentInfo{android/com.android.internal.backup.LocalTransportService}
V/BackupManagerService( 1255): Registering transport android/com.android.internal.backup.LocalTransportService::android/com.android.internal.backup.LocalTransport = com.android.internal.backup.LocalTransport@b3157060
I/ActivityManager( 1255): Start proc com.android.settings for broadcast com.android.settings/.widget.SettingsAppWidgetProvider: pid=1433 uid=1000 gids={41000, 1028, 1015, 3002, 3001, 3003}
I/PackageManager( 1255): Adding preferred activity ComponentInfo{com.android.mms/com.android.mms.ui.ComposeMessageActivity} for user 0 :
I/PackageManager( 1255): Adding preferred activity ComponentInfo{com.android.mms/com.android.mms.ui.ComposeMessageActivity} for user 0 :
I/PackageManager( 1255): Adding preferred activity ComponentInfo{com.android.mms/com.android.mms.ui.ComposeMessageActivity} for user 0 :
I/PackageManager( 1255): Adding preferred activity ComponentInfo{com.android.mms/com.android.mms.ui.ComposeMessageActivity} for user 0 :
I/ActivityManager( 1255): Start proc com.android.music for broadcast com.android.music/.MediaButtonIntentReceiver: pid=1480 uid=10032 gids={50032, 3003, 1028, 1015}
D/MobileDataStateTracker( 1255): fota: Broadcast received: android.intent.action.ANY_DATA_STATE apnType=fota
D/MobileDataStateTracker( 1255): fota: Received state=DISCONNECTED, old=DISCONNECTED, reason=radioTurnedOff
D/MobileDataStateTracker( 1255): ia: Broadcast received: android.intent.action.ANY_DATA_STATE apnType=ia
D/MobileDataStateTracker( 1255): ia: Received state=DISCONNECTED, old=DISCONNECTED, reason=radioTurnedOff
D/MobileDataStateTracker( 1255): supl: Broadcast received: android.intent.action.ANY_DATA_STATE apnType=supl
D/MobileDataStateTracker( 1255): supl: Received state=DISCONNECTED, old=DISCONNECTED, reason=radioTurnedOff
D/MobileDataStateTracker( 1255): hipri: Broadcast received: android.intent.action.ANY_DATA_STATE apnType=hipri
D/MobileDataStateTracker( 1255): hipri: Received state=DISCONNECTED, old=DISCONNECTED, reason=radioTurnedOff
D/MobileDataStateTracker( 1255): ims: Broadcast received: android.intent.action.ANY_DATA_STATE apnType=ims
D/MobileDataStateTracker( 1255): ims: Received state=DISCONNECTED, old=DISCONNECTED, reason=radioTurnedOff
D/MobileDataStateTracker( 1255): default: Broadcast received: android.intent.action.ANY_DATA_STATE apnType=default
D/MobileDataStateTracker( 1255): default: Received state=DISCONNECTED, old=DISCONNECTED, reason=radioTurnedOff
D/MobileDataStateTracker( 1255): mms: Broadcast received: android.intent.action.ANY_DATA_STATE apnType=mms
D/MobileDataStateTracker( 1255): mms: Received state=DISCONNECTED, old=DISCONNECTED, reason=radioTurnedOff
D/MobileDataStateTracker( 1255): cbs: Broadcast received: android.intent.action.ANY_DATA_STATE apnType=cbs
D/MobileDataStateTracker( 1255): cbs: Received state=DISCONNECTED, old=DISCONNECTED, reason=radioTurnedOff
D/MobileDataStateTracker( 1255): fota: Broadcast received: android.intent.action.ANY_DATA_STATE apnType=fota
D/MobileDataStateTracker( 1255): fota: Received state=DISCONNECTED, old=DISCONNECTED, reason=radioTurnedOff
D/MobileDataStateTracker( 1255): ia: Broadcast received: android.intent.action.ANY_DATA_STATE apnType=ia
D/MobileDataStateTracker( 1255): ia: Received state=DISCONNECTED, old=DISCONNECTED, reason=radioTurnedOff
D/MobileDataStateTracker( 1255): supl: Broadcast received: android.intent.action.ANY_DATA_STATE apnType=supl
D/MobileDataStateTracker( 1255): supl: Received state=DISCONNECTED, old=DISCONNECTED, reason=radioTurnedOff
D/MobileDataStateTracker( 1255): hipri: Broadcast received: android.intent.action.ANY_DATA_STATE apnType=hipri
D/MobileDataStateTracker( 1255): hipri: Received state=DISCONNECTED, old=DISCONNECTED, reason=radioTurnedOff
D/MobileDataStateTracker( 1255): ims: Broadcast received: android.intent.action.ANY_DATA_STATE apnType=ims
D/MobileDataStateTracker( 1255): ims: Received state=DISCONNECTED, old=DISCONNECTED, reason=radioTurnedOff
D/MobileDataStateTracker( 1255): default: Broadcast received: android.intent.action.ANY_DATA_STATE apnType=default
D/MobileDataStateTracker( 1255): default: Received state=DISCONNECTED, old=DISCONNECTED, reason=radioTurnedOff
D/MobileDataStateTracker( 1255): mms: Broadcast received: android.intent.action.ANY_DATA_STATE apnType=mms
D/MobileDataStateTracker( 1255): mms: Received state=DISCONNECTED, old=DISCONNECTED, reason=radioTurnedOff
D/MobileDataStateTracker( 1255): cbs: Broadcast received: android.intent.action.ANY_DATA_STATE apnType=cbs
D/MobileDataStateTracker( 1255): cbs: Received state=DISCONNECTED, old=DISCONNECTED, reason=radioTurnedOff
D/MobileDataStateTracker( 1255): fota: Broadcast received: android.intent.action.ANY_DATA_STATE apnType=fota
D/MobileDataStateTracker( 1255): fota: Received state=DISCONNECTED, old=DISCONNECTED, reason=dataDetached
D/MobileDataStateTracker( 1255): ia: Broadcast received: android.intent.action.ANY_DATA_STATE apnType=ia
D/MobileDataStateTracker( 1255): ia: Received state=DISCONNECTED, old=DISCONNECTED, reason=dataDetached
D/MobileDataStateTracker( 1255): supl: Broadcast received: android.intent.action.ANY_DATA_STATE apnType=supl
D/MobileDataStateTracker( 1255): supl: Received state=DISCONNECTED, old=DISCONNECTED, reason=dataDetached
D/MobileDataStateTracker( 1255): hipri: Broadcast received: android.intent.action.ANY_DATA_STATE apnType=hipri
D/MobileDataStateTracker( 1255): hipri: Received state=DISCONNECTED, old=DISCONNECTED, reason=dataDetached
D/MobileDataStateTracker( 1255): ims: Broadcast received: android.intent.action.ANY_DATA_STATE apnType=ims
D/MobileDataStateTracker( 1255): ims: Received state=DISCONNECTED, old=DISCONNECTED, reason=dataDetached
D/MobileDataStateTracker( 1255): default: Broadcast received: android.intent.action.ANY_DATA_STATE apnType=default
D/MobileDataStateTracker( 1255): default: Received state=DISCONNECTED, old=DISCONNECTED, reason=dataDetached
D/MobileDataStateTracker( 1255): mms: Broadcast received: android.intent.action.ANY_DATA_STATE apnType=mms
D/MobileDataStateTracker( 1255): mms: Received state=DISCONNECTED, old=DISCONNECTED, reason=dataDetached
D/MobileDataStateTracker( 1255): cbs: Broadcast received: android.intent.action.ANY_DATA_STATE apnType=cbs
D/MobileDataStateTracker( 1255): cbs: Received state=DISCONNECTED, old=DISCONNECTED, reason=dataDetached
D/MobileDataStateTracker( 1255): fota: Broadcast received: android.intent.action.ANY_DATA_STATE apnType=fota
D/MobileDataStateTracker( 1255): fota: Received state=DISCONNECTED, old=DISCONNECTED, reason=roamingOff
D/MobileDataStateTracker( 1255): ia: Broadcast received: android.intent.action.ANY_DATA_STATE apnType=ia
D/MobileDataStateTracker( 1255): ia: Received state=DISCONNECTED, old=DISCONNECTED, reason=roamingOff
D/MobileDataStateTracker( 1255): supl: Broadcast received: android.intent.action.ANY_DATA_STATE apnType=supl
D/MobileDataStateTracker( 1255): supl: Received state=DISCONNECTED, old=DISCONNECTED, reason=roamingOff
D/MobileDataStateTracker( 1255): hipri: Broadcast received: android.intent.action.ANY_DATA_STATE apnType=hipri
D/MobileDataStateTracker( 1255): hipri: Received state=DISCONNECTED, old=DISCONNECTED, reason=roamingOff
D/MobileDataStateTracker( 1255): ims: Broadcast received: android.intent.action.ANY_DATA_STATE apnType=ims
D/MobileDataStateTracker( 1255): ims: Received state=DISCONNECTED, old=DISCONNECTED, reason=roamingOff
D/MobileDataStateTracker( 1255): default: Broadcast received: android.intent.action.ANY_DATA_STATE apnType=default
D/MobileDataStateTracker( 1255): default: Received state=DISCONNECTED, old=DISCONNECTED, reason=roamingOff
D/MobileDataStateTracker( 1255): mms: Broadcast received: android.intent.action.ANY_DATA_STATE apnType=mms
D/MobileDataStateTracker( 1255): mms: Received state=DISCONNECTED, old=DISCONNECTED, reason=roamingOff
D/MobileDataStateTracker( 1255): cbs: Broadcast received: android.intent.action.ANY_DATA_STATE apnType=cbs
D/MobileDataStateTracker( 1255): cbs: Received state=DISCONNECTED, old=DISCONNECTED, reason=roamingOff
D/MobileDataStateTracker( 1255): fota: Broadcast received: android.intent.action.ANY_DATA_STATE apnType=fota
D/MobileDataStateTracker( 1255): fota: Received state=DISCONNECTED, old=DISCONNECTED, reason=roamingOff
D/MobileDataStateTracker( 1255): ia: Broadcast received: android.intent.action.ANY_DATA_STATE apnType=ia
D/MobileDataStateTracker( 1255): ia: Received state=DISCONNECTED, old=DISCONNECTED, reason=roamingOff
D/MobileDataStateTracker( 1255): supl: Broadcast received: android.intent.action.ANY_DATA_STATE apnType=supl
D/MobileDataStateTracker( 1255): supl: Received state=DISCONNECTED, old=DISCONNECTED, reason=roamingOff
D/MobileDataStateTracker( 1255): hipri: Broadcast received: android.intent.action.ANY_DATA_STATE apnType=hipri
D/MobileDataStateTracker( 1255): hipri: Received state=DISCONNECTED, old=DISCONNECTED, reason=roamingOff
D/MobileDataStateTracker( 1255): ims: Broadcast received: android.intent.action.ANY_DATA_STATE apnType=ims
D/MobileDataStateTracker( 1255): ims: Received state=DISCONNECTED, old=DISCONNECTED, reason=roamingOff
D/MobileDataStateTracker( 1255): default: Broadcast received: android.intent.action.ANY_DATA_STATE apnType=default
D/MobileDataStateTracker( 1255): default: Received state=DISCONNECTED, old=DISCONNECTED, reason=roamingOff
D/MobileDataStateTracker( 1255): mms: Broadcast received: android.intent.action.ANY_DATA_STATE apnType=mms
D/MobileDataStateTracker( 1255): mms: Received state=DISCONNECTED, old=DISCONNECTED, reason=roamingOff
D/MobileDataStateTracker( 1255): cbs: Broadcast received: android.intent.action.ANY_DATA_STATE apnType=cbs
D/MobileDataStateTracker( 1255): cbs: Received state=DISCONNECTED, old=DISCONNECTED, reason=roamingOff
D/MccTable( 1385): updateMccMncConfiguration: mcc=310, mnc=260
D/MccTable( 1385): getLocaleFromMcc to en_us mcc=310
D/MccTable( 1385): getLocaleForLanguageCountry: skipping already persisted
D/MccTable( 1385): getLocaleForLanguageCountry: X locale=null
D/MccTable( 1385): WIFI_COUNTRY_CODE set to us
I/WifiService( 1255): WifiService trying to set country code to us with persist set to true
D/MobileDataStateTracker( 1255): fota: Broadcast received: android.intent.action.ANY_DATA_STATE apnType=fota
D/MobileDataStateTracker( 1255): fota: Received state=DISCONNECTED, old=DISCONNECTED, reason=dataAttached
D/MobileDataStateTracker( 1255): ia: Broadcast received: android.intent.action.ANY_DATA_STATE apnType=ia
D/MobileDataStateTracker( 1255): ia: Received state=DISCONNECTED, old=DISCONNECTED, reason=dataAttached
D/MobileDataStateTracker( 1255): supl: Broadcast received: android.intent.action.ANY_DATA_STATE apnType=supl
D/MobileDataStateTracker( 1255): supl: Received state=DISCONNECTED, old=DISCONNECTED, reason=dataAttached
D/MobileDataStateTracker( 1255): hipri: Broadcast received: android.intent.action.ANY_DATA_STATE apnType=hipri
D/MobileDataStateTracker( 1255): hipri: Received state=DISCONNECTED, old=DISCONNECTED, reason=dataAttached
D/MobileDataStateTracker( 1255): ims: Broadcast received: android.intent.action.ANY_DATA_STATE apnType=ims
D/MobileDataStateTracker( 1255): ims: Received state=DISCONNECTED, old=DISCONNECTED, reason=dataAttached
D/MobileDataStateTracker( 1255): mms: Broadcast received: android.intent.action.ANY_DATA_STATE apnType=mms
D/MobileDataStateTracker( 1255): mms: Received state=DISCONNECTED, old=DISCONNECTED, reason=dataAttached
D/MobileDataStateTracker( 1255): cbs: Broadcast received: android.intent.action.ANY_DATA_STATE apnType=cbs
D/MobileDataStateTracker( 1255): cbs: Received state=DISCONNECTED, old=DISCONNECTED, reason=dataAttached
D/MobileDataStateTracker( 1255): fota: Broadcast received: android.intent.action.ANY_DATA_STATE apnType=fota
D/MobileDataStateTracker( 1255): fota: Received state=DISCONNECTED, old=DISCONNECTED, reason=dataAttached
D/MobileDataStateTracker( 1255): ia: Broadcast received: android.intent.action.ANY_DATA_STATE apnType=ia
D/MobileDataStateTracker( 1255): ia: Received state=DISCONNECTED, old=DISCONNECTED, reason=dataAttached
D/MobileDataStateTracker( 1255): supl: Broadcast received: android.intent.action.ANY_DATA_STATE apnType=supl
D/MobileDataStateTracker( 1255): supl: Received state=DISCONNECTED, old=DISCONNECTED, reason=dataAttached
D/MobileDataStateTracker( 1255): hipri: Broadcast received: android.intent.action.ANY_DATA_STATE apnType=hipri
D/MobileDataStateTracker( 1255): hipri: Received state=DISCONNECTED, old=DISCONNECTED, reason=dataAttached
D/MobileDataStateTracker( 1255): ims: Broadcast received: android.intent.action.ANY_DATA_STATE apnType=ims
D/MobileDataStateTracker( 1255): ims: Received state=DISCONNECTED, old=DISCONNECTED, reason=dataAttached
D/MobileDataStateTracker( 1255): mms: Broadcast received: android.intent.action.ANY_DATA_STATE apnType=mms
D/MobileDataStateTracker( 1255): mms: Received state=DISCONNECTED, old=DISCONNECTED, reason=dataAttached
D/MobileDataStateTracker( 1255): cbs: Broadcast received: android.intent.action.ANY_DATA_STATE apnType=cbs
D/MobileDataStateTracker( 1255): cbs: Received state=DISCONNECTED, old=DISCONNECTED, reason=dataAttached
D/MccTable( 1385): updateMccMncConfiguration: mcc=310, mnc=260
D/MccTable( 1385): getLocaleFromMcc to en_us mcc=310
D/MccTable( 1385): getLocaleForLanguageCountry: skipping already persisted
D/MccTable( 1385): getLocaleForLanguageCountry: X locale=null
D/MccTable( 1385): updateMccMncConfiguration updateConfig config={1.0 310mcc260mnc ?locale ?layoutDir ?swdp ?wdp ?hdp ?density ?lsize ?long ?orien ?uimode ?night ?touch ?keyb/?/? ?nav/?}
I/ActivityManager( 1255): Config changes=3 {1.0 310mcc260mnc uk_UA ldltr sw1066dp w1066dp h1681dp 120dpi xlrg port finger qwerty/v/v dpad/v s.5}
D/MccTable( 1385): updateMccMncConfiguration: mcc=310, mnc=260
D/MccTable( 1385): getLocaleFromMcc to en_us mcc=310
D/MccTable( 1385): getLocaleForLanguageCountry: skipping already persisted
D/MccTable( 1385): getLocaleForLanguageCountry: X locale=null
D/MccTable( 1385): updateMccMncConfiguration updateConfig config={1.0 310mcc260mnc ?locale ?layoutDir ?swdp ?wdp ?hdp ?density ?lsize ?long ?orien ?uimode ?night ?touch ?keyb/?/? ?nav/?}
D/MobileDataStateTracker( 1255): fota: Broadcast received: android.intent.action.ANY_DATA_STATE apnType=fota
D/MobileDataStateTracker( 1255): fota: Received state=DISCONNECTED, old=DISCONNECTED, reason=simLoaded
D/MobileDataStateTracker( 1255): ia: Broadcast received: android.intent.action.ANY_DATA_STATE apnType=ia
D/MobileDataStateTracker( 1255): ia: Received state=DISCONNECTED, old=DISCONNECTED, reason=simLoaded
