D/InputEventConsistencyVerifier(16177):   1: sent at 1280283000000, (unhandled) KeyEvent { action=ACTION_UP, keyCode=KEYCODE_DPAD_DOWN, scanCode=108, metaState=0, flags=0x80000008, repeatCount=0, eventTime=1280283, downTime=1280163, deviceId=0, source=0x301 }
D/InputEventConsistencyVerifier(16177):   2: sent at 1280003000000, (unhandled) KeyEvent { action=ACTION_UP, keyCode=KEYCODE_DPAD_DOWN, scanCode=108, metaState=0, flags=0x80000008, repeatCount=0, eventTime=1280003, downTime=1279872, deviceId=0, source=0x301 }
D/InputEventConsistencyVerifier(16177):   3: sent at 1279676000000, (unhandled) KeyEvent { action=ACTION_UP, keyCode=KEYCODE_DPAD_DOWN, scanCode=108, metaState=0, flags=0x80000008, repeatCount=0, eventTime=1279676, downTime=1279555, deviceId=0, source=0x301 }
D/InputEventConsistencyVerifier(16177):   4: sent at 1279272000000, (unhandled) KeyEvent { action=ACTION_UP, keyCode=KEYCODE_DPAD_DOWN, scanCode=108, metaState=0, flags=0x80000008, repeatCount=0, eventTime=1279272, downTime=1279122, deviceId=0, source=0x301 }
D/InputEventConsistencyVerifier(16177):   5: sent at 1279033000000, (unhandled) KeyEvent { action=ACTION_UP, keyCode=KEYCODE_DPAD_DOWN, scanCode=108, metaState=0, flags=0x80000008, repeatCount=0, eventTime=1279033, downTime=1278935, deviceId=0, source=0x301 }
E/SoundPool( 1255): error loading /system/media/audio/ui/Effect_Tick.ogg
W/AudioService( 1255): Soundpool could not load file: /system/media/audio/ui/Effect_Tick.ogg
E/SoundPool( 1255): error loading /system/media/audio/ui/Effect_Tick.ogg
W/AudioService( 1255): Soundpool could not load file: /system/media/audio/ui/Effect_Tick.ogg
E/SoundPool( 1255): error loading /system/media/audio/ui/Effect_Tick.ogg
W/AudioService( 1255): Soundpool could not load file: /system/media/audio/ui/Effect_Tick.ogg
E/SoundPool( 1255): error loading /system/media/audio/ui/Effect_Tick.ogg
W/AudioService( 1255): Soundpool could not load file: /system/media/audio/ui/Effect_Tick.ogg
E/SoundPool( 1255): error loading /system/media/audio/ui/Effect_Tick.ogg
W/AudioService( 1255): Soundpool could not load file: /system/media/audio/ui/Effect_Tick.ogg
E/SoundPool( 1255): error loading /system/media/audio/ui/KeypressStandard.ogg
W/AudioService( 1255): Soundpool could not load file: /system/media/audio/ui/KeypressStandard.ogg
E/SoundPool( 1255): error loading /system/media/audio/ui/KeypressSpacebar.ogg
W/AudioService( 1255): Soundpool could not load file: /system/media/audio/ui/KeypressSpacebar.ogg
E/SoundPool( 1255): error loading /system/media/audio/ui/KeypressDelete.ogg
W/AudioService( 1255): Soundpool could not load file: /system/media/audio/ui/KeypressDelete.ogg
E/SoundPool( 1255): error loading /system/media/audio/ui/KeypressReturn.ogg
W/AudioService( 1255): Soundpool could not load file: /system/media/audio/ui/KeypressReturn.ogg
E/SoundPool( 1255): error loading /system/media/audio/ui/KeypressInvalid.ogg
W/AudioService( 1255): Soundpool could not load file: /system/media/audio/ui/KeypressInvalid.ogg
W/AudioService( 1255): onLoadSoundEffects(), Error -1 while loading samples
W/asset   ( 1255): Asset path /data/app/com.example.semitop7.FireTVStyle-1.apk is neither a directory nor file (type=1).
W/PackageManager( 1255): Failure retrieving resources forcom.example.semitop7.FireTVStyle
W/asset   ( 1255): Asset path /data/app/com.example.semitop7.FireTVStyle-1.apk is neither a directory nor file (type=1).
W/PackageManager( 1255): Failure retrieving resources forcom.example.semitop7.FireTVStyle
D/InputEventConsistencyVerifier(16177): KeyEvent: ACTION_UP but key was not down.
D/InputEventConsistencyVerifier(16177):   in com.android.internal.policy.impl.PhoneWindow$DecorView{b2fb4b30 V.E..... R....... 0,0-800,1280}
D/InputEventConsistencyVerifier(16177):   0: sent at 1284329000000, KeyEvent { action=ACTION_UP, keyCode=KEYCODE_DPAD_RIGHT, scanCode=106, metaState=0, flags=0x8, repeatCount=0, eventTime=1284329, downTime=1284216, deviceId=0, source=0x301 }
D/InputEventConsistencyVerifier(16177):   -- recent events --
D/InputEventConsistencyVerifier(16177):   1: sent at 1281349000000, (unhandled) KeyEvent { action=ACTION_UP, keyCode=KEYCODE_DPAD_RIGHT, scanCode=106, metaState=0, flags=0x80000008, repeatCount=0, eventTime=1281349, downTime=1281255, deviceId=0, source=0x301 }
D/InputEventConsistencyVerifier(16177):   2: sent at 1280283000000, (unhandled) KeyEvent { action=ACTION_UP, keyCode=KEYCODE_DPAD_DOWN, scanCode=108, metaState=0, flags=0x80000008, repeatCount=0, eventTime=1280283, downTime=1280163, deviceId=0, source=0x301 }
D/InputEventConsistencyVerifier(16177):   3: sent at 1280003000000, (unhandled) KeyEvent { action=ACTION_UP, keyCode=KEYCODE_DPAD_DOWN, scanCode=108, metaState=0, flags=0x80000008, repeatCount=0, eventTime=1280003, downTime=1279872, deviceId=0, source=0x301 }
D/InputEventConsistencyVerifier(16177):   4: sent at 1279676000000, (unhandled) KeyEvent { action=ACTION_UP, keyCode=KEYCODE_DPAD_DOWN, scanCode=108, metaState=0, flags=0x80000008, repeatCount=0, eventTime=1279676, downTime=1279555, deviceId=0, source=0x301 }
D/InputEventConsistencyVerifier(16177):   5: sent at 1279272000000, (unhandled) KeyEvent { action=ACTION_UP, keyCode=KEYCODE_DPAD_DOWN, scanCode=108, metaState=0, flags=0x80000008, repeatCount=0, eventTime=1279272, downTime=1279122, deviceId=0, source=0x301 }
D/InputEventConsistencyVerifier(16177): KeyEvent: ACTION_UP but key was not down.
D/InputEventConsistencyVerifier(16177):   in com.android.internal.policy.impl.PhoneWindow$DecorView{b2fb4b30 V.E..... R....... 0,0-800,1280}
D/InputEventConsistencyVerifier(16177):   0: sent at 1284929000000, KeyEvent { action=ACTION_UP, keyCode=KEYCODE_DPAD_DOWN, scanCode=108, metaState=0, flags=0x8, repeatCount=0, eventTime=1284929, downTime=1284815, deviceId=0, source=0x301 }
D/InputEventConsistencyVerifier(16177):   -- recent events --
D/InputEventConsistencyVerifier(16177):   1: sent at 1284329000000, (unhandled) KeyEvent { action=ACTION_UP, keyCode=KEYCODE_DPAD_RIGHT, scanCode=106, metaState=0, flags=0x80000008, repeatCount=0, eventTime=1284329, downTime=1284216, deviceId=0, source=0x301 }
D/InputEventConsistencyVerifier(16177):   2: sent at 1281349000000, (unhandled) KeyEvent { action=ACTION_UP, keyCode=KEYCODE_DPAD_RIGHT, scanCode=106, metaState=0, flags=0x80000008, repeatCount=0, eventTime=1281349, downTime=1281255, deviceId=0, source=0x301 }
D/InputEventConsistencyVerifier(16177):   3: sent at 1280283000000, (unhandled) KeyEvent { action=ACTION_UP, keyCode=KEYCODE_DPAD_DOWN, scanCode=108, metaState=0, flags=0x80000008, repeatCount=0, eventTime=1280283, downTime=1280163, deviceId=0, source=0x301 }
D/InputEventConsistencyVerifier(16177):   4: sent at 1280003000000, (unhandled) KeyEvent { action=ACTION_UP, keyCode=KEYCODE_DPAD_DOWN, scanCode=108, metaState=0, flags=0x80000008, repeatCount=0, eventTime=1280003, downTime=1279872, deviceId=0, source=0x301 }
D/InputEventConsistencyVerifier(16177):   5: sent at 1279676000000, (unhandled) KeyEvent { action=ACTION_UP, keyCode=KEYCODE_DPAD_DOWN, scanCode=108, metaState=0, flags=0x80000008, repeatCount=0, eventTime=1279676, downTime=1279555, deviceId=0, source=0x301 }
D/dalvikvm(16177): GC_FOR_ALLOC freed 392K, 11% free 4211K/4680K, paused 0ms, total 0ms
D/InputEventConsistencyVerifier(16177): KeyEvent: ACTION_UP but key was not down.
D/InputEventConsistencyVerifier(16177):   in com.android.internal.policy.impl.PhoneWindow$DecorView{b2fb4b30 V.E..... R....... 0,0-800,1280}
D/InputEventConsistencyVerifier(16177):   0: sent at 1285219000000, KeyEvent { action=ACTION_UP, keyCode=KEYCODE_DPAD_DOWN, scanCode=108, metaState=0, flags=0x8, repeatCount=0, eventTime=1285219, downTime=1285072, deviceId=0, source=0x301 }
D/InputEventConsistencyVerifier(16177):   -- recent events --
D/InputEventConsistencyVerifier(16177):   1: sent at 1284929000000, (unhandled) KeyEvent { action=ACTION_UP, keyCode=KEYCODE_DPAD_DOWN, scanCode=108, metaState=0, flags=0x80000008, repeatCount=0, eventTime=1284929, downTime=1284815, deviceId=0, source=0x301 }
D/InputEventConsistencyVerifier(16177):   2: sent at 1284329000000, (unhandled) KeyEvent { action=ACTION_UP, keyCode=KEYCODE_DPAD_RIGHT, scanCode=106, metaState=0, flags=0x80000008, repeatCount=0, eventTime=1284329, downTime=1284216, deviceId=0, source=0x301 }
D/InputEventConsistencyVerifier(16177):   3: sent at 1281349000000, (unhandled) KeyEvent { action=ACTION_UP, keyCode=KEYCODE_DPAD_RIGHT, scanCode=106, metaState=0, flags=0x80000008, repeatCount=0, eventTime=1281349, downTime=1281255, deviceId=0, source=0x301 }
D/InputEventConsistencyVerifier(16177):   4: sent at 1280283000000, (unhandled) KeyEvent { action=ACTION_UP, keyCode=KEYCODE_DPAD_DOWN, scanCode=108, metaState=0, flags=0x80000008, repeatCount=0, eventTime=1280283, downTime=1280163, deviceId=0, source=0x301 }
D/InputEventConsistencyVerifier(16177):   5: sent at 1280003000000, (unhandled) KeyEvent { action=ACTION_UP, keyCode=KEYCODE_DPAD_DOWN, scanCode=108, metaState=0, flags=0x80000008, repeatCount=0, eventTime=1280003, downTime=1279872, deviceId=0, source=0x301 }
D/InputEventConsistencyVerifier(16177): KeyEvent: ACTION_UP but key was not down.
D/InputEventConsistencyVerifier(16177):   in com.android.internal.policy.impl.PhoneWindow$DecorView{b2fb4b30 V.E..... R....... 0,0-800,1280}
D/InputEventConsistencyVerifier(16177):   0: sent at 1285419000000, KeyEvent { action=ACTION_UP, keyCode=KEYCODE_DPAD_DOWN, scanCode=108, metaState=0, flags=0x8, repeatCount=0, eventTime=1285419, downTime=1285310, deviceId=0, source=0x301 }
D/InputEventConsistencyVerifier(16177):   -- recent events --
D/InputEventConsistencyVerifier(16177):   1: sent at 1285219000000, (unhandled) KeyEvent { action=ACTION_UP, keyCode=KEYCODE_DPAD_DOWN, scanCode=108, metaState=0, flags=0x80000008, repeatCount=0, eventTime=1285219, downTime=1285072, deviceId=0, source=0x301 }
D/InputEventConsistencyVerifier(16177):   2: sent at 1284929000000, (unhandled) KeyEvent { action=ACTION_UP, keyCode=KEYCODE_DPAD_DOWN, scanCode=108, metaState=0, flags=0x80000008, repeatCount=0, eventTime=1284929, downTime=1284815, deviceId=0, source=0x301 }
D/InputEventConsistencyVerifier(16177):   3: sent at 1284329000000, (unhandled) KeyEvent { action=ACTION_UP, keyCode=KEYCODE_DPAD_RIGHT, scanCode=106, metaState=0, flags=0x80000008, repeatCount=0, eventTime=1284329, downTime=1284216, deviceId=0, source=0x301 }
D/InputEventConsistencyVerifier(16177):   4: sent at 1281349000000, (unhandled) KeyEvent { action=ACTION_UP, keyCode=KEYCODE_DPAD_RIGHT, scanCode=106, metaState=0, flags=0x80000008, repeatCount=0, eventTime=1281349, downTime=1281255, deviceId=0, source=0x301 }
D/InputEventConsistencyVerifier(16177):   5: sent at 1280283000000, (unhandled) KeyEvent { action=ACTION_UP, keyCode=KEYCODE_DPAD_DOWN, scanCode=108, metaState=0, flags=0x80000008, repeatCount=0, eventTime=1280283, downTime=1280163, deviceId=0, source=0x301 }
D/InputEventConsistencyVerifier(16177): KeyEvent: ACTION_UP but key was not down.
D/InputEventConsistencyVerifier(16177):   in com.android.internal.policy.impl.PhoneWindow$DecorView{b2fb4b30 V.E..... R....... 0,0-800,1280}
D/InputEventConsistencyVerifier(16177):   0: sent at 1285685000000, KeyEvent { action=ACTION_UP, keyCode=KEYCODE_DPAD_DOWN, scanCode=108, metaState=0, flags=0x8, repeatCount=0, eventTime=1285685, downTime=1285527, deviceId=0, source=0x301 }
D/InputEventConsistencyVerifier(16177):   -- recent events --
D/InputEventConsistencyVerifier(16177):   1: sent at 1285419000000, (unhandled) KeyEvent { action=ACTION_UP, keyCode=KEYCODE_DPAD_DOWN, scanCode=108, metaState=0, flags=0x80000008, repeatCount=0, eventTime=1285419, downTime=1285310, deviceId=0, source=0x301 }
D/InputEventConsistencyVerifier(16177):   2: sent at 1285219000000, (unhandled) KeyEvent { action=ACTION_UP, keyCode=KEYCODE_DPAD_DOWN, scanCode=108, metaState=0, flags=0x80000008, repeatCount=0, eventTime=1285219, downTime=1285072, deviceId=0, source=0x301 }
D/InputEventConsistencyVerifier(16177):   3: sent at 1284929000000, (unhandled) KeyEvent { action=ACTION_UP, keyCode=KEYCODE_DPAD_DOWN, scanCode=108, metaState=0, flags=0x80000008, repeatCount=0, eventTime=1284929, downTime=1284815, deviceId=0, source=0x301 }
D/InputEventConsistencyVerifier(16177):   4: sent at 1284329000000, (unhandled) KeyEvent { action=ACTION_UP, keyCode=KEYCODE_DPAD_RIGHT, scanCode=106, metaState=0, flags=0x80000008, repeatCount=0, eventTime=1284329, downTime=1284216, deviceId=0, source=0x301 }
D/InputEventConsistencyVerifier(16177):   5: sent at 1281349000000, (unhandled) KeyEvent { action=ACTION_UP, keyCode=KEYCODE_DPAD_RIGHT, scanCode=106, metaState=0, flags=0x80000008, repeatCount=0, eventTime=1281349, downTime=1281255, deviceId=0, source=0x301 }
D/InputEventConsistencyVerifier(16177): KeyEvent: ACTION_UP but key was not down.
D/InputEventConsistencyVerifier(16177):   in com.android.internal.policy.impl.PhoneWindow$DecorView{b2fb4b30 V.E..... R....... 0,0-800,1280}
D/InputEventConsistencyVerifier(16177):   0: sent at 1285943000000, KeyEvent { action=ACTION_UP, keyCode=KEYCODE_DPAD_DOWN, scanCode=108, metaState=0, flags=0x8, repeatCount=0, eventTime=1285943, downTime=1285827, deviceId=0, source=0x301 }
D/InputEventConsistencyVerifier(16177):   -- recent events --
D/InputEventConsistencyVerifier(16177):   1: sent at 1285685000000, (unhandled) KeyEvent { action=ACTION_UP, keyCode=KEYCODE_DPAD_DOWN, scanCode=108, metaState=0, flags=0x80000008, repeatCount=0, eventTime=1285685, downTime=1285527, deviceId=0, source=0x301 }
D/InputEventConsistencyVerifier(16177):   2: sent at 1285419000000, (unhandled) KeyEvent { action=ACTION_UP, keyCode=KEYCODE_DPAD_DOWN, scanCode=108, metaState=0, flags=0x80000008, repeatCount=0, eventTime=1285419, downTime=1285310, deviceId=0, source=0x301 }
D/InputEventConsistencyVerifier(16177):   3: sent at 1285219000000, (unhandled) KeyEvent { action=ACTION_UP, keyCode=KEYCODE_DPAD_DOWN, scanCode=108, metaState=0, flags=0x80000008, repeatCount=0, eventTime=1285219, downTime=1285072, deviceId=0, source=0x301 }
D/InputEventConsistencyVerifier(16177):   4: sent at 1284929000000, (unhandled) KeyEvent { action=ACTION_UP, keyCode=KEYCODE_DPAD_DOWN, scanCode=108, metaState=0, flags=0x80000008, repeatCount=0, eventTime=1284929, downTime=1284815, deviceId=0, source=0x301 }
D/InputEventConsistencyVerifier(16177):   5: sent at 1284329000000, (unhandled) KeyEvent { action=ACTION_UP, keyCode=KEYCODE_DPAD_RIGHT, scanCode=106, metaState=0, flags=0x80000008, repeatCount=0, eventTime=1284329, downTime=1284216, deviceId=0, source=0x301 }
D/InputEventConsistencyVerifier(16177): KeyEvent: ACTION_UP but key was not down.
D/InputEventConsistencyVerifier(16177):   in com.android.internal.policy.impl.PhoneWindow$DecorView{b2fb4b30 V.E..... R....... 0,0-800,1280}
D/InputEventConsistencyVerifier(16177):   0: sent at 1286632000000, KeyEvent { action=ACTION_UP, keyCode=KEYCODE_DPAD_RIGHT, scanCode=106, metaState=0, flags=0x8, repeatCount=0, eventTime=1286632, downTime=1286557, deviceId=0, source=0x301 }
D/InputEventConsistencyVerifier(16177):   -- recent events --
D/InputEventConsistencyVerifier(16177):   1: sent at 1285943000000, (unhandled) KeyEvent { action=ACTION_UP, keyCode=KEYCODE_DPAD_DOWN, scanCode=108, metaState=0, flags=0x80000008, repeatCount=0, eventTime=1285943, downTime=1285827, deviceId=0, source=0x301 }
D/InputEventConsistencyVerifier(16177):   2: sent at 1285685000000, (unhandled) KeyEvent { action=ACTION_UP, keyCode=KEYCODE_DPAD_DOWN, scanCode=108, metaState=0, flags=0x80000008, repeatCount=0, eventTime=1285685, downTime=1285527, deviceId=0, source=0x301 }
D/InputEventConsistencyVerifier(16177):   3: sent at 1285419000000, (unhandled) KeyEvent { action=ACTION_UP, keyCode=KEYCODE_DPAD_DOWN, scanCode=108, metaState=0, flags=0x80000008, repeatCount=0, eventTime=1285419, downTime=1285310, deviceId=0, source=0x301 }
D/InputEventConsistencyVerifier(16177):   4: sent at 1285219000000, (unhandled) KeyEvent { action=ACTION_UP, keyCode=KEYCODE_DPAD_DOWN, scanCode=108, metaState=0, flags=0x80000008, repeatCount=0, eventTime=1285219, downTime=1285072, deviceId=0, source=0x301 }
D/InputEventConsistencyVerifier(16177):   5: sent at 1284929000000, (unhandled) KeyEvent { action=ACTION_UP, keyCode=KEYCODE_DPAD_DOWN, scanCode=108, metaState=0, flags=0x80000008, repeatCount=0, eventTime=1284929, downTime=1284815, deviceId=0, source=0x301 }
E/SoundPool( 1255): error loading /system/media/audio/ui/Effect_Tick.ogg
W/AudioService( 1255): Soundpool could not load file: /system/media/audio/ui/Effect_Tick.ogg
E/SoundPool( 1255): error loading /system/media/audio/ui/Effect_Tick.ogg
W/AudioService( 1255): Soundpool could not load file: /system/media/audio/ui/Effect_Tick.ogg
E/SoundPool( 1255): error loading /system/media/audio/ui/Effect_Tick.ogg
W/AudioService( 1255): Soundpool could not load file: /system/media/audio/ui/Effect_Tick.ogg
E/SoundPool( 1255): error loading /system/media/audio/ui/Effect_Tick.ogg
W/AudioService( 1255): Soundpool could not load file: /system/media/audio/ui/Effect_Tick.ogg
E/SoundPool( 1255): error loading /system/media/audio/ui/Effect_Tick.ogg
W/AudioService( 1255): Soundpool could not load file: /system/media/audio/ui/Effect_Tick.ogg
E/SoundPool( 1255): error loading /system/media/audio/ui/KeypressStandard.ogg
W/AudioService( 1255): Soundpool could not load file: /system/media/audio/ui/KeypressStandard.ogg
E/SoundPool( 1255): error loading /system/media/audio/ui/KeypressSpacebar.ogg
W/AudioService( 1255): Soundpool could not load file: /system/media/audio/ui/KeypressSpacebar.ogg
E/SoundPool( 1255): error loading /system/media/audio/ui/KeypressDelete.ogg
W/AudioService( 1255): Soundpool could not load file: /system/media/audio/ui/KeypressDelete.ogg
E/SoundPool( 1255): error loading /system/media/audio/ui/KeypressReturn.ogg
W/AudioService( 1255): Soundpool could not load file: /system/media/audio/ui/KeypressReturn.ogg
E/SoundPool( 1255): error loading /system/media/audio/ui/KeypressInvalid.ogg
W/AudioService( 1255): Soundpool could not load file: /system/media/audio/ui/KeypressInvalid.ogg
W/AudioService( 1255): onLoadSoundEffects(), Error -1 while loading samples
W/asset   ( 1255): Asset path /data/app/com.example.semitop7.FireTVStyle-1.apk is neither a directory nor file (type=1).
W/PackageManager( 1255): Failure retrieving resources forcom.example.semitop7.FireTVStyle
W/asset   ( 1255): Asset path /data/app/com.example.semitop7.FireTVStyle-1.apk is neither a directory nor file (type=1).
W/PackageManager( 1255): Failure retrieving resources forcom.example.semitop7.FireTVStyle
D/InputEventConsistencyVerifier(16177): KeyEvent: ACTION_UP but key was not down.
D/InputEventConsistencyVerifier(16177):   in com.android.internal.policy.impl.PhoneWindow$DecorView{b2fb4b30 V.E..... R....... 0,0-800,1280}
D/InputEventConsistencyVerifier(16177):   0: sent at 1288955000000, KeyEvent { action=ACTION_UP, keyCode=KEYCODE_DPAD_DOWN, scanCode=108, metaState=0, flags=0x8, repeatCount=0, eventTime=1288955, downTime=1288852, deviceId=0, source=0x301 }
D/InputEventConsistencyVerifier(16177):   -- recent events --
D/InputEventConsistencyVerifier(16177):   1: sent at 1286632000000, (unhandled) KeyEvent { action=ACTION_UP, keyCode=KEYCODE_DPAD_RIGHT, scanCode=106, metaState=0, flags=0x80000008, repeatCount=0, eventTime=1286632, downTime=1286557, deviceId=0, source=0x301 }
D/InputEventConsistencyVerifier(16177):   2: sent at 1285943000000, (unhandled) KeyEvent { action=ACTION_UP, keyCode=KEYCODE_DPAD_DOWN, scanCode=108, metaState=0, flags=0x80000008, repeatCount=0, eventTime=1285943, downTime=1285827, deviceId=0, source=0x301 }
D/InputEventConsistencyVerifier(16177):   3: sent at 1285685000000, (unhandled) KeyEvent { action=ACTION_UP, keyCode=KEYCODE_DPAD_DOWN, scanCode=108, metaState=0, flags=0x80000008, repeatCount=0, eventTime=1285685, downTime=1285527, deviceId=0, source=0x301 }
D/InputEventConsistencyVerifier(16177):   4: sent at 1285419000000, (unhandled) KeyEvent { action=ACTION_UP, keyCode=KEYCODE_DPAD_DOWN, scanCode=108, metaState=0, flags=0x80000008, repeatCount=0, eventTime=1285419, downTime=1285310, deviceId=0, source=0x301 }
D/InputEventConsistencyVerifier(16177):   5: sent at 1285219000000, (unhandled) KeyEvent { action=ACTION_UP, keyCode=KEYCODE_DPAD_DOWN, scanCode=108, metaState=0, flags=0x80000008, repeatCount=0, eventTime=1285219, downTime=1285072, deviceId=0, source=0x301 }
D/InputEventConsistencyVerifier(16177): KeyEvent: ACTION_UP but key was not down.
D/InputEventConsistencyVerifier(16177):   in com.android.internal.policy.impl.PhoneWindow$DecorView{b2fb4b30 V.E..... R....... 0,0-800,1280}
D/InputEventConsistencyVerifier(16177):   0: sent at 1289179000000, KeyEvent { action=ACTION_UP, keyCode=KEYCODE_DPAD_DOWN, scanCode=108, metaState=0, flags=0x8, repeatCount=0, eventTime=1289179, downTime=1289063, deviceId=0, source=0x301 }
D/InputEventConsistencyVerifier(16177):   -- recent events --
D/InputEventConsistencyVerifier(16177):   1: sent at 1288955000000, (unhandled) KeyEvent { action=ACTION_UP, keyCode=KEYCODE_DPAD_DOWN, scanCode=108, metaState=0, flags=0x80000008, repeatCount=0, eventTime=1288955, downTime=1288852, deviceId=0, source=0x301 }
D/InputEventConsistencyVerifier(16177):   2: sent at 1286632000000, (unhandled) KeyEvent { action=ACTION_UP, keyCode=KEYCODE_DPAD_RIGHT, scanCode=106, metaState=0, flags=0x80000008, repeatCount=0, eventTime=1286632, downTime=1286557, deviceId=0, source=0x301 }
D/InputEventConsistencyVerifier(16177):   3: sent at 1285943000000, (unhandled) KeyEvent { action=ACTION_UP, keyCode=KEYCODE_DPAD_DOWN, scanCode=108, metaState=0, flags=0x80000008, repeatCount=0, eventTime=1285943, downTime=1285827, deviceId=0, source=0x301 }
D/InputEventConsistencyVerifier(16177):   4: sent at 1285685000000, (unhandled) KeyEvent { action=ACTION_UP, keyCode=KEYCODE_DPAD_DOWN, scanCode=108, metaState=0, flags=0x80000008, repeatCount=0, eventTime=1285685, downTime=1285527, deviceId=0, source=0x301 }
D/InputEventConsistencyVerifier(16177):   5: sent at 1285419000000, (unhandled) KeyEvent { action=ACTION_UP, keyCode=KEYCODE_DPAD_DOWN, scanCode=108, metaState=0, flags=0x80000008, repeatCount=0, eventTime=1285419, downTime=1285310, deviceId=0, source=0x301 }
D/InputEventConsistencyVerifier(16177): KeyEvent: ACTION_UP but key was not down.
D/InputEventConsistencyVerifier(16177):   in com.android.internal.policy.impl.PhoneWindow$DecorView{b2fb4b30 V.E..... R....... 0,0-800,1280}
D/InputEventConsistencyVerifier(16177):   0: sent at 1289419000000, KeyEvent { action=ACTION_UP, keyCode=KEYCODE_DPAD_DOWN, scanCode=108, metaState=0, flags=0x8, repeatCount=0, eventTime=1289419, downTime=1289304, deviceId=0, source=0x301 }
D/InputEventConsistencyVerifier(16177):   -- recent events --
D/InputEventConsistencyVerifier(16177):   1: sent at 1289179000000, (unhandled) KeyEvent { action=ACTION_UP, keyCode=KEYCODE_DPAD_DOWN, scanCode=108, metaState=0, flags=0x80000008, repeatCount=0, eventTime=1289179, downTime=1289063, deviceId=0, source=0x301 }
D/InputEventConsistencyVerifier(16177):   2: sent at 1288955000000, (unhandled) KeyEvent { action=ACTION_UP, keyCode=KEYCODE_DPAD_DOWN, scanCode=108, metaState=0, flags=0x80000008, repeatCount=0, eventTime=1288955, downTime=1288852, deviceId=0, source=0x301 }
D/InputEventConsistencyVerifier(16177):   3: sent at 1286632000000, (unhandled) KeyEvent { action=ACTION_UP, keyCode=KEYCODE_DPAD_RIGHT, scanCode=106, metaState=0, flags=0x80000008, repeatCount=0, eventTime=1286632, downTime=1286557, deviceId=0, source=0x301 }
D/InputEventConsistencyVerifier(16177):   4: sent at 1285943000000, (unhandled) KeyEvent { action=ACTION_UP, keyCode=KEYCODE_DPAD_DOWN, scanCode=108, metaState=0, flags=0x80000008, repeatCount=0, eventTime=1285943, downTime=1285827, deviceId=0, source=0x301 }
D/InputEventConsistencyVerifier(16177):   5: sent at 1285685000000, (unhandled) KeyEvent { action=ACTION_UP, keyCode=KEYCODE_DPAD_DOWN, scanCode=108, metaState=0, flags=0x80000008, repeatCount=0, eventTime=1285685, downTime=1285527, deviceId=0, source=0x301 }
D/InputEventConsistencyVerifier(16177): KeyEvent: ACTION_UP but key was not down.
D/InputEventConsistencyVerifier(16177):   in com.android.internal.policy.impl.PhoneWindow$DecorView{b2fb4b30 V.E..... R....... 0,0-800,1280}
D/InputEventConsistencyVerifier(16177):   0: sent at 1289642000000, KeyEvent { action=ACTION_UP, keyCode=KEYCODE_DPAD_DOWN, scanCode=108, metaState=0, flags=0x8, repeatCount=0, eventTime=1289642, downTime=1289490, deviceId=0, source=0x301 }
D/InputEventConsistencyVerifier(16177):   -- recent events --
D/InputEventConsistencyVerifier(16177):   1: sent at 1289419000000, (unhandled) KeyEvent { action=ACTION_UP, keyCode=KEYCODE_DPAD_DOWN, scanCode=108, metaState=0, flags=0x80000008, repeatCount=0, eventTime=1289419, downTime=1289304, deviceId=0, source=0x301 }
D/InputEventConsistencyVerifier(16177):   2: sent at 1289179000000, (unhandled) KeyEvent { action=ACTION_UP, keyCode=KEYCODE_DPAD_DOWN, scanCode=108, metaState=0, flags=0x80000008, repeatCount=0, eventTime=1289179, downTime=1289063, deviceId=0, source=0x301 }
D/InputEventConsistencyVerifier(16177):   3: sent at 1288955000000, (unhandled) KeyEvent { action=ACTION_UP, keyCode=KEYCODE_DPAD_DOWN, scanCode=108, metaState=0, flags=0x80000008, repeatCount=0, eventTime=1288955, downTime=1288852, deviceId=0, source=0x301 }
D/InputEventConsistencyVerifier(16177):   4: sent at 1286632000000, (unhandled) KeyEvent { action=ACTION_UP, keyCode=KEYCODE_DPAD_RIGHT, scanCode=106, metaState=0, flags=0x80000008, repeatCount=0, eventTime=1286632, downTime=1286557, deviceId=0, source=0x301 }
D/InputEventConsistencyVerifier(16177):   5: sent at 1285943000000, (unhandled) KeyEvent { action=ACTION_UP, keyCode=KEYCODE_DPAD_DOWN, scanCode=108, metaState=0, flags=0x80000008, repeatCount=0, eventTime=1285943, downTime=1285827, deviceId=0, source=0x301 }
D/InputEventConsistencyVerifier(16177): KeyEvent: ACTION_UP but key was not down.
D/InputEventConsistencyVerifier(16177):   in com.android.internal.policy.impl.PhoneWindow$DecorView{b2fb4b30 V.E..... R....... 0,0-800,1280}
D/InputEventConsistencyVerifier(16177):   0: sent at 1289849000000, KeyEvent { action=ACTION_UP, keyCode=KEYCODE_DPAD_DOWN, scanCode=108, metaState=0, flags=0x8, repeatCount=0, eventTime=1289849, downTime=1289697, deviceId=0, source=0x301 }
D/InputEventConsistencyVerifier(16177):   -- recent events --
D/InputEventConsistencyVerifier(16177):   1: sent at 1289642000000, (unhandled) KeyEvent { action=ACTION_UP, keyCode=KEYCODE_DPAD_DOWN, scanCode=108, metaState=0, flags=0x80000008, repeatCount=0, eventTime=1289642, downTime=1289490, deviceId=0, source=0x301 }
D/InputEventConsistencyVerifier(16177):   2: sent at 1289419000000, (unhandled) KeyEvent { action=ACTION_UP, keyCode=KEYCODE_DPAD_DOWN, scanCode=108, metaState=0, flags=0x80000008, repeatCount=0, eventTime=1289419, downTime=1289304, deviceId=0, source=0x301 }
D/InputEventConsistencyVerifier(16177):   3: sent at 1289179000000, (unhandled) KeyEvent { action=ACTION_UP, keyCode=KEYCODE_DPAD_DOWN, scanCode=108, metaState=0, flags=0x80000008, repeatCount=0, eventTime=1289179, downTime=1289063, deviceId=0, source=0x301 }
D/InputEventConsistencyVerifier(16177):   4: sent at 1288955000000, (unhandled) KeyEvent { action=ACTION_UP, keyCode=KEYCODE_DPAD_DOWN, scanCode=108, metaState=0, flags=0x80000008, repeatCount=0, eventTime=1288955, downTime=1288852, deviceId=0, source=0x301 }
D/InputEventConsistencyVerifier(16177):   5: sent at 1286632000000, (unhandled) KeyEvent { action=ACTION_UP, keyCode=KEYCODE_DPAD_RIGHT, scanCode=106, metaState=0, flags=0x80000008, repeatCount=0, eventTime=1286632, downTime=1286557, deviceId=0, source=0x301 }
D/InputEventConsistencyVerifier(16177): KeyEvent: ACTION_UP but key was not down.
D/InputEventConsistencyVerifier(16177):   in com.android.internal.policy.impl.PhoneWindow$DecorView{b2fb4b30 V.E..... R....... 0,0-800,1280}
D/InputEventConsistencyVerifier(16177):   0: sent at 1290882000000, KeyEvent { action=ACTION_UP, keyCode=KEYCODE_DPAD_RIGHT, scanCode=106, metaState=0, flags=0x8, repeatCount=0, eventTime=1290882, downTime=1290782, deviceId=0, source=0x301 }
D/InputEventConsistencyVerifier(16177):   -- recent events --
D/InputEventConsistencyVerifier(16177):   1: sent at 1289849000000, (unhandled) KeyEvent { action=ACTION_UP, keyCode=KEYCODE_DPAD_DOWN, scanCode=108, metaState=0, flags=0x80000008, repeatCount=0, eventTime=1289849, downTime=1289697, deviceId=0, source=0x301 }
D/InputEventConsistencyVerifier(16177):   2: sent at 1289642000000, (unhandled) KeyEvent { action=ACTION_UP, keyCode=KEYCODE_DPAD_DOWN, scanCode=108, metaState=0, flags=0x80000008, repeatCount=0, eventTime=1289642, downTime=1289490, deviceId=0, source=0x301 }
D/InputEventConsistencyVerifier(16177):   3: sent at 1289419000000, (unhandled) KeyEvent { action=ACTION_UP, keyCode=KEYCODE_DPAD_DOWN, scanCode=108, metaState=0, flags=0x80000008, repeatCount=0, eventTime=1289419, downTime=1289304, deviceId=0, source=0x301 }
D/InputEventConsistencyVerifier(16177):   4: sent at 1289179000000, (unhandled) KeyEvent { action=ACTION_UP, keyCode=KEYCODE_DPAD_DOWN, scanCode=108, metaState=0, flags=0x80000008, repeatCount=0, eventTime=1289179, downTime=1289063, deviceId=0, source=0x301 }
D/InputEventConsistencyVerifier(16177):   5: sent at 1288955000000, (unhandled) KeyEvent { action=ACTION_UP, keyCode=KEYCODE_DPAD_DOWN, scanCode=108, metaState=0, flags=0x80000008, repeatCount=0, eventTime=1288955, downTime=1288852, deviceId=0, source=0x301 }
E/SoundPool( 1255): error loading /system/media/audio/ui/Effect_Tick.ogg
W/AudioService( 1255): Soundpool could not load file: /system/media/audio/ui/Effect_Tick.ogg
E/SoundPool( 1255): error loading /system/media/audio/ui/Effect_Tick.ogg
W/AudioService( 1255): Soundpool could not load file: /system/media/audio/ui/Effect_Tick.ogg
E/SoundPool( 1255): error loading /system/media/audio/ui/Effect_Tick.ogg
W/AudioService( 1255): Soundpool could not load file: /system/media/audio/ui/Effect_Tick.ogg
E/SoundPool( 1255): error loading /system/media/audio/ui/Effect_Tick.ogg
W/AudioService( 1255): Soundpool could not load file: /system/media/audio/ui/Effect_Tick.ogg
E/SoundPool( 1255): error loading /system/media/audio/ui/Effect_Tick.ogg
W/AudioService( 1255): Soundpool could not load file: /system/media/audio/ui/Effect_Tick.ogg
E/SoundPool( 1255): error loading /system/media/audio/ui/KeypressStandard.ogg
W/AudioService( 1255): Soundpool could not load file: /system/media/audio/ui/KeypressStandard.ogg
E/SoundPool( 1255): error loading /system/media/audio/ui/KeypressSpacebar.ogg
W/AudioService( 1255): Soundpool could not load file: /system/media/audio/ui/KeypressSpacebar.ogg
E/SoundPool( 1255): error loading /system/media/audio/ui/KeypressDelete.ogg
W/AudioService( 1255): Soundpool could not load file: /system/media/audio/ui/KeypressDelete.ogg
E/SoundPool( 1255): error loading /system/media/audio/ui/KeypressReturn.ogg
W/AudioService( 1255): Soundpool could not load file: /system/media/audio/ui/KeypressReturn.ogg
E/SoundPool( 1255): error loading /system/media/audio/ui/KeypressInvalid.ogg
W/AudioService( 1255): Soundpool could not load file: /system/media/audio/ui/KeypressInvalid.ogg
W/AudioService( 1255): onLoadSoundEffects(), Error -1 while loading samples
W/asset   ( 1255): Asset path /data/app/com.example.semitop7.FireTVStyle-1.apk is neither a directory nor file (type=1).
W/PackageManager( 1255): Failure retrieving resources forcom.example.semitop7.FireTVStyle
W/asset   ( 1255): Asset path /data/app/com.example.semitop7.FireTVStyle-1.apk is neither a directory nor file (type=1).
W/PackageManager( 1255): Failure retrieving resources forcom.example.semitop7.FireTVStyle
D/InputEventConsistencyVerifier(16177): KeyEvent: ACTION_UP but key was not down.
D/InputEventConsistencyVerifier(16177):   in com.android.internal.policy.impl.PhoneWindow$DecorView{b2fb4b30 V.E..... R....... 0,0-800,1280}
D/InputEventConsistencyVerifier(16177):   0: sent at 1292549000000, KeyEvent { action=ACTION_UP, keyCode=KEYCODE_DPAD_DOWN, scanCode=108, metaState=0, flags=0x8, repeatCount=0, eventTime=1292549, downTime=1292434, deviceId=0, source=0x301 }
D/InputEventConsistencyVerifier(16177):   -- recent events --
D/InputEventConsistencyVerifier(16177):   1: sent at 1290882000000, (unhandled) KeyEvent { action=ACTION_UP, keyCode=KEYCODE_DPAD_RIGHT, scanCode=106, metaState=0, flags=0x80000008, repeatCount=0, eventTime=1290882, downTime=1290782, deviceId=0, source=0x301 }
D/InputEventConsistencyVerifier(16177):   2: sent at 1289849000000, (unhandled) KeyEvent { action=ACTION_UP, keyCode=KEYCODE_DPAD_DOWN, scanCode=108, metaState=0, flags=0x80000008, repeatCount=0, eventTime=1289849, downTime=1289697, deviceId=0, source=0x301 }
D/InputEventConsistencyVerifier(16177):   3: sent at 1289642000000, (unhandled) KeyEvent { action=ACTION_UP, keyCode=KEYCODE_DPAD_DOWN, scanCode=108, metaState=0, flags=0x80000008, repeatCount=0, eventTime=1289642, downTime=1289490, deviceId=0, source=0x301 }
D/InputEventConsistencyVerifier(16177):   4: sent at 1289419000000, (unhandled) KeyEvent { action=ACTION_UP, keyCode=KEYCODE_DPAD_DOWN, scanCode=108, metaState=0, flags=0x80000008, repeatCount=0, eventTime=1289419, downTime=1289304, deviceId=0, source=0x301 }
D/InputEventConsistencyVerifier(16177):   5: sent at 1289179000000, (unhandled) KeyEvent { action=ACTION_UP, keyCode=KEYCODE_DPAD_DOWN, scanCode=108, metaState=0, flags=0x80000008, repeatCount=0, eventTime=1289179, downTime=1289063, deviceId=0, source=0x301 }
D/InputEventConsistencyVerifier(16177): KeyEvent: ACTION_UP but key was not down.
D/InputEventConsistencyVerifier(16177):   in com.android.internal.policy.impl.PhoneWindow$DecorView{b2fb4b30 V.E..... R....... 0,0-800,1280}
D/InputEventConsistencyVerifier(16177):   0: sent at 1292772000000, KeyEvent { action=ACTION_UP, keyCode=KEYCODE_DPAD_DOWN, scanCode=108, metaState=0, flags=0x8, repeatCount=0, eventTime=1292772, downTime=1292656, deviceId=0, source=0x301 }
D/InputEventConsistencyVerifier(16177):   -- recent events --
D/InputEventConsistencyVerifier(16177):   1: sent at 1292549000000, (unhandled) KeyEvent { action=ACTION_UP, keyCode=KEYCODE_DPAD_DOWN, scanCode=108, metaState=0, flags=0x80000008, repeatCount=0, eventTime=1292549, downTime=1292434, deviceId=0, source=0x301 }
D/InputEventConsistencyVerifier(16177):   2: sent at 1290882000000, (unhandled) KeyEvent { action=ACTION_UP, keyCode=KEYCODE_DPAD_RIGHT, scanCode=106, metaState=0, flags=0x80000008, repeatCount=0, eventTime=1290882, downTime=1290782, deviceId=0, source=0x301 }
D/InputEventConsistencyVerifier(16177):   3: sent at 1289849000000, (unhandled) KeyEvent { action=ACTION_UP, keyCode=KEYCODE_DPAD_DOWN, scanCode=108, metaState=0, flags=0x80000008, repeatCount=0, eventTime=1289849, downTime=1289697, deviceId=0, source=0x301 }
D/InputEventConsistencyVerifier(16177):   4: sent at 1289642000000, (unhandled) KeyEvent { action=ACTION_UP, keyCode=KEYCODE_DPAD_DOWN, scanCode=108, metaState=0, flags=0x80000008, repeatCount=0, eventTime=1289642, downTime=1289490, deviceId=0, source=0x301 }
D/InputEventConsistencyVerifier(16177):   5: sent at 1289419000000, (unhandled) KeyEvent { action=ACTION_UP, keyCode=KEYCODE_DPAD_DOWN, scanCode=108, metaState=0, flags=0x80000008, repeatCount=0, eventTime=1289419, downTime=1289304, deviceId=0, source=0x301 }
D/InputEventConsistencyVerifier(16177): KeyEvent: ACTION_UP but key was not down.
D/InputEventConsistencyVerifier(16177):   in com.android.internal.policy.impl.PhoneWindow$DecorView{b2fb4b30 V.E..... R......D 0,0-800,1280}
D/InputEventConsistencyVerifier(16177):   0: sent at 1292979000000, KeyEvent { action=ACTION_UP, keyCode=KEYCODE_DPAD_DOWN, scanCode=108, metaState=0, flags=0x8, repeatCount=0, eventTime=1292979, downTime=1292843, deviceId=0, source=0x301 }
D/InputEventConsistencyVerifier(16177):   -- recent events --
D/InputEventConsistencyVerifier(16177):   1: sent at 1292772000000, (unhandled) KeyEvent { action=ACTION_UP, keyCode=KEYCODE_DPAD_DOWN, scanCode=108, metaState=0, flags=0x80000008, repeatCount=0, eventTime=1292772, downTime=1292656, deviceId=0, source=0x301 }
D/InputEventConsistencyVerifier(16177):   2: sent at 1292549000000, (unhandled) KeyEvent { action=ACTION_UP, keyCode=KEYCODE_DPAD_DOWN, scanCode=108, metaState=0, flags=0x80000008, repeatCount=0, eventTime=1292549, downTime=1292434, deviceId=0, source=0x301 }
D/InputEventConsistencyVerifier(16177):   3: sent at 1290882000000, (unhandled) KeyEvent { action=ACTION_UP, keyCode=KEYCODE_DPAD_RIGHT, scanCode=106, metaState=0, flags=0x80000008, repeatCount=0, eventTime=1290882, downTime=1290782, deviceId=0, source=0x301 }
D/InputEventConsistencyVerifier(16177):   4: sent at 1289849000000, (unhandled) KeyEvent { action=ACTION_UP, keyCode=KEYCODE_DPAD_DOWN, scanCode=108, metaState=0, flags=0x80000008, repeatCount=0, eventTime=1289849, downTime=1289697, deviceId=0, source=0x301 }
D/InputEventConsistencyVerifier(16177):   5: sent at 1289642000000, (unhandled) KeyEvent { action=ACTION_UP, keyCode=KEYCODE_DPAD_DOWN, scanCode=108, metaState=0, flags=0x80000008, repeatCount=0, eventTime=1289642, downTime=1289490, deviceId=0, source=0x301 }
D/InputEventConsistencyVerifier(16177): KeyEvent: ACTION_UP but key was not down.
D/InputEventConsistencyVerifier(16177):   in com.android.internal.policy.impl.PhoneWindow$DecorView{b2fb4b30 V.E..... R....... 0,0-800,1280}
D/InputEventConsistencyVerifier(16177):   0: sent at 1293164000000, KeyEvent { action=ACTION_UP, keyCode=KEYCODE_DPAD_DOWN, scanCode=108, metaState=0, flags=0x8, repeatCount=0, eventTime=1293164, downTime=1293049, deviceId=0, source=0x301 }
D/InputEventConsistencyVerifier(16177):   -- recent events --
D/InputEventConsistencyVerifier(16177):   1: sent at 1292979000000, (unhandled) KeyEvent { action=ACTION_UP, keyCode=KEYCODE_DPAD_DOWN, scanCode=108, metaState=0, flags=0x80000008, repeatCount=0, eventTime=1292979, downTime=1292843, deviceId=0, source=0x301 }
D/InputEventConsistencyVerifier(16177):   2: sent at 1292772000000, (unhandled) KeyEvent { action=ACTION_UP, keyCode=KEYCODE_DPAD_DOWN, scanCode=108, metaState=0, flags=0x80000008, repeatCount=0, eventTime=1292772, downTime=1292656, deviceId=0, source=0x301 }
D/InputEventConsistencyVerifier(16177):   3: sent at 1292549000000, (unhandled) KeyEvent { action=ACTION_UP, keyCode=KEYCODE_DPAD_DOWN, scanCode=108, metaState=0, flags=0x80000008, repeatCount=0, eventTime=1292549, downTime=1292434, deviceId=0, source=0x301 }
D/InputEventConsistencyVerifier(16177):   4: sent at 1290882000000, (unhandled) KeyEvent { action=ACTION_UP, keyCode=KEYCODE_DPAD_RIGHT, scanCode=106, metaState=0, flags=0x80000008, repeatCount=0, eventTime=1290882, downTime=1290782, deviceId=0, source=0x301 }
D/InputEventConsistencyVerifier(16177):   5: sent at 1289849000000, (unhandled) KeyEvent { action=ACTION_UP, keyCode=KEYCODE_DPAD_DOWN, scanCode=108, metaState=0, flags=0x80000008, repeatCount=0, eventTime=1289849, downTime=1289697, deviceId=0, source=0x301 }
D/InputEventConsistencyVerifier(16177): KeyEvent: ACTION_UP but key was not down.
D/InputEventConsistencyVerifier(16177):   in com.android.internal.policy.impl.PhoneWindow$DecorView{b2fb4b30 V.E..... R....... 0,0-800,1280}
D/InputEventConsistencyVerifier(16177):   0: sent at 1293395000000, KeyEvent { action=ACTION_UP, keyCode=KEYCODE_DPAD_DOWN, scanCode=108, metaState=0, flags=0x8, repeatCount=0, eventTime=1293395, downTime=1293257, deviceId=0, source=0x301 }
D/InputEventConsistencyVerifier(16177):   -- recent events --
D/InputEventConsistencyVerifier(16177):   1: sent at 1293164000000, (unhandled) KeyEvent { action=ACTION_UP, keyCode=KEYCODE_DPAD_DOWN, scanCode=108, metaState=0, flags=0x80000008, repeatCount=0, eventTime=1293164, downTime=1293049, deviceId=0, source=0x301 }
D/InputEventConsistencyVerifier(16177):   2: sent at 1292979000000, (unhandled) KeyEvent { action=ACTION_UP, keyCode=KEYCODE_DPAD_DOWN, scanCode=108, metaState=0, flags=0x80000008, repeatCount=0, eventTime=1292979, downTime=1292843, deviceId=0, source=0x301 }
D/InputEventConsistencyVerifier(16177):   3: sent at 1292772000000, (unhandled) KeyEvent { action=ACTION_UP, keyCode=KEYCODE_DPAD_DOWN, scanCode=108, metaState=0, flags=0x80000008, repeatCount=0, eventTime=1292772, downTime=1292656, deviceId=0, source=0x301 }
D/InputEventConsistencyVerifier(16177):   4: sent at 1292549000000, (unhandled) KeyEvent { action=ACTION_UP, keyCode=KEYCODE_DPAD_DOWN, scanCode=108, metaState=0, flags=0x80000008, repeatCount=0, eventTime=1292549, downTime=1292434, deviceId=0, source=0x301 }
D/InputEventConsistencyVerifier(16177):   5: sent at 1290882000000, (unhandled) KeyEvent { action=ACTION_UP, keyCode=KEYCODE_DPAD_RIGHT, scanCode=106, metaState=0, flags=0x80000008, repeatCount=0, eventTime=1290882, downTime=1290782, deviceId=0, source=0x301 }
D/InputEventConsistencyVerifier(16177): KeyEvent: ACTION_UP but key was not down.
D/InputEventConsistencyVerifier(16177):   in com.android.internal.policy.impl.PhoneWindow$DecorView{b2fb4b30 V.E..... R....... 0,0-800,1280}
D/InputEventConsistencyVerifier(16177):   0: sent at 1294479000000, KeyEvent { action=ACTION_UP, keyCode=KEYCODE_DPAD_RIGHT, scanCode=106, metaState=0, flags=0x8, repeatCount=0, eventTime=1294479, downTime=1294365, deviceId=0, source=0x301 }
D/InputEventConsistencyVerifier(16177):   -- recent events --
D/InputEventConsistencyVerifier(16177):   1: sent at 1293395000000, (unhandled) KeyEvent { action=ACTION_UP, keyCode=KEYCODE_DPAD_DOWN, scanCode=108, metaState=0, flags=0x80000008, repeatCount=0, eventTime=1293395, downTime=1293257, deviceId=0, source=0x301 }
D/InputEventConsistencyVerifier(16177):   2: sent at 1293164000000, (unhandled) KeyEvent { action=ACTION_UP, keyCode=KEYCODE_DPAD_DOWN, scanCode=108, metaState=0, flags=0x80000008, repeatCount=0, eventTime=1293164, downTime=1293049, deviceId=0, source=0x301 }
D/InputEventConsistencyVerifier(16177):   3: sent at 1292979000000, (unhandled) KeyEvent { action=ACTION_UP, keyCode=KEYCODE_DPAD_DOWN, scanCode=108, metaState=0, flags=0x80000008, repeatCount=0, eventTime=1292979, downTime=1292843, deviceId=0, source=0x301 }
D/InputEventConsistencyVerifier(16177):   4: sent at 1292772000000, (unhandled) KeyEvent { action=ACTION_UP, keyCode=KEYCODE_DPAD_DOWN, scanCode=108, metaState=0, flags=0x80000008, repeatCount=0, eventTime=1292772, downTime=1292656, deviceId=0, source=0x301 }
D/InputEventConsistencyVerifier(16177):   5: sent at 1292549000000, (unhandled) KeyEvent { action=ACTION_UP, keyCode=KEYCODE_DPAD_DOWN, scanCode=108, metaState=0, flags=0x80000008, repeatCount=0, eventTime=1292549, downTime=1292434, deviceId=0, source=0x301 }
E/SoundPool( 1255): error loading /system/media/audio/ui/Effect_Tick.ogg
W/AudioService( 1255): Soundpool could not load file: /system/media/audio/ui/Effect_Tick.ogg
E/SoundPool( 1255): error loading /system/media/audio/ui/Effect_Tick.ogg
W/AudioService( 1255): Soundpool could not load file: /system/media/audio/ui/Effect_Tick.ogg
E/SoundPool( 1255): error loading /system/media/audio/ui/Effect_Tick.ogg
W/AudioService( 1255): Soundpool could not load file: /system/media/audio/ui/Effect_Tick.ogg
E/SoundPool( 1255): error loading /system/media/audio/ui/Effect_Tick.ogg
W/AudioService( 1255): Soundpool could not load file: /system/media/audio/ui/Effect_Tick.ogg
E/SoundPool( 1255): error loading /system/media/audio/ui/Effect_Tick.ogg
W/AudioService( 1255): Soundpool could not load file: /system/media/audio/ui/Effect_Tick.ogg
E/SoundPool( 1255): error loading /system/media/audio/ui/KeypressStandard.ogg
W/AudioService( 1255): Soundpool could not load file: /system/media/audio/ui/KeypressStandard.ogg
E/SoundPool( 1255): error loading /system/media/audio/ui/KeypressSpacebar.ogg
W/AudioService( 1255): Soundpool could not load file: /system/media/audio/ui/KeypressSpacebar.ogg
E/SoundPool( 1255): error loading /system/media/audio/ui/KeypressDelete.ogg
W/AudioService( 1255): Soundpool could not load file: /system/media/audio/ui/KeypressDelete.ogg
E/SoundPool( 1255): error loading /system/media/audio/ui/KeypressReturn.ogg
W/AudioService( 1255): Soundpool could not load file: /system/media/audio/ui/KeypressReturn.ogg
E/SoundPool( 1255): error loading /system/media/audio/ui/KeypressInvalid.ogg
W/AudioService( 1255): Soundpool could not load file: /system/media/audio/ui/KeypressInvalid.ogg
W/AudioService( 1255): onLoadSoundEffects(), Error -1 while loading samples
E/SoundPool( 1255): error loading /system/media/audio/ui/Effect_Tick.ogg
W/AudioService( 1255): Soundpool could not load file: /system/media/audio/ui/Effect_Tick.ogg
E/SoundPool( 1255): error loading /system/media/audio/ui/Effect_Tick.ogg
W/AudioService( 1255): Soundpool could not load file: /system/media/audio/ui/Effect_Tick.ogg
E/SoundPool( 1255): error loading /system/media/audio/ui/Effect_Tick.ogg
W/AudioService( 1255): Soundpool could not load file: /system/media/audio/ui/Effect_Tick.ogg
E/SoundPool( 1255): error loading /system/media/audio/ui/Effect_Tick.ogg
W/AudioService( 1255): Soundpool could not load file: /system/media/audio/ui/Effect_Tick.ogg
E/SoundPool( 1255): error loading /system/media/audio/ui/Effect_Tick.ogg
W/AudioService( 1255): Soundpool could not load file: /system/media/audio/ui/Effect_Tick.ogg
E/SoundPool( 1255): error loading /system/media/audio/ui/KeypressStandard.ogg
W/AudioService( 1255): Soundpool could not load file: /system/media/audio/ui/KeypressStandard.ogg
E/SoundPool( 1255): error loading /system/media/audio/ui/KeypressSpacebar.ogg
W/AudioService( 1255): Soundpool could not load file: /system/media/audio/ui/KeypressSpacebar.ogg
E/SoundPool( 1255): error loading /system/media/audio/ui/KeypressDelete.ogg
W/AudioService( 1255): Soundpool could not load file: /system/media/audio/ui/KeypressDelete.ogg
E/SoundPool( 1255): error loading /system/media/audio/ui/KeypressReturn.ogg
W/AudioService( 1255): Soundpool could not load file: /system/media/audio/ui/KeypressReturn.ogg
E/SoundPool( 1255): error loading /system/media/audio/ui/KeypressInvalid.ogg
W/AudioService( 1255): Soundpool could not load file: /system/media/audio/ui/KeypressInvalid.ogg
W/AudioService( 1255): onLoadSoundEffects(), Error -1 while loading samples
D/InputEventConsistencyVerifier(16177): KeyEvent: ACTION_UP but key was not down.
D/InputEventConsistencyVerifier(16177):   in com.android.internal.widget.ActionBarContainer{b2fb6278 V.ED.... ........ 0,19-800,61 #1020314 android:id/action_bar_container}
D/InputEventConsistencyVerifier(16177):   0: sent at 1298652000000, KeyEvent { action=ACTION_UP, keyCode=KEYCODE_DPAD_LEFT, scanCode=105, metaState=0, flags=0x8, repeatCount=0, eventTime=1298652, downTime=1298568, deviceId=0, source=0x301 }
E/SoundPool( 1255): error loading /system/media/audio/ui/Effect_Tick.ogg
W/AudioService( 1255): Soundpool could not load file: /system/media/audio/ui/Effect_Tick.ogg
E/SoundPool( 1255): error loading /system/media/audio/ui/Effect_Tick.ogg
W/AudioService( 1255): Soundpool could not load file: /system/media/audio/ui/Effect_Tick.ogg
E/SoundPool( 1255): error loading /system/media/audio/ui/Effect_Tick.ogg
W/AudioService( 1255): Soundpool could not load file: /system/media/audio/ui/Effect_Tick.ogg
E/SoundPool( 1255): error loading /system/media/audio/ui/Effect_Tick.ogg
W/AudioService( 1255): Soundpool could not load file: /system/media/audio/ui/Effect_Tick.ogg
E/SoundPool( 1255): error loading /system/media/audio/ui/Effect_Tick.ogg
W/AudioService( 1255): Soundpool could not load file: /system/media/audio/ui/Effect_Tick.ogg
E/SoundPool( 1255): error loading /system/media/audio/ui/KeypressStandard.ogg
W/AudioService( 1255): Soundpool could not load file: /system/media/audio/ui/KeypressStandard.ogg
E/SoundPool( 1255): error loading /system/media/audio/ui/KeypressSpacebar.ogg
W/AudioService( 1255): Soundpool could not load file: /system/media/audio/ui/KeypressSpacebar.ogg
E/SoundPool( 1255): error loading /system/media/audio/ui/KeypressDelete.ogg
W/AudioService( 1255): Soundpool could not load file: /system/media/audio/ui/KeypressDelete.ogg
E/SoundPool( 1255): error loading /system/media/audio/ui/KeypressReturn.ogg
W/AudioService( 1255): Soundpool could not load file: /system/media/audio/ui/KeypressReturn.ogg
E/SoundPool( 1255): error loading /system/media/audio/ui/KeypressInvalid.ogg
W/AudioService( 1255): Soundpool could not load file: /system/media/audio/ui/KeypressInvalid.ogg
W/AudioService( 1255): onLoadSoundEffects(), Error -1 while loading samples
D/InputEventConsistencyVerifier(16177): KeyEvent: ACTION_UP but key was not down.
D/InputEventConsistencyVerifier(16177):   in com.android.internal.view.menu.ActionMenuView{b2fcf4a8 V.ED.... ........ 752,0-800,42}
D/InputEventConsistencyVerifier(16177):   0: sent at 1300225000000, KeyEvent { action=ACTION_UP, keyCode=KEYCODE_DPAD_RIGHT, scanCode=106, metaState=0, flags=0x8, repeatCount=0, eventTime=1300225, downTime=1300141, deviceId=0, source=0x301 }
E/SoundPool( 1255): error loading /system/media/audio/ui/Effect_Tick.ogg
W/AudioService( 1255): Soundpool could not load file: /system/media/audio/ui/Effect_Tick.ogg
E/SoundPool( 1255): error loading /system/media/audio/ui/Effect_Tick.ogg
W/AudioService( 1255): Soundpool could not load file: /system/media/audio/ui/Effect_Tick.ogg
E/SoundPool( 1255): error loading /system/media/audio/ui/Effect_Tick.ogg
W/AudioService( 1255): Soundpool could not load file: /system/media/audio/ui/Effect_Tick.ogg
E/SoundPool( 1255): error loading /system/media/audio/ui/Effect_Tick.ogg
W/AudioService( 1255): Soundpool could not load file: /system/media/audio/ui/Effect_Tick.ogg
E/SoundPool( 1255): error loading /system/media/audio/ui/Effect_Tick.ogg
W/AudioService( 1255): Soundpool could not load file: /system/media/audio/ui/Effect_Tick.ogg
E/SoundPool( 1255): error loading /system/media/audio/ui/KeypressStandard.ogg
W/AudioService( 1255): Soundpool could not load file: /system/media/audio/ui/KeypressStandard.ogg
