I/ActivityManager( 1255): START u0 {act=android.intent.action.MAIN cat=[android.intent.category.LAUNCHER] flg=0x10200000 cmp=com.android.quicksearchbox/.SearchActivity} from pid 1401
W/EGL_emulation( 2224): eglSurfaceAttrib not implemented
D/InputEventConsistencyVerifier( 2224): KeyEvent: ACTION_UP but key was not down.
D/InputEventConsistencyVerifier( 2224):   in android.view.ViewRootImpl@b2f56d70
D/InputEventConsistencyVerifier( 2224):   0: sent at 1413542000000, KeyEvent { action=ACTION_UP, keyCode=KEYCODE_DPAD_CENTER, scanCode=232, metaState=0, flags=0x8, repeatCount=0, eventTime=1413542, downTime=1413475, deviceId=0, source=0x301 }
I/ActivityManager( 1255): Displayed com.android.quicksearchbox/.SearchActivity: +84ms
W/asset   ( 1255): Asset path /data/app/com.example.semitop7.FireTVStyle-1.apk is neither a directory nor file (type=1).
W/PackageManager( 1255): Failure retrieving resources forcom.example.semitop7.FireTVStyle
W/asset   ( 1255): Asset path /data/app/com.example.semitop7.FireTVStyle-1.apk is neither a directory nor file (type=1).
W/PackageManager( 1255): Failure retrieving resources forcom.example.semitop7.FireTVStyle
W/asset   ( 1255): Asset path /data/app/com.example.semitop7.FireTVStyle-1.apk is neither a directory nor file (type=1).
W/PackageManager( 1255): Failure retrieving resources forcom.example.semitop7.FireTVStyle
W/asset   ( 1255): Asset path /data/app/com.example.semitop7.FireTVStyle-1.apk is neither a directory nor file (type=1).
W/PackageManager( 1255): Failure retrieving resources forcom.example.semitop7.FireTVStyle
I/QSB.SuggestionsProviderImpl( 2224): chars:0,source:Source{name=com.android.quicksearchbox/.google.GoogleSearch}
D/        ( 1255): HostConnection::get() New Host Connection established 0xb86cb5c0, tid 1458
D/dalvikvm( 1255): GC_FOR_ALLOC freed 232K, 17% free 6456K/7764K, paused 14ms, total 15ms
W/EGL_emulation( 1401): eglSurfaceAttrib not implemented
W/IInputConnectionWrapper( 2224): showStatusIcon on inactive InputConnection
D/dalvikvm( 2224): GC_EXPLICIT freed 101K, 17% free 3105K/3716K, paused 0ms+1ms, total 6ms
E/StrictMode( 2224): class com.android.quicksearchbox.SearchActivity; instances=2; limit=1
E/StrictMode( 2224): android.os.StrictMode$InstanceCountViolation: class com.android.quicksearchbox.SearchActivity; instances=2; limit=1
E/StrictMode( 2224): 	at android.os.StrictMode.setClassInstanceLimit(StrictMode.java:1)
W/ResourceType( 1401): No package identifier when getting name for resource number 0x00000004
D/InputEventConsistencyVerifier( 1401): KeyEvent: ACTION_UP but key was not down.
D/InputEventConsistencyVerifier( 1401):   in com.android.launcher2.PagedViewIcon{b31dec48 VFED..CL .F...... 396,0-468,72 #4}
D/InputEventConsistencyVerifier( 1401):   0: sent at 1417037000000, KeyEvent { action=ACTION_UP, keyCode=KEYCODE_DPAD_UP, scanCode=103, metaState=0, flags=0x8, repeatCount=0, eventTime=1417037, downTime=1416957, deviceId=0, source=0x301 }
W/ResourceType( 1401): No package identifier when getting name for resource number 0x00000003
D/InputEventConsistencyVerifier( 1401): KeyEvent: ACTION_UP but key was not down.
D/InputEventConsistencyVerifier( 1401):   in com.android.launcher2.PagedViewIcon{b31de0a0 VFED..CL .F...... 297,0-369,72 #3}
D/InputEventConsistencyVerifier( 1401):   0: sent at 1418283000000, KeyEvent { action=ACTION_UP, keyCode=KEYCODE_DPAD_LEFT, scanCode=105, metaState=0, flags=0x8, repeatCount=0, eventTime=1418283, downTime=1418190, deviceId=0, source=0x301 }
W/ResourceType( 1401): No package identifier when getting name for resource number 0x00000002
D/InputEventConsistencyVerifier( 1401): KeyEvent: ACTION_UP but key was not down.
D/InputEventConsistencyVerifier( 1401):   in com.android.launcher2.PagedViewIcon{b31dd4f8 VFED..CL .F...... 198,0-270,72 #2}
D/InputEventConsistencyVerifier( 1401):   0: sent at 1418667000000, KeyEvent { action=ACTION_UP, keyCode=KEYCODE_DPAD_LEFT, scanCode=105, metaState=0, flags=0x8, repeatCount=0, eventTime=1418667, downTime=1418587, deviceId=0, source=0x301 }
W/ResourceType( 1401): No package identifier when getting name for resource number 0x00000003
D/InputEventConsistencyVerifier( 1401): KeyEvent: ACTION_UP but key was not down.
D/InputEventConsistencyVerifier( 1401):   in com.android.launcher2.PagedViewIcon{b31de0a0 VFED..CL .F...... 297,0-369,72 #3}
D/InputEventConsistencyVerifier( 1401):   0: sent at 1419980000000, KeyEvent { action=ACTION_UP, keyCode=KEYCODE_DPAD_RIGHT, scanCode=106, metaState=0, flags=0x8, repeatCount=0, eventTime=1419980, downTime=1419886, deviceId=0, source=0x301 }
D/InputEventConsistencyVerifier( 1401):   -- recent events --
D/InputEventConsistencyVerifier( 1401):   1: sent at 1418587000000, KeyEvent { action=ACTION_DOWN, keyCode=KEYCODE_DPAD_LEFT, scanCode=105, metaState=0, flags=0x8, repeatCount=0, eventTime=1418587, downTime=1418587, deviceId=0, source=0x301 }
D/InputEventConsistencyVerifier( 1401):   2: sent at 1418283000000, KeyEvent { action=ACTION_UP, keyCode=KEYCODE_DPAD_LEFT, scanCode=105, metaState=0, flags=0x80000008, repeatCount=0, eventTime=1418283, downTime=1418190, deviceId=0, source=0x301 }
D/dalvikvm( 1255): GC_FOR_ALLOC freed 182K, 17% free 6448K/7764K, paused 9ms, total 10ms
I/ActivityManager( 1255): START u0 {act=android.intent.action.MAIN cat=[android.intent.category.LAUNCHER] flg=0x10200000 cmp=com.android.calendar/.AllInOneActivity} from pid 1401
D/ExtensionsFactory( 1604): AllInOneMenuExtensions not found in properties file.
D/dalvikvm( 1604): GC_FOR_ALLOC freed 340K, 13% free 2865K/3280K, paused 4ms, total 7ms
D/ExtensionsFactory( 1604): AnalyticsLogger not found in properties file.
D/AccountManagerService( 1255): bind attempt failed for Session: expectLaunch true, connected false, stats (0/0/0), lifetime 0.0, addAccount, accountType com.google, requiredFeatures null
D/        ( 1604): HostConnection::get() New Host Connection established 0xb8549b10, tid 1604
W/EGL_emulation( 1604): eglSurfaceAttrib not implemented
D/OpenGLRenderer( 1604): Enabling debug mode 0
D/InputEventConsistencyVerifier( 1604): KeyEvent: ACTION_UP but key was not down.
D/InputEventConsistencyVerifier( 1604):   in android.view.ViewRootImpl@b2f13fe8
D/InputEventConsistencyVerifier( 1604):   0: sent at 1420529000000, KeyEvent { action=ACTION_UP, keyCode=KEYCODE_DPAD_CENTER, scanCode=232, metaState=0, flags=0x8, repeatCount=0, eventTime=1420529, downTime=1420440, deviceId=0, source=0x301 }
I/ActivityManager( 1255): Displayed com.android.calendar/.AllInOneActivity: +369ms
D/dalvikvm( 1604): GC_FOR_ALLOC freed 166K, 7% free 3211K/3452K, paused 8ms, total 8ms
D/dalvikvm( 1255): GC_FOR_ALLOC freed 118K, 16% free 6584K/7764K, paused 10ms, total 13ms
W/EGL_emulation( 1401): eglSurfaceAttrib not implemented
W/ResourceType( 1401): No package identifier when getting name for resource number 0x00000008
D/InputEventConsistencyVerifier( 1401): KeyEvent: ACTION_UP but key was not down.
D/InputEventConsistencyVerifier( 1401):   in com.android.launcher2.PagedViewIcon{b3184158 VFED..CL .F...... 297,99-369,171 #8}
D/InputEventConsistencyVerifier( 1401):   0: sent at 1424572000000, KeyEvent { action=ACTION_UP, keyCode=KEYCODE_DPAD_DOWN, scanCode=108, metaState=0, flags=0x8, repeatCount=0, eventTime=1424572, downTime=1424489, deviceId=0, source=0x301 }
D/InputEventConsistencyVerifier( 1401):   -- recent events --
D/InputEventConsistencyVerifier( 1401):   1: sent at 1412706000000, KeyEvent { action=ACTION_DOWN, keyCode=KEYCODE_DPAD_RIGHT, scanCode=106, metaState=0, flags=0x8, repeatCount=0, eventTime=1412706, downTime=1412706, deviceId=0, source=0x301 }
D/InputEventConsistencyVerifier( 1401):   2: sent at 1412617000000, KeyEvent { action=ACTION_UP, keyCode=KEYCODE_DPAD_RIGHT, scanCode=106, metaState=0, flags=0x80000008, repeatCount=0, eventTime=1412617, downTime=1412524, deviceId=0, source=0x301 }
W/ResourceType( 1401): No package identifier when getting name for resource number 0x0000000d
D/InputEventConsistencyVerifier( 1401): KeyEvent: ACTION_UP but key was not down.
D/InputEventConsistencyVerifier( 1401):   in com.android.launcher2.PagedViewIcon{b303ad10 VFED..CL .F...... 297,198-369,270 #d}
D/InputEventConsistencyVerifier( 1401):   0: sent at 1424813000000, KeyEvent { action=ACTION_UP, keyCode=KEYCODE_DPAD_DOWN, scanCode=108, metaState=0, flags=0x8, repeatCount=0, eventTime=1424813, downTime=1424723, deviceId=0, source=0x301 }
W/ResourceType( 1401): No package identifier when getting name for resource number 0x0000000c
D/InputEventConsistencyVerifier( 1401): KeyEvent: ACTION_UP but key was not down.
D/InputEventConsistencyVerifier( 1401):   in com.android.launcher2.PagedViewIcon{b31882c0 VFED..CL .F...... 198,198-270,270 #c}
D/InputEventConsistencyVerifier( 1401):   0: sent at 1427386000000, KeyEvent { action=ACTION_UP, keyCode=KEYCODE_DPAD_LEFT, scanCode=105, metaState=0, flags=0x8, repeatCount=0, eventTime=1427386, downTime=1427287, deviceId=0, source=0x301 }
D/dalvikvm( 1604): Debugger has detached; object registry had 1 entries
D/dalvikvm( 1255): Debugger has detached; object registry had 1 entries
D/dalvikvm( 1576): Debugger has detached; object registry had 1 entries
D/dalvikvm( 1385): Debugger has detached; object registry had 1 entries
D/dalvikvm( 1641): Debugger has detached; object registry had 1 entries
D/dalvikvm( 1551): Debugger has detached; object registry had 1 entries
D/dalvikvm( 1360): Debugger has detached; object registry had 1 entries
D/dalvikvm( 1424): Debugger has detached; object registry had 1 entries
D/dalvikvm( 1401): Debugger has detached; object registry had 1 entries
D/dalvikvm( 1433): Debugger has detached; object registry had 1 entries
D/dalvikvm( 1625): Debugger has detached; object registry had 1 entries
D/dalvikvm( 1306): Debugger has detached; object registry had 1 entries
D/dalvikvm( 1340): Debugger has detached; object registry had 1 entries
D/dalvikvm( 1532): Debugger has detached; object registry had 1 entries
D/dalvikvm( 1661): Debugger has detached; object registry had 1 entries
D/dalvikvm( 1728): Debugger has detached; object registry had 1 entries
D/dalvikvm( 1743): Debugger has detached; object registry had 1 entries
D/dalvikvm( 2102): Debugger has detached; object registry had 1 entries
D/dalvikvm( 2224): Debugger has detached; object registry had 1 entries
D/dalvikvm( 2699): Debugger has detached; object registry had 1 entries
D/dalvikvm( 9465): Debugger has detached; object registry had 1 entries
D/dalvikvm(16177): Debugger has detached; object registry had 1 entries
D/dalvikvm(18281): Debugger has detached; object registry had 1 entries
D/dalvikvm( 1360): GC_CONCURRENT freed 309K, 12% free 2990K/3372K, paused 0ms+1ms, total 3ms
D/dalvikvm( 9465): GC_CONCURRENT freed 304K, 11% free 3124K/3504K, paused 1ms+1ms, total 4ms
D/dalvikvm( 1576): GC_CONCURRENT freed 414K, 14% free 3233K/3724K, paused 0ms+0ms, total 4ms
D/dalvikvm( 1551): GC_CONCURRENT freed 264K, 11% free 2880K/3220K, paused 0ms+1ms, total 38ms
I/ActivityManager( 1255): START u0 {act=android.intent.action.MAIN cat=[android.intent.category.LAUNCHER] flg=0x10200000 cmp=com.example.semitop7.FireTVStyle/.MainActivity} from pid 1401
D/dalvikvm( 1255): GC_FOR_ALLOC freed 175K, 16% free 6526K/7764K, paused 35ms, total 36ms
E/SoundPool( 1255): error loading /system/media/audio/ui/Effect_Tick.ogg
W/AudioService( 1255): Soundpool could not load file: /system/media/audio/ui/Effect_Tick.ogg
E/SoundPool( 1255): error loading /system/media/audio/ui/Effect_Tick.ogg
W/AudioService( 1255): Soundpool could not load file: /system/media/audio/ui/Effect_Tick.ogg
E/SoundPool( 1255): error loading /system/media/audio/ui/Effect_Tick.ogg
W/AudioService( 1255): Soundpool could not load file: /system/media/audio/ui/Effect_Tick.ogg
E/SoundPool( 1255): error loading /system/media/audio/ui/Effect_Tick.ogg
W/AudioService( 1255): Soundpool could not load file: /system/media/audio/ui/Effect_Tick.ogg
E/SoundPool( 1255): error loading /system/media/audio/ui/Effect_Tick.ogg
W/AudioService( 1255): Soundpool could not load file: /system/media/audio/ui/Effect_Tick.ogg
E/SoundPool( 1255): error loading /system/media/audio/ui/KeypressStandard.ogg
W/AudioService( 1255): Soundpool could not load file: /system/media/audio/ui/KeypressStandard.ogg
E/SoundPool( 1255): error loading /system/media/audio/ui/KeypressSpacebar.ogg
W/AudioService( 1255): Soundpool could not load file: /system/media/audio/ui/KeypressSpacebar.ogg
E/SoundPool( 1255): error loading /system/media/audio/ui/KeypressDelete.ogg
W/AudioService( 1255): Soundpool could not load file: /system/media/audio/ui/KeypressDelete.ogg
E/SoundPool( 1255): error loading /system/media/audio/ui/KeypressReturn.ogg
W/AudioService( 1255): Soundpool could not load file: /system/media/audio/ui/KeypressReturn.ogg
E/SoundPool( 1255): error loading /system/media/audio/ui/KeypressInvalid.ogg
W/AudioService( 1255): Soundpool could not load file: /system/media/audio/ui/KeypressInvalid.ogg
W/AudioService( 1255): onLoadSoundEffects(), Error -1 while loading samples
W/EGL_emulation( 9465): eglSurfaceAttrib not implemented
I/Choreographer( 9465): Skipped 69 frames!  The application may be doing too much work on its main thread.
W/IInputConnectionWrapper( 9465): showStatusIcon on inactive InputConnection
W/InputMethodManagerService( 1255): Starting input on non-focused client com.android.internal.view.IInputMethodClient$Stub$Proxy@b30904c8 (uid=10008 pid=1401)
D/        ( 1255): HostConnection::get() New Host Connection established 0xb86957b0, tid 1456
D/dalvikvm( 1255): GC_FOR_ALLOC freed 117K, 17% free 6509K/7764K, paused 12ms, total 12ms
D/dalvikvm( 1255): GC_FOR_ALLOC freed 74K, 17% free 6503K/7764K, paused 10ms, total 10ms
W/EGL_emulation( 1401): eglSurfaceAttrib not implemented
W/InputMethodManagerService( 1255): Starting input on non-focused client com.android.internal.view.IInputMethodClient$Stub$Proxy@b3107ca8 (uid=10047 pid=9465)
D/InputEventConsistencyVerifier( 1401): KeyEvent: ACTION_UP but key was not down.
D/InputEventConsistencyVerifier( 1401):   in com.android.launcher2.AccessibleTabView{b3176418 VFED..C. .F...... 91,0-169,45}
D/InputEventConsistencyVerifier( 1401):   0: sent at 1504342000000, KeyEvent { action=ACTION_UP, keyCode=KEYCODE_DPAD_RIGHT, scanCode=106, metaState=0, flags=0x8, repeatCount=0, eventTime=1504342, downTime=1504267, deviceId=0, source=0x301 }
D/InputEventConsistencyVerifier( 1401): KeyEvent: ACTION_DOWN but key is already down and this event is not a key repeat.
D/InputEventConsistencyVerifier( 1401):   in android.widget.FrameLayout{b316ec00 V.E..... ........ 148,6-652,51 #7f070007 app:id/tabs_container}
D/InputEventConsistencyVerifier( 1401):   0: sent at 1505930000000, KeyEvent { action=ACTION_DOWN, keyCode=KEYCODE_DPAD_DOWN, scanCode=108, metaState=0, flags=0x8, repeatCount=0, eventTime=1505930, downTime=1505930, deviceId=0, source=0x301 }
D/InputEventConsistencyVerifier( 1401):   -- recent events --
D/InputEventConsistencyVerifier( 1401):   1: sent at 1505431000000, KeyEvent { action=ACTION_UP, keyCode=KEYCODE_DPAD_RIGHT, scanCode=106, metaState=0, flags=0x8, repeatCount=0, eventTime=1505431, downTime=1505299, deviceId=0, source=0x301 }
D/InputEventConsistencyVerifier( 1401):   2: sent at 1505299000000, KeyEvent { action=ACTION_DOWN, keyCode=KEYCODE_DPAD_RIGHT, scanCode=106, metaState=0, flags=0x8, repeatCount=0, eventTime=1505299, downTime=1505299, deviceId=0, source=0x301 }
D/InputEventConsistencyVerifier( 1401):   3: sent at 1504957000000, KeyEvent { action=ACTION_UP, keyCode=KEYCODE_DPAD_RIGHT, scanCode=106, metaState=0, flags=0x8, repeatCount=0, eventTime=1504957, downTime=1504837, deviceId=0, source=0x301 }
D/InputEventConsistencyVerifier( 1401):   4: sent at 1504837000000, KeyEvent { action=ACTION_DOWN, keyCode=KEYCODE_DPAD_RIGHT, scanCode=106, metaState=0, flags=0x8, repeatCount=0, eventTime=1504837, downTime=1504837, deviceId=0, source=0x301 }
D/InputEventConsistencyVerifier( 1401):   5: sent at 1504607000000, KeyEvent { action=ACTION_UP, keyCode=KEYCODE_DPAD_RIGHT, scanCode=106, metaState=0, flags=0x8, repeatCount=0, eventTime=1504607, downTime=1504469, deviceId=0, source=0x301 }
D/InputEventConsistencyVerifier( 1401): KeyEvent: ACTION_UP but key was not down.
D/InputEventConsistencyVerifier( 1401):   in android.widget.FrameLayout{b3171760 V.E..... ........ 0,51-800,1261 #1020011 android:id/tabcontent}
D/InputEventConsistencyVerifier( 1401):   0: sent at 1506013000000, KeyEvent { action=ACTION_UP, keyCode=KEYCODE_DPAD_DOWN, scanCode=108, metaState=0, flags=0x8, repeatCount=0, eventTime=1506013, downTime=1505930, deviceId=0, source=0x301 }
D/InputEventConsistencyVerifier( 1401):   -- recent events --
D/InputEventConsistencyVerifier( 1401):   1: sent at 1499330052000, MotionEvent { action=ACTION_UP, id[0]=0, x[0]=294.0, y[0]=347.0, toolType[0]=TOOL_TYPE_FINGER, buttonState=0, metaState=0, flags=0x0, edgeFlags=0x0, pointerCount=1, historySize=0, eventTime=1499330, downTime=1499277, deviceId=0, source=0x1002 }
D/InputEventConsistencyVerifier( 1401):   2: sent at 1499277171000, MotionEvent { action=ACTION_DOWN, id[0]=0, x[0]=294.0, y[0]=347.0, toolType[0]=TOOL_TYPE_FINGER, buttonState=0, metaState=0, flags=0x0, edgeFlags=0x0, pointerCount=1, historySize=0, eventTime=1499277, downTime=1499277, deviceId=0, source=0x1002 }
D/InputEventConsistencyVerifier( 1401):   3: sent at 1427386000000, KeyEvent { action=ACTION_UP, keyCode=KEYCODE_DPAD_LEFT, scanCode=105, metaState=0, flags=0x8, repeatCount=0, eventTime=1427386, downTime=1427287, deviceId=0, source=0x301 }
D/InputEventConsistencyVerifier( 1401):   4: sent at 1427287000000, KeyEvent { action=ACTION_DOWN, keyCode=KEYCODE_DPAD_LEFT, scanCode=105, metaState=0, flags=0x8, repeatCount=0, eventTime=1427287, downTime=1427287, deviceId=0, source=0x301 }
D/InputEventConsistencyVerifier( 1401):   5: sent at 1424813000000, KeyEvent { action=ACTION_UP, keyCode=KEYCODE_DPAD_DOWN, scanCode=108, metaState=0, flags=0x8, repeatCount=0, eventTime=1424813, downTime=1424723, deviceId=0, source=0x301 }
W/ResourceType( 1401): No package identifier when getting name for resource number 0x00000005
D/InputEventConsistencyVerifier( 1401): KeyEvent: ACTION_UP but key was not down.
D/InputEventConsistencyVerifier( 1401):   in com.android.launcher2.PagedViewIcon{b3181e60 VFED..CL .F...... 0,99-72,171 #5}
D/InputEventConsistencyVerifier( 1401):   0: sent at 1507617000000, KeyEvent { action=ACTION_UP, keyCode=KEYCODE_DPAD_DOWN, scanCode=108, metaState=0, flags=0x8, repeatCount=0, eventTime=1507617, downTime=1507498, deviceId=0, source=0x301 }
D/InputEventConsistencyVerifier( 1401):   -- recent events --
D/InputEventConsistencyVerifier( 1401):   1: sent at 1412114000000, KeyEvent { action=ACTION_DOWN, keyCode=KEYCODE_DPAD_RIGHT, scanCode=106, metaState=0, flags=0x8, repeatCount=0, eventTime=1412114, downTime=1412114, deviceId=0, source=0x301 }
D/InputEventConsistencyVerifier( 1401):   2: sent at 1410900000000, KeyEvent { action=ACTION_UP, keyCode=KEYCODE_DPAD_DOWN, scanCode=108, metaState=0, flags=0x80000008, repeatCount=0, eventTime=1410900, downTime=1410788, deviceId=0, source=0x301 }
W/ResourceType( 1401): No package identifier when getting name for resource number 0x0000000a
D/InputEventConsistencyVerifier( 1401): KeyEvent: ACTION_UP but key was not down.
D/InputEventConsistencyVerifier( 1401):   in com.android.launcher2.PagedViewIcon{b3185ef0 VFED..CL .F...... 0,198-72,270 #a}
D/InputEventConsistencyVerifier( 1401):   0: sent at 1507874000000, KeyEvent { action=ACTION_UP, keyCode=KEYCODE_DPAD_DOWN, scanCode=108, metaState=0, flags=0x8, repeatCount=0, eventTime=1507874, downTime=1507778, deviceId=0, source=0x301 }
W/ResourceType( 1401): No package identifier when getting name for resource number 0x00000005
D/InputEventConsistencyVerifier( 1401): KeyEvent: ACTION_UP but key was not down.
D/InputEventConsistencyVerifier( 1401):   in com.android.launcher2.PagedViewIcon{b3181e60 VFED..CL .F...... 0,99-72,171 #5}
D/InputEventConsistencyVerifier( 1401):   0: sent at 1508824000000, KeyEvent { action=ACTION_UP, keyCode=KEYCODE_DPAD_UP, scanCode=103, metaState=0, flags=0x8, repeatCount=0, eventTime=1508824, downTime=1508715, deviceId=0, source=0x301 }
D/InputEventConsistencyVerifier( 1401):   -- recent events --
D/InputEventConsistencyVerifier( 1401):   1: sent at 1507778000000, KeyEvent { action=ACTION_DOWN, keyCode=KEYCODE_DPAD_DOWN, scanCode=108, metaState=0, flags=0x8, repeatCount=0, eventTime=1507778, downTime=1507778, deviceId=0, source=0x301 }
D/InputEventConsistencyVerifier( 1401):   2: sent at 1507617000000, KeyEvent { action=ACTION_UP, keyCode=KEYCODE_DPAD_DOWN, scanCode=108, metaState=0, flags=0x80000008, repeatCount=0, eventTime=1507617, downTime=1507498, deviceId=0, source=0x301 }
D/InputEventConsistencyVerifier( 1401):   3: sent at 1412114000000, KeyEvent { action=ACTION_DOWN, keyCode=KEYCODE_DPAD_RIGHT, scanCode=106, metaState=0, flags=0x8, repeatCount=0, eventTime=1412114, downTime=1412114, deviceId=0, source=0x301 }
D/InputEventConsistencyVerifier( 1401):   4: sent at 1410900000000, KeyEvent { action=ACTION_UP, keyCode=KEYCODE_DPAD_DOWN, scanCode=108, metaState=0, flags=0x80000008, repeatCount=0, eventTime=1410900, downTime=1410788, deviceId=0, source=0x301 }
W/ResourceType( 1401): No package identifier when getting name for resource number 0x00000005
D/InputEventConsistencyVerifier( 1401): KeyEvent: ACTION_DOWN but key is already down and this event is not a key repeat.
D/InputEventConsistencyVerifier( 1401):   in com.android.launcher2.PagedViewIcon{b3181e60 VFED..CL .F...... 0,99-72,171 #5}
D/InputEventConsistencyVerifier( 1401):   0: sent at 1509644000000, KeyEvent { action=ACTION_DOWN, keyCode=KEYCODE_DPAD_RIGHT, scanCode=106, metaState=0, flags=0x8, repeatCount=0, eventTime=1509644, downTime=1509644, deviceId=0, source=0x301 }
D/InputEventConsistencyVerifier( 1401):   -- recent events --
D/InputEventConsistencyVerifier( 1401):   1: sent at 1508824000000, KeyEvent { action=ACTION_UP, keyCode=KEYCODE_DPAD_UP, scanCode=103, metaState=0, flags=0x80000008, repeatCount=0, eventTime=1508824, downTime=1508715, deviceId=0, source=0x301 }
D/InputEventConsistencyVerifier( 1401):   2: sent at 1507778000000, KeyEvent { action=ACTION_DOWN, keyCode=KEYCODE_DPAD_DOWN, scanCode=108, metaState=0, flags=0x8, repeatCount=0, eventTime=1507778, downTime=1507778, deviceId=0, source=0x301 }
D/InputEventConsistencyVerifier( 1401):   3: sent at 1507617000000, KeyEvent { action=ACTION_UP, keyCode=KEYCODE_DPAD_DOWN, scanCode=108, metaState=0, flags=0x80000008, repeatCount=0, eventTime=1507617, downTime=1507498, deviceId=0, source=0x301 }
D/InputEventConsistencyVerifier( 1401):   4: sent at 1412114000000, KeyEvent { action=ACTION_DOWN, keyCode=KEYCODE_DPAD_RIGHT, scanCode=106, metaState=0, flags=0x8, repeatCount=0, eventTime=1412114, downTime=1412114, deviceId=0, source=0x301 }
D/InputEventConsistencyVerifier( 1401):   5: sent at 1410900000000, KeyEvent { action=ACTION_UP, keyCode=KEYCODE_DPAD_DOWN, scanCode=108, metaState=0, flags=0x80000008, repeatCount=0, eventTime=1410900, downTime=1410788, deviceId=0, source=0x301 }
W/ResourceType( 1401): No package identifier when getting name for resource number 0x00000009
D/InputEventConsistencyVerifier( 1401): KeyEvent: ACTION_UP but key was not down.
D/InputEventConsistencyVerifier( 1401):   in com.android.launcher2.PagedViewIcon{b3185488 VFED..CL .F...... 396,99-468,171 #9}
D/InputEventConsistencyVerifier( 1401):   0: sent at 1510359000000, KeyEvent { action=ACTION_UP, keyCode=KEYCODE_DPAD_RIGHT, scanCode=106, metaState=0, flags=0x8, repeatCount=0, eventTime=1510359, downTime=1510249, deviceId=0, source=0x301 }
D/InputEventConsistencyVerifier( 1401):   -- recent events --
D/InputEventConsistencyVerifier( 1401):   1: sent at 1416957000000, KeyEvent { action=ACTION_DOWN, keyCode=KEYCODE_DPAD_UP, scanCode=103, metaState=0, flags=0x8, repeatCount=0, eventTime=1416957, downTime=1416957, deviceId=0, source=0x301 }
D/InputEventConsistencyVerifier( 1401):   2: sent at 1413486000000, KeyEvent { action=ACTION_UP, keyCode=KEYCODE_DPAD_CENTER, scanCode=232, metaState=0, flags=0x28, repeatCount=0, eventTime=1413486, downTime=1413475, deviceId=0, source=0x301 }
D/InputEventConsistencyVerifier( 1401):   3: sent at 1413475000000, KeyEvent { action=ACTION_DOWN, keyCode=KEYCODE_DPAD_CENTER, scanCode=232, metaState=0, flags=0x8, repeatCount=0, eventTime=1413475, downTime=1413475, deviceId=0, source=0x301 }
D/InputEventConsistencyVerifier( 1401):   4: sent at 1412817000000, KeyEvent { action=ACTION_UP, keyCode=KEYCODE_DPAD_RIGHT, scanCode=106, metaState=0, flags=0x80000008, repeatCount=0, eventTime=1412817, downTime=1412706, deviceId=0, source=0x301 }
D/InputEventConsistencyVerifier( 1401):   5: sent at 1401189418000, MotionEvent { action=ACTION_UP, id[0]=0, x[0]=36.0, y[0]=37.0, toolType[0]=TOOL_TYPE_FINGER, buttonState=0, metaState=0, flags=0x0, edgeFlags=0x0, pointerCount=1, historySize=0, eventTime=1401189, downTime=1401100, deviceId=0, source=0x1002 }
I/ActivityManager( 1255): START u0 {act=android.intent.action.MAIN cat=[android.intent.category.LAUNCHER] flg=0x10200000 cmp=com.android.quicksearchbox/.SearchActivity} from pid 1401
D/dalvikvm( 1255): GC_FOR_ALLOC freed 98K, 17% free 6511K/7764K, paused 10ms, total 10ms
W/EGL_emulation( 2224): eglSurfaceAttrib not implemented
D/InputEventConsistencyVerifier( 2224): KeyEvent: ACTION_UP but key was not down.
D/InputEventConsistencyVerifier( 2224):   in android.view.ViewRootImpl@b2f07ae8
D/InputEventConsistencyVerifier( 2224):   0: sent at 1510867000000, KeyEvent { action=ACTION_UP, keyCode=KEYCODE_DPAD_CENTER, scanCode=232, metaState=0, flags=0x8, repeatCount=0, eventTime=1510867, downTime=1510788, deviceId=0, source=0x301 }
W/asset   ( 1255): Asset path /data/app/com.example.semitop7.FireTVStyle-1.apk is neither a directory nor file (type=1).
W/PackageManager( 1255): Failure retrieving resources forcom.example.semitop7.FireTVStyle
W/asset   ( 1255): Asset path /data/app/com.example.semitop7.FireTVStyle-1.apk is neither a directory nor file (type=1).
W/PackageManager( 1255): Failure retrieving resources forcom.example.semitop7.FireTVStyle
W/asset   ( 1255): Asset path /data/app/com.example.semitop7.FireTVStyle-1.apk is neither a directory nor file (type=1).
W/PackageManager( 1255): Failure retrieving resources forcom.example.semitop7.FireTVStyle
W/asset   ( 1255): Asset path /data/app/com.example.semitop7.FireTVStyle-1.apk is neither a directory nor file (type=1).
W/PackageManager( 1255): Failure retrieving resources forcom.example.semitop7.FireTVStyle
W/asset   ( 1255): Asset path /data/app/com.example.semitop7.FireTVStyle-1.apk is neither a directory nor file (type=1).
W/PackageManager( 1255): Failure retrieving resources forcom.example.semitop7.FireTVStyle
W/asset   ( 1255): Asset path /data/app/com.example.semitop7.FireTVStyle-1.apk is neither a directory nor file (type=1).
W/PackageManager( 1255): Failure retrieving resources forcom.example.semitop7.FireTVStyle
I/ActivityManager( 1255): Displayed com.android.quicksearchbox/.SearchActivity: +112ms
I/QSB.SuggestionsProviderImpl( 2224): chars:0,source:Source{name=com.android.quicksearchbox/.google.GoogleSearch}
D/InputEventConsistencyVerifier( 2224): KeyEvent: ACTION_UP but key was not down.
D/InputEventConsistencyVerifier( 2224):   in com.android.internal.policy.impl.PhoneWindow$DecorView{b2ef5398 V.E..... R....... 0,0-800,1280}
D/InputEventConsistencyVerifier( 2224):   0: sent at 1511604000000, KeyEvent { action=ACTION_UP, keyCode=KEYCODE_DPAD_RIGHT, scanCode=106, metaState=0, flags=0x8, repeatCount=0, eventTime=1511604, downTime=1511530, deviceId=0, source=0x301 }
D/InputEventConsistencyVerifier( 2224):   -- recent events --
D/InputEventConsistencyVerifier( 2224):   1: sent at 1510867000000, (unhandled) KeyEvent { action=ACTION_UP, keyCode=KEYCODE_DPAD_CENTER, scanCode=232, metaState=0, flags=0x80000008, repeatCount=0, eventTime=1510867, downTime=1510788, deviceId=0, source=0x301 }
D/InputEventConsistencyVerifier( 2224): KeyEvent: ACTION_UP but key was not down.
D/InputEventConsistencyVerifier( 2224):   in com.android.internal.policy.impl.PhoneWindow$DecorView{b2ef5398 V.E..... R....... 0,0-800,1280}
D/InputEventConsistencyVerifier( 2224):   0: sent at 1511845000000, KeyEvent { action=ACTION_UP, keyCode=KEYCODE_DPAD_RIGHT, scanCode=106, metaState=0, flags=0x8, repeatCount=0, eventTime=1511845, downTime=1511731, deviceId=0, source=0x301 }
D/InputEventConsistencyVerifier( 2224):   -- recent events --
D/InputEventConsistencyVerifier( 2224):   1: sent at 1511604000000, (unhandled) KeyEvent { action=ACTION_UP, keyCode=KEYCODE_DPAD_RIGHT, scanCode=106, metaState=0, flags=0x80000008, repeatCount=0, eventTime=1511604, downTime=1511530, deviceId=0, source=0x301 }
D/InputEventConsistencyVerifier( 2224):   2: sent at 1510867000000, (unhandled) KeyEvent { action=ACTION_UP, keyCode=KEYCODE_DPAD_CENTER, scanCode=232, metaState=0, flags=0x80000008, repeatCount=0, eventTime=1510867, downTime=1510788, deviceId=0, source=0x301 }
D/InputEventConsistencyVerifier( 2224): KeyEvent: ACTION_UP but key was not down.
D/InputEventConsistencyVerifier( 2224):   in com.android.internal.policy.impl.PhoneWindow$DecorView{b2ef5398 V.E..... R....... 0,0-800,1280}
D/InputEventConsistencyVerifier( 2224):   0: sent at 1512027000000, KeyEvent { action=ACTION_UP, keyCode=KEYCODE_DPAD_RIGHT, scanCode=106, metaState=0, flags=0x8, repeatCount=0, eventTime=1512027, downTime=1511934, deviceId=0, source=0x301 }
D/InputEventConsistencyVerifier( 2224):   -- recent events --
D/InputEventConsistencyVerifier( 2224):   1: sent at 1511845000000, (unhandled) KeyEvent { action=ACTION_UP, keyCode=KEYCODE_DPAD_RIGHT, scanCode=106, metaState=0, flags=0x80000008, repeatCount=0, eventTime=1511845, downTime=1511731, deviceId=0, source=0x301 }
D/InputEventConsistencyVerifier( 2224):   2: sent at 1511604000000, (unhandled) KeyEvent { action=ACTION_UP, keyCode=KEYCODE_DPAD_RIGHT, scanCode=106, metaState=0, flags=0x80000008, repeatCount=0, eventTime=1511604, downTime=1511530, deviceId=0, source=0x301 }
D/InputEventConsistencyVerifier( 2224):   3: sent at 1510867000000, (unhandled) KeyEvent { action=ACTION_UP, keyCode=KEYCODE_DPAD_CENTER, scanCode=232, metaState=0, flags=0x80000008, repeatCount=0, eventTime=1510867, downTime=1510788, deviceId=0, source=0x301 }
E/SoundPool( 1255): error loading /system/media/audio/ui/Effect_Tick.ogg
W/AudioService( 1255): Soundpool could not load file: /system/media/audio/ui/Effect_Tick.ogg
E/SoundPool( 1255): error loading /system/media/audio/ui/Effect_Tick.ogg
W/AudioService( 1255): Soundpool could not load file: /system/media/audio/ui/Effect_Tick.ogg
E/SoundPool( 1255): error loading /system/media/audio/ui/Effect_Tick.ogg
W/AudioService( 1255): Soundpool could not load file: /system/media/audio/ui/Effect_Tick.ogg
E/SoundPool( 1255): error loading /system/media/audio/ui/Effect_Tick.ogg
W/AudioService( 1255): Soundpool could not load file: /system/media/audio/ui/Effect_Tick.ogg
E/SoundPool( 1255): error loading /system/media/audio/ui/Effect_Tick.ogg
W/AudioService( 1255): Soundpool could not load file: /system/media/audio/ui/Effect_Tick.ogg
E/SoundPool( 1255): error loading /system/media/audio/ui/KeypressStandard.ogg
W/AudioService( 1255): Soundpool could not load file: /system/media/audio/ui/KeypressStandard.ogg
E/SoundPool( 1255): error loading /system/media/audio/ui/KeypressSpacebar.ogg
W/AudioService( 1255): Soundpool could not load file: /system/media/audio/ui/KeypressSpacebar.ogg
E/SoundPool( 1255): error loading /system/media/audio/ui/KeypressDelete.ogg
W/AudioService( 1255): Soundpool could not load file: /system/media/audio/ui/KeypressDelete.ogg
E/SoundPool( 1255): error loading /system/media/audio/ui/KeypressReturn.ogg
W/AudioService( 1255): Soundpool could not load file: /system/media/audio/ui/KeypressReturn.ogg
E/SoundPool( 1255): error loading /system/media/audio/ui/KeypressInvalid.ogg
W/AudioService( 1255): Soundpool could not load file: /system/media/audio/ui/KeypressInvalid.ogg
W/AudioService( 1255): onLoadSoundEffects(), Error -1 while loading samples
I/QSB.SuggestionsProviderImpl( 2224): chars:1,source:Source{name=com.android.quicksearchbox/.google.GoogleSearch}
E/SoundPool( 1255): error loading /system/media/audio/ui/Effect_Tick.ogg
W/AudioService( 1255): Soundpool could not load file: /system/media/audio/ui/Effect_Tick.ogg
E/SoundPool( 1255): error loading /system/media/audio/ui/Effect_Tick.ogg
W/AudioService( 1255): Soundpool could not load file: /system/media/audio/ui/Effect_Tick.ogg
E/SoundPool( 1255): error loading /system/media/audio/ui/Effect_Tick.ogg
W/AudioService( 1255): Soundpool could not load file: /system/media/audio/ui/Effect_Tick.ogg
E/SoundPool( 1255): error loading /system/media/audio/ui/Effect_Tick.ogg
W/AudioService( 1255): Soundpool could not load file: /system/media/audio/ui/Effect_Tick.ogg
E/SoundPool( 1255): error loading /system/media/audio/ui/Effect_Tick.ogg
W/AudioService( 1255): Soundpool could not load file: /system/media/audio/ui/Effect_Tick.ogg
E/SoundPool( 1255): error loading /system/media/audio/ui/KeypressStandard.ogg
W/AudioService( 1255): Soundpool could not load file: /system/media/audio/ui/KeypressStandard.ogg
E/SoundPool( 1255): error loading /system/media/audio/ui/KeypressSpacebar.ogg
W/AudioService( 1255): Soundpool could not load file: /system/media/audio/ui/KeypressSpacebar.ogg
E/SoundPool( 1255): error loading /system/media/audio/ui/KeypressDelete.ogg
W/AudioService( 1255): Soundpool could not load file: /system/media/audio/ui/KeypressDelete.ogg
E/SoundPool( 1255): error loading /system/media/audio/ui/KeypressReturn.ogg
W/AudioService( 1255): Soundpool could not load file: /system/media/audio/ui/KeypressReturn.ogg
E/SoundPool( 1255): error loading /system/media/audio/ui/KeypressInvalid.ogg
W/AudioService( 1255): Soundpool could not load file: /system/media/audio/ui/KeypressInvalid.ogg
W/AudioService( 1255): onLoadSoundEffects(), Error -1 while loading samples
E/SoundPool( 1255): error loading /system/media/audio/ui/Effect_Tick.ogg
W/AudioService( 1255): Soundpool could not load file: /system/media/audio/ui/Effect_Tick.ogg
E/SoundPool( 1255): error loading /system/media/audio/ui/Effect_Tick.ogg
W/AudioService( 1255): Soundpool could not load file: /system/media/audio/ui/Effect_Tick.ogg
E/SoundPool( 1255): error loading /system/media/audio/ui/Effect_Tick.ogg
W/AudioService( 1255): Soundpool could not load file: /system/media/audio/ui/Effect_Tick.ogg
E/SoundPool( 1255): error loading /system/media/audio/ui/Effect_Tick.ogg
W/AudioService( 1255): Soundpool could not load file: /system/media/audio/ui/Effect_Tick.ogg
E/SoundPool( 1255): error loading /system/media/audio/ui/Effect_Tick.ogg
W/AudioService( 1255): Soundpool could not load file: /system/media/audio/ui/Effect_Tick.ogg
E/SoundPool( 1255): error loading /system/media/audio/ui/KeypressStandard.ogg
W/AudioService( 1255): Soundpool could not load file: /system/media/audio/ui/KeypressStandard.ogg
E/SoundPool( 1255): error loading /system/media/audio/ui/KeypressSpacebar.ogg
W/AudioService( 1255): Soundpool could not load file: /system/media/audio/ui/KeypressSpacebar.ogg
E/SoundPool( 1255): error loading /system/media/audio/ui/KeypressDelete.ogg
W/AudioService( 1255): Soundpool could not load file: /system/media/audio/ui/KeypressDelete.ogg
E/SoundPool( 1255): error loading /system/media/audio/ui/KeypressReturn.ogg
W/AudioService( 1255): Soundpool could not load file: /system/media/audio/ui/KeypressReturn.ogg
E/SoundPool( 1255): error loading /system/media/audio/ui/KeypressInvalid.ogg
W/AudioService( 1255): Soundpool could not load file: /system/media/audio/ui/KeypressInvalid.ogg
W/AudioService( 1255): onLoadSoundEffects(), Error -1 while loading samples
I/QSB.SuggestionsProviderImpl( 2224): chars:1,source:Source{name=com.android.quicksearchbox/.google.GoogleSearch}
E/SoundPool( 1255): error loading /system/media/audio/ui/Effect_Tick.ogg
W/AudioService( 1255): Soundpool could not load file: /system/media/audio/ui/Effect_Tick.ogg
E/SoundPool( 1255): error loading /system/media/audio/ui/Effect_Tick.ogg
W/AudioService( 1255): Soundpool could not load file: /system/media/audio/ui/Effect_Tick.ogg
E/SoundPool( 1255): error loading /system/media/audio/ui/Effect_Tick.ogg
W/AudioService( 1255): Soundpool could not load file: /system/media/audio/ui/Effect_Tick.ogg
E/SoundPool( 1255): error loading /system/media/audio/ui/Effect_Tick.ogg
W/AudioService( 1255): Soundpool could not load file: /system/media/audio/ui/Effect_Tick.ogg
E/SoundPool( 1255): error loading /system/media/audio/ui/Effect_Tick.ogg
W/AudioService( 1255): Soundpool could not load file: /system/media/audio/ui/Effect_Tick.ogg
E/SoundPool( 1255): error loading /system/media/audio/ui/KeypressStandard.ogg
W/AudioService( 1255): Soundpool could not load file: /system/media/audio/ui/KeypressStandard.ogg
E/SoundPool( 1255): error loading /system/media/audio/ui/KeypressSpacebar.ogg
W/AudioService( 1255): Soundpool could not load file: /system/media/audio/ui/KeypressSpacebar.ogg
E/SoundPool( 1255): error loading /system/media/audio/ui/KeypressDelete.ogg
W/AudioService( 1255): Soundpool could not load file: /system/media/audio/ui/KeypressDelete.ogg
E/SoundPool( 1255): error loading /system/media/audio/ui/KeypressReturn.ogg
W/AudioService( 1255): Soundpool could not load file: /system/media/audio/ui/KeypressReturn.ogg
E/SoundPool( 1255): error loading /system/media/audio/ui/KeypressInvalid.ogg
W/AudioService( 1255): Soundpool could not load file: /system/media/audio/ui/KeypressInvalid.ogg
W/AudioService( 1255): onLoadSoundEffects(), Error -1 while loading samples
I/QSB.SuggestionsProviderImpl( 2224): chars:2,source:Source{name=com.android.quicksearchbox/.google.GoogleSearch}
E/SoundPool( 1255): error loading /system/media/audio/ui/Effect_Tick.ogg
W/AudioService( 1255): Soundpool could not load file: /system/media/audio/ui/Effect_Tick.ogg
E/SoundPool( 1255): error loading /system/media/audio/ui/Effect_Tick.ogg
W/AudioService( 1255): Soundpool could not load file: /system/media/audio/ui/Effect_Tick.ogg
E/SoundPool( 1255): error loading /system/media/audio/ui/Effect_Tick.ogg
W/AudioService( 1255): Soundpool could not load file: /system/media/audio/ui/Effect_Tick.ogg
E/SoundPool( 1255): error loading /system/media/audio/ui/Effect_Tick.ogg
W/AudioService( 1255): Soundpool could not load file: /system/media/audio/ui/Effect_Tick.ogg
E/SoundPool( 1255): error loading /system/media/audio/ui/Effect_Tick.ogg
W/AudioService( 1255): Soundpool could not load file: /system/media/audio/ui/Effect_Tick.ogg
E/SoundPool( 1255): error loading /system/media/audio/ui/KeypressStandard.ogg
W/AudioService( 1255): Soundpool could not load file: /system/media/audio/ui/KeypressStandard.ogg
E/SoundPool( 1255): error loading /system/media/audio/ui/KeypressSpacebar.ogg
W/AudioService( 1255): Soundpool could not load file: /system/media/audio/ui/KeypressSpacebar.ogg
E/SoundPool( 1255): error loading /system/media/audio/ui/KeypressDelete.ogg
W/AudioService( 1255): Soundpool could not load file: /system/media/audio/ui/KeypressDelete.ogg
E/SoundPool( 1255): error loading /system/media/audio/ui/KeypressReturn.ogg
W/AudioService( 1255): Soundpool could not load file: /system/media/audio/ui/KeypressReturn.ogg
E/SoundPool( 1255): error loading /system/media/audio/ui/KeypressInvalid.ogg
W/AudioService( 1255): Soundpool could not load file: /system/media/audio/ui/KeypressInvalid.ogg
W/AudioService( 1255): onLoadSoundEffects(), Error -1 while loading samples
I/QSB.SuggestionsProviderImpl( 2224): chars:3,source:Source{name=com.android.quicksearchbox/.google.GoogleSearch}
E/SoundPool( 1255): error loading /system/media/audio/ui/Effect_Tick.ogg
W/AudioService( 1255): Soundpool could not load file: /system/media/audio/ui/Effect_Tick.ogg
E/SoundPool( 1255): error loading /system/media/audio/ui/Effect_Tick.ogg
W/AudioService( 1255): Soundpool could not load file: /system/media/audio/ui/Effect_Tick.ogg
E/SoundPool( 1255): error loading /system/media/audio/ui/Effect_Tick.ogg
W/AudioService( 1255): Soundpool could not load file: /system/media/audio/ui/Effect_Tick.ogg
E/SoundPool( 1255): error loading /system/media/audio/ui/Effect_Tick.ogg
W/AudioService( 1255): Soundpool could not load file: /system/media/audio/ui/Effect_Tick.ogg
E/SoundPool( 1255): error loading /system/media/audio/ui/Effect_Tick.ogg
W/AudioService( 1255): Soundpool could not load file: /system/media/audio/ui/Effect_Tick.ogg
E/SoundPool( 1255): error loading /system/media/audio/ui/KeypressStandard.ogg
W/AudioService( 1255): Soundpool could not load file: /system/media/audio/ui/KeypressStandard.ogg
E/SoundPool( 1255): error loading /system/media/audio/ui/KeypressSpacebar.ogg
W/AudioService( 1255): Soundpool could not load file: /system/media/audio/ui/KeypressSpacebar.ogg
E/SoundPool( 1255): error loading /system/media/audio/ui/KeypressDelete.ogg
W/AudioService( 1255): Soundpool could not load file: /system/media/audio/ui/KeypressDelete.ogg
E/SoundPool( 1255): error loading /system/media/audio/ui/KeypressReturn.ogg
W/AudioService( 1255): Soundpool could not load file: /system/media/audio/ui/KeypressReturn.ogg
E/SoundPool( 1255): error loading /system/media/audio/ui/KeypressInvalid.ogg
W/AudioService( 1255): Soundpool could not load file: /system/media/audio/ui/KeypressInvalid.ogg
W/AudioService( 1255): onLoadSoundEffects(), Error -1 while loading samples
I/QSB.SuggestionsProviderImpl( 2224): chars:4,source:Source{name=com.android.quicksearchbox/.google.GoogleSearch}
D/dalvikvm( 1728): Debugger has detached; object registry had 1 entries
D/dalvikvm( 1604): Debugger has detached; object registry had 1 entries
D/dalvikvm( 1255): Debugger has detached; object registry had 1 entries
D/dalvikvm( 1576): Debugger has detached; object registry had 1 entries
D/dalvikvm( 1385): Debugger has detached; object registry had 1 entries
D/dalvikvm( 1641): Debugger has detached; object registry had 1 entries
D/dalvikvm(18281): Debugger has detached; object registry had 1 entries
D/dalvikvm( 2699): Debugger has detached; object registry had 1 entries
D/dalvikvm( 1551): Debugger has detached; object registry had 1 entries
D/dalvikvm( 1743): Debugger has detached; object registry had 1 entries
D/dalvikvm( 1360): Debugger has detached; object registry had 1 entries
D/dalvikvm( 1424): Debugger has detached; object registry had 1 entries
D/dalvikvm( 2224): Debugger has detached; object registry had 1 entries
D/dalvikvm(16177): Debugger has detached; object registry had 1 entries
D/dalvikvm( 2102): Debugger has detached; object registry had 1 entries
D/dalvikvm( 1401): Debugger has detached; object registry had 1 entries
D/dalvikvm( 1433): Debugger has detached; object registry had 1 entries
D/dalvikvm( 1625): Debugger has detached; object registry had 1 entries
D/dalvikvm( 9465): Debugger has detached; object registry had 1 entries
D/dalvikvm( 1306): Debugger has detached; object registry had 1 entries
D/dalvikvm( 1340): Debugger has detached; object registry had 1 entries
D/dalvikvm( 1532): Debugger has detached; object registry had 1 entries
D/dalvikvm( 1661): Debugger has detached; object registry had 1 entries
D/dalvikvm( 2224): GC_CONCURRENT freed 460K, 16% free 3141K/3716K, paused 0ms+1ms, total 4ms
D/InputEventConsistencyVerifier( 2224): KeyEvent: ACTION_UP but key was not down.
D/InputEventConsistencyVerifier( 2224):   in com.android.internal.policy.impl.PhoneWindow$DecorView{b2ef5398 V.E..... R....... 0,0-800,1280}
D/InputEventConsistencyVerifier( 2224):   0: sent at 1777626000000, KeyEvent { action=ACTION_UP, keyCode=KEYCODE_DPAD_RIGHT, scanCode=106, metaState=0, flags=0x8, repeatCount=0, eventTime=1777626, downTime=1777520, deviceId=0, source=0x301 }
D/InputEventConsistencyVerifier( 2224):   -- recent events --
D/InputEventConsistencyVerifier( 2224):   1: sent at 1512027000000, (unhandled) KeyEvent { action=ACTION_UP, keyCode=KEYCODE_DPAD_RIGHT, scanCode=106, metaState=0, flags=0x80000008, repeatCount=0, eventTime=1512027, downTime=1511934, deviceId=0, source=0x301 }
D/InputEventConsistencyVerifier( 2224):   2: sent at 1511845000000, (unhandled) KeyEvent { action=ACTION_UP, keyCode=KEYCODE_DPAD_RIGHT, scanCode=106, metaState=0, flags=0x80000008, repeatCount=0, eventTime=1511845, downTime=1511731, deviceId=0, source=0x301 }
D/InputEventConsistencyVerifier( 2224):   3: sent at 1511604000000, (unhandled) KeyEvent { action=ACTION_UP, keyCode=KEYCODE_DPAD_RIGHT, scanCode=106, metaState=0, flags=0x80000008, repeatCount=0, eventTime=1511604, downTime=1511530, deviceId=0, source=0x301 }
D/InputEventConsistencyVerifier( 2224):   4: sent at 1510867000000, (unhandled) KeyEvent { action=ACTION_UP, keyCode=KEYCODE_DPAD_CENTER, scanCode=232, metaState=0, flags=0x80000008, repeatCount=0, eventTime=1510867, downTime=1510788, deviceId=0, source=0x301 }
D/InputEventConsistencyVerifier( 2224): KeyEvent: ACTION_UP but key was not down.
D/InputEventConsistencyVerifier( 2224):   in com.android.internal.policy.impl.PhoneWindow$DecorView{b2ef5398 V.E..... R....... 0,0-800,1280}
D/InputEventConsistencyVerifier( 2224):   0: sent at 1777916000000, KeyEvent { action=ACTION_UP, keyCode=KEYCODE_DPAD_RIGHT, scanCode=106, metaState=0, flags=0x8, repeatCount=0, eventTime=1777916, downTime=1777802, deviceId=0, source=0x301 }
D/InputEventConsistencyVerifier( 2224):   -- recent events --
D/InputEventConsistencyVerifier( 2224):   1: sent at 1777626000000, (unhandled) KeyEvent { action=ACTION_UP, keyCode=KEYCODE_DPAD_RIGHT, scanCode=106, metaState=0, flags=0x80000008, repeatCount=0, eventTime=1777626, downTime=1777520, deviceId=0, source=0x301 }
D/InputEventConsistencyVerifier( 2224):   2: sent at 1512027000000, (unhandled) KeyEvent { action=ACTION_UP, keyCode=KEYCODE_DPAD_RIGHT, scanCode=106, metaState=0, flags=0x80000008, repeatCount=0, eventTime=1512027, downTime=1511934, deviceId=0, source=0x301 }
D/InputEventConsistencyVerifier( 2224):   3: sent at 1511845000000, (unhandled) KeyEvent { action=ACTION_UP, keyCode=KEYCODE_DPAD_RIGHT, scanCode=106, metaState=0, flags=0x80000008, repeatCount=0, eventTime=1511845, downTime=1511731, deviceId=0, source=0x301 }
D/InputEventConsistencyVerifier( 2224):   4: sent at 1511604000000, (unhandled) KeyEvent { action=ACTION_UP, keyCode=KEYCODE_DPAD_RIGHT, scanCode=106, metaState=0, flags=0x80000008, repeatCount=0, eventTime=1511604, downTime=1511530, deviceId=0, source=0x301 }
D/InputEventConsistencyVerifier( 2224):   5: sent at 1510867000000, (unhandled) KeyEvent { action=ACTION_UP, keyCode=KEYCODE_DPAD_CENTER, scanCode=232, metaState=0, flags=0x80000008, repeatCount=0, eventTime=1510867, downTime=1510788, deviceId=0, source=0x301 }
D/InputEventConsistencyVerifier( 2224): KeyEvent: ACTION_UP but key was not down.
D/InputEventConsistencyVerifier( 2224):   in com.android.internal.policy.impl.PhoneWindow$DecorView{b2ef5398 V.E..... R......D 0,0-800,1280}
D/InputEventConsistencyVerifier( 2224):   0: sent at 1778116000000, KeyEvent { action=ACTION_UP, keyCode=KEYCODE_DPAD_RIGHT, scanCode=106, metaState=0, flags=0x8, repeatCount=0, eventTime=1778116, downTime=1778005, deviceId=0, source=0x301 }
D/InputEventConsistencyVerifier( 2224):   -- recent events --
D/InputEventConsistencyVerifier( 2224):   1: sent at 1777916000000, (unhandled) KeyEvent { action=ACTION_UP, keyCode=KEYCODE_DPAD_RIGHT, scanCode=106, metaState=0, flags=0x80000008, repeatCount=0, eventTime=1777916, downTime=1777802, deviceId=0, source=0x301 }
D/InputEventConsistencyVerifier( 2224):   2: sent at 1777626000000, (unhandled) KeyEvent { action=ACTION_UP, keyCode=KEYCODE_DPAD_RIGHT, scanCode=106, metaState=0, flags=0x80000008, repeatCount=0, eventTime=1777626, downTime=1777520, deviceId=0, source=0x301 }
D/InputEventConsistencyVerifier( 2224):   3: sent at 1512027000000, (unhandled) KeyEvent { action=ACTION_UP, keyCode=KEYCODE_DPAD_RIGHT, scanCode=106, metaState=0, flags=0x80000008, repeatCount=0, eventTime=1512027, downTime=1511934, deviceId=0, source=0x301 }
D/InputEventConsistencyVerifier( 2224):   4: sent at 1511845000000, (unhandled) KeyEvent { action=ACTION_UP, keyCode=KEYCODE_DPAD_RIGHT, scanCode=106, metaState=0, flags=0x80000008, repeatCount=0, eventTime=1511845, downTime=1511731, deviceId=0, source=0x301 }
D/InputEventConsistencyVerifier( 2224):   5: sent at 1511604000000, (unhandled) KeyEvent { action=ACTION_UP, keyCode=KEYCODE_DPAD_RIGHT, scanCode=106, metaState=0, flags=0x80000008, repeatCount=0, eventTime=1511604, downTime=1511530, deviceId=0, source=0x301 }
D/InputEventConsistencyVerifier( 2224): KeyEvent: ACTION_UP but key was not down.
D/InputEventConsistencyVerifier( 2224):   in com.android.internal.policy.impl.PhoneWindow$DecorView{b2ef5398 V.E..... R....... 0,0-800,1280}
D/InputEventConsistencyVerifier( 2224):   0: sent at 1780627000000, KeyEvent { action=ACTION_UP, keyCode=KEYCODE_DPAD_LEFT, scanCode=105, metaState=0, flags=0x8, repeatCount=0, eventTime=1780627, downTime=1780535, deviceId=0, source=0x301 }
D/InputEventConsistencyVerifier( 2224):   -- recent events --
D/InputEventConsistencyVerifier( 2224):   1: sent at 1778116000000, (unhandled) KeyEvent { action=ACTION_UP, keyCode=KEYCODE_DPAD_RIGHT, scanCode=106, metaState=0, flags=0x80000008, repeatCount=0, eventTime=1778116, downTime=1778005, deviceId=0, source=0x301 }
D/InputEventConsistencyVerifier( 2224):   2: sent at 1777916000000, (unhandled) KeyEvent { action=ACTION_UP, keyCode=KEYCODE_DPAD_RIGHT, scanCode=106, metaState=0, flags=0x80000008, repeatCount=0, eventTime=1777916, downTime=1777802, deviceId=0, source=0x301 }
D/InputEventConsistencyVerifier( 2224):   3: sent at 1777626000000, (unhandled) KeyEvent { action=ACTION_UP, keyCode=KEYCODE_DPAD_RIGHT, scanCode=106, metaState=0, flags=0x80000008, repeatCount=0, eventTime=1777626, downTime=1777520, deviceId=0, source=0x301 }
